/bin/mkdir -p /var/mobile/Library/DoorbellT35UIKit; chown mobile:mobile /var/mobile/Library/DoorbellT35UIKit; /bin/rm -f /var/mobile/Library/DoorbellT35UIKit/result.json

exit=0
killall DoorbellT35UIKit 2>/dev/null || true; /bin/mkdir -p /Applications/DoorbellT35UIKit.stage

exit=0
/bin/rm -rf /Applications/DoorbellT35UIKit.app; /bin/mv /Applications/DoorbellT35UIKit.stage/DoorbellT35UIKit.app /Applications/DoorbellT35UIKit.app; /bin/rmdir /Applications/DoorbellT35UIKit.stage

exit=0
chown -R mobile:mobile /Applications/DoorbellT35UIKit.app; /bin/chmod 755 /Applications/DoorbellT35UIKit.app/DoorbellT35UIKit; su mobile -c /usr/bin/uicache
No matching processes belonging to you were found

exit=0
if [ -S /var/run/doorbell-keepalive.sock ]; then /usr/local/libexec/doorbell-keepalive --control begin --seconds 180 --socket /var/run/doorbell-keepalive.sock; fi; su mobile -c "/usr/bin/uiopen doorbell-t35-test://"; /bin/launchctl list | /bin/grep t35 || true
{"ok":true}
30382	-	UIKitApplication:jp.ox.doorbell.t35uitest[0xfec8]

exit=0
/bin/launchctl list | /bin/grep -E "doorbell|t35"; /bin/ls -l /var/mobile/Library/DoorbellT35UIKit; /bin/cat /var/mobile/Library/DoorbellT35UIKit/result.json /var/mobile/Library/DoorbellT35UIKit/launch.log
30245	-	UIKitApplication:jp.ox.doorbell[0x1d44]
19	-	jp.ox.doorbell.keepalive
total 360
-rw-r--r-- 1 mobile mobile 19110 Sep 23 02:42 01-purpose-first-ringing.json
-rw-r--r-- 1 mobile mobile 33911 Sep 23 02:42 01-purpose-first-ringing.png
-rw-r--r-- 1 mobile mobile 33649 Sep 23 02:42 01-ring-first-chooser.json
-rw-r--r-- 1 mobile mobile 53099 Sep 23 02:42 01-ring-first-chooser.png
-rw-r--r-- 1 mobile mobile 19082 Sep 23 02:42 02-connected.json
-rw-r--r-- 1 mobile mobile 26499 Sep 23 02:42 02-connected.png
-rw-r--r-- 1 mobile mobile 19091 Sep 23 02:37 03-emergency.json
-rw-r--r-- 1 mobile mobile 30102 Sep 23 02:37 03-emergency.png
-rw-r--r-- 1 mobile mobile 19090 Sep 23 02:37 03-network-failure.json
-rw-r--r-- 1 mobile mobile 49436 Sep 23 02:37 03-network-failure.png
-rw-r--r-- 1 mobile mobile     0 Sep 23 02:41 launch.log
-rw-r--r-- 1 mobile mobile  2778 Sep 23 02:42 progress.json
/bin/cat: /var/mobile/Library/DoorbellT35UIKit/result.json: No such file or directory

exit=1
