09-23 01:12:52 I [node] addr-detect: local v4=1 all=6 route=10.10.38.24 advertise=10.10.38.24:21315
09-23 01:12:52 I [httpd] listening on 25742,[::]:25742
09-23 01:12:52 D [store] event pruning refused because no replicated coverage snapshot exists
09-23 01:12:52 I [node] node f2633f7e (doorbell) started
09-23 01:12:52 I [node] initialized the cluster administrator password
09-23 01:12:54 I [httpd] stopped
09-23 01:12:54 I [node] addr-detect: local v4=1 all=6 route=10.10.38.24 advertise=10.10.38.24:30353
09-23 01:12:54 I [httpd] listening on 25731,[::]:25731
09-23 01:12:54 D [store] event pruning refused because no replicated coverage snapshot exists
09-23 01:12:54 I [node] node 76be5433 (doorbell) started
09-23 01:12:54 I [node] initialized the cluster administrator password
09-23 01:12:56 I [httpd] stopped
[doctest] doctest version is "2.4.11"
[doctest] run with "--help" for options
===============================================================================
/Users/ox/Documents/project/app-doorbell/build/remediation-t27-notice-20260923/green-source/core/tests/test_admin_api.cpp:2745:
TEST CASE:  notice CAS: stale administrators cannot replace a newer notice and Core owns its time

/Users/ox/Documents/project/app-doorbell/build/remediation-t27-notice-20260923/green-source/core/tests/test_admin_api.cpp:2761: FATAL ERROR: REQUIRE( first.find("HTTP/1.1 200") == 0 ) is NOT correct!
  values: REQUIRE( 18446744073709551615 == 0 )

===============================================================================
[doctest] test cases:   2 |   1 passed | 1 failed | 475 skipped
[doctest] assertions: 108 | 107 passed | 1 failed |
[doctest] Status: FAILURE!
