09-23 01:12:52 I [node] addr-detect: local v4=1 all=6 route=10.10.38.24 advertise=10.10.38.24:23427
09-23 01:12:52 I [httpd] listening on 31445,[::]:31445
09-23 01:12:52 D [store] event pruning refused because no replicated coverage snapshot exists
09-23 01:12:52 I [node] node 3e665033 (doorbell) started
09-23 01:12:52 I [node] initialized the cluster administrator password
[doctest] doctest version is "2.4.11"
[doctest] run with "--help" for options
===============================================================================
/Users/ox/Documents/project/app-doorbell/build/remediation-t27-notice-20260923/red-source/core/tests/test_admin_api.cpp:2745:
TEST CASE:  notice CAS: stale administrators cannot replace a newer notice and Core owns its time

/Users/ox/Documents/project/app-doorbell/build/remediation-t27-notice-20260923/red-source/core/tests/test_admin_api.cpp:2764: ERROR: CHECK( json::getString(result.get(), "revision") == casRevision(node) ) is NOT correct!
  values: CHECK(  == a482cf091e092dff3aaea9ad01301c4f:bf1aad88f5f1b5cfd7c8de7514957e4e6a8a4e82b329d57e6e93ce5a34615781 )

/Users/ox/Documents/project/app-doorbell/build/remediation-t27-notice-20260923/red-source/core/tests/test_admin_api.cpp:2778: ERROR: CHECK( stale.find("HTTP/1.1 409") == 0 ) is NOT correct!
  values: CHECK( 18446744073709551615 == 0 )

/Users/ox/Documents/project/app-doorbell/build/remediation-t27-notice-20260923/red-source/core/tests/test_admin_api.cpp:2779: ERROR: CHECK( json::getString(bodyJson(stale).get(), "error_code") == "config_conflict" ) is NOT correct!
  values: CHECK(  == config_conflict )

/Users/ox/Documents/project/app-doorbell/build/remediation-t27-notice-20260923/red-source/core/tests/test_admin_api.cpp:2780: ERROR: CHECK( node.configJson() == before ) is NOT correct!
  values: CHECK( {"admin":{"password_hash":{"salt":"0d4c4a493d644a6b825ed016e7df5915","hash":"a927583146ececebd078dcab6df44785320b9c24706e84bd79a6e0c677713510","algo":"blake2b-256","updated_ms":1790093572035}},"audio":{"volume":{"call":80,"idle":60,"sos":100}},"devices":{"3e66503384bbabfeebec5945f1d42b46":{"name":"doorbell","role":"door_station"}},"doors":{"front":{"name":"Front"}},"emergency":{"trigger":{"countdown_s":3,"mode":"slide"}},"integrations":{"tz_offset_min":540},"notice":{"global":{"text":"Stale administrator","from_device":"3e66503384bbabfeebec5945f1d42b46","created_ms":1790093572041,"expires_ms":1790093632041},"presets":[{"id":"np_absent","text":"不在です。荷物は玄関前へお願いします"},{"id":"np_back_door","text":"裏口へお回りください"},{"id":"np_construction","text":"工事中です。足元にご注意ください"}]},"quick_replies":{"qr_away":{"label":{"ja":"ただいま留守にしています","en":"We are away right now","zh":"现在不在家"},"speak":true,"order":1},"qr_no":{"label":{"ja":"結構です","en":"Not interested","zh":"不需要，谢谢"},"speak":true,"order":2},"qr_wait":{"label":{"ja":"少々お待ちください","en":"One moment please","zh":"请稍等"},"speak":true,"order":4},"qr_wrong":{"label":{"ja":"お間違いのようです","en":"Wrong address","zh":"您可能找错地方了"},"speak":true,"order":3}},"reply":{"display_ttl_s":30},"schema_version":1,"time":{"ntp":{"enabled":false,"interval_s":86400,"servers":["ntp.nict.jp","time.google.com"]},"zone":"Asia/Tokyo"},"trigger_rules":{"r_missed_call_default":{"enabled":true,"when":{"type":"call_missed"},"actions":[{"type":"device_alert","targets":{"roles":["indoor_panel"],"web_profiles":"all"},"channels":["in_app","system_notification","web_push"],"presentation":{"visual":true,"sticky":false,"ttl_s":30}}]},"r_sos_default_off":{"enabled":true,"when":{"type":"emergency_off"},"actions":[{"type":"device_alert","targets":{"roles":"all","web_profiles":"all"},"channels":["in_app","system_notification","web_push"],"never_suppress":true,"presentation":{"visual":true,"sticky":false,"ttl_s":10}},{"type":"telegram","never_suppress":true,"households":"all"}]},"r_sos_default_on":{"enabled":true,"when":{"type":"emergency_on"},"actions":[{"type":"device_alert","targets":{"roles":"all","web_profiles":"all"},"channels":["in_app","system_notification","web_push"],"never_suppress":true,"presentation":{"visual":true,"sticky":true,"ttl_s":0}},{"type":"telegram","never_suppress":true,"households":"all"}]}},"ui":{"button_sound":"button_click","call_flow":"purpose_first","call_sound":"outdoor_call_alert","call_sound_loop":false,"call_ttl_s":60,"languages":["ja","en","zh"],"launch_sound":"title_display","ringtone":"school_chime","update_sound":"indoor_update","visitor_lang_revert_s":60},"visit_purposes":{"p_delivery":{"label":{"ja":"宅配便","en":"Delivery","zh":"快递"},"icon":"📦","order":2},"p_mail":{"label":{"ja":"郵便","en":"Mail","zh":"邮件"},"icon":"✉️","order":3},"p_other":{"label":{"ja":"その他","en":"Other","zh":"其他"},"icon":"❓","order":6},"p_sales":{"label":{"ja":"営業・集金","en":"Sales","zh":"推销/收费"},"icon":"💼","order":4},"p_visit":{"label":{"ja":"訪問","en":"Visit","zh":"访客"},"icon":"🏠","order":1},"p_work":{"label":{"ja":"検針・工事","en":"Utility","zh":"检修/施工"},"icon":"🔧","order":5}}} == {"admin":{"password_hash":{"salt":"0d4c4a493d644a6b825ed016e7df5915","hash":"a927583146ececebd078dcab6df44785320b9c24706e84bd79a6e0c677713510","algo":"blake2b-256","updated_ms":1790093572035}},"audio":{"volume":{"call":80,"idle":60,"sos":100}},"devices":{"3e66503384bbabfeebec5945f1d42b46":{"name":"doorbell","role":"door_station"}},"doors":{"front":{"name":"Front"}},"emergency":{"trigger":{"countdown_s":3,"mode":"slide"}},"integrations":{"tz_offset_min":540},"notice":{"global":{"text":"First administrator","from_device":"3e66503384bbabfeebec5945f1d42b46","created_ms":1790093572038,"expires_ms":1790093632038},"presets":[{"id":"np_absent","text":"不在です。荷物は玄関前へお願いします"},{"id":"np_back_door","text":"裏口へお回りください"},{"id":"np_construction","text":"工事中です。足元にご注意ください"}]},"quick_replies":{"qr_away":{"label":{"ja":"ただいま留守にしています","en":"We are away right now","zh":"现在不在家"},"speak":true,"order":1},"qr_no":{"label":{"ja":"結構です","en":"Not interested","zh":"不需要，谢谢"},"speak":true,"order":2},"qr_wait":{"label":{"ja":"少々お待ちください","en":"One moment please","zh":"请稍等"},"speak":true,"order":4},"qr_wrong":{"label":{"ja":"お間違いのようです","en":"Wrong address","zh":"您可能找错地方了"},"speak":true,"order":3}},"reply":{"display_ttl_s":30},"schema_version":1,"time":{"ntp":{"enabled":false,"interval_s":86400,"servers":["ntp.nict.jp","time.google.com"]},"zone":"Asia/Tokyo"},"trigger_rules":{"r_missed_call_default":{"enabled":true,"when":{"type":"call_missed"},"actions":[{"type":"device_alert","targets":{"roles":["indoor_panel"],"web_profiles":"all"},"channels":["in_app","system_notification","web_push"],"presentation":{"visual":true,"sticky":false,"ttl_s":30}}]},"r_sos_default_off":{"enabled":true,"when":{"type":"emergency_off"},"actions":[{"type":"device_alert","targets":{"roles":"all","web_profiles":"all"},"channels":["in_app","system_notification","web_push"],"never_suppress":true,"presentation":{"visual":true,"sticky":false,"ttl_s":10}},{"type":"telegram","never_suppress":true,"households":"all"}]},"r_sos_default_on":{"enabled":true,"when":{"type":"emergency_on"},"actions":[{"type":"device_alert","targets":{"roles":"all","web_profiles":"all"},"channels":["in_app","system_notification","web_push"],"never_suppress":true,"presentation":{"visual":true,"sticky":true,"ttl_s":0}},{"type":"telegram","never_suppress":true,"households":"all"}]}},"ui":{"button_sound":"button_click","call_flow":"purpose_first","call_sound":"outdoor_call_alert","call_sound_loop":false,"call_ttl_s":60,"languages":["ja","en","zh"],"launch_sound":"title_display","ringtone":"school_chime","update_sound":"indoor_update","visitor_lang_revert_s":60},"visit_purposes":{"p_delivery":{"label":{"ja":"宅配便","en":"Delivery","zh":"快递"},"icon":"📦","order":2},"p_mail":{"label":{"ja":"郵便","en":"Mail","zh":"邮件"},"icon":"✉️","order":3},"p_other":{"label":{"ja":"その他","en":"Other","zh":"其他"},"icon":"❓","order":6},"p_sales":{"label":{"ja":"営業・集金","en":"Sales","zh":"推销/收费"},"icon":"💼","order":4},"p_visit":{"label":{"ja":"訪問","en":"Visit","zh":"访客"},"icon":"🏠","order":1},"p_work":{"label":{"ja":"検針・工事","en":"Utility","zh":"检修/施工"},"icon":"🔧","order":5}}} )

/Users/ox/Documents/project/app-doorbell/build/remediation-t27-notice-20260923/red-source/core/tests/test_admin_api.cpp:2764: ERROR: CHECK( json::getString(result.get(), "revision") == casRevision(node) ) is NOT correct!
  values: CHECK(  == a482cf091e092dff3aaea9ad01301c4f:5368705ef76ec3c6f6d0f6bfee7ff456ecca4cb20498fda2d07b24245e9cf062 )

/Users/ox/Documents/project/app-doorbell/build/remediation-t27-notice-20260923/red-source/core/tests/test_admin_api.cpp:2778: ERROR: CHECK( stale.find("HTTP/1.1 409") == 0 ) is NOT correct!
  values: CHECK( 18446744073709551615 == 0 )

/Users/ox/Documents/project/app-doorbell/build/remediation-t27-notice-20260923/red-source/core/tests/test_admin_api.cpp:2779: ERROR: CHECK( json::getString(bodyJson(stale).get(), "error_code") == "config_conflict" ) is NOT correct!
  values: CHECK(  == config_conflict )

/Users/ox/Documents/project/app-doorbell/build/remediation-t27-notice-20260923/red-source/core/tests/test_admin_api.cpp:2780: ERROR: CHECK( node.configJson() == before ) is NOT correct!
  values: CHECK( {"admin":{"password_hash":{"salt":"0d4c4a493d644a6b825ed016e7df5915","hash":"a927583146ececebd078dcab6df44785320b9c24706e84bd79a6e0c677713510","algo":"blake2b-256","updated_ms":1790093572035}},"audio":{"volume":{"call":80,"idle":60,"sos":100}},"devices":{"3e66503384bbabfeebec5945f1d42b46":{"name":"doorbell","role":"door_station"}},"doors":{"front":{"name":"Front","notice":{"text":"Stale administrator","from_device":"3e66503384bbabfeebec5945f1d42b46","created_ms":1790093572046,"expires_ms":1790093632046}}},"emergency":{"trigger":{"countdown_s":3,"mode":"slide"}},"integrations":{"tz_offset_min":540},"notice":{"global":{"text":"Stale administrator","from_device":"3e66503384bbabfeebec5945f1d42b46","created_ms":1790093572041,"expires_ms":1790093632041},"presets":[{"id":"np_absent","text":"不在です。荷物は玄関前へお願いします"},{"id":"np_back_door","text":"裏口へお回りください"},{"id":"np_construction","text":"工事中です。足元にご注意ください"}]},"quick_replies":{"qr_away":{"label":{"ja":"ただいま留守にしています","en":"We are away right now","zh":"现在不在家"},"speak":true,"order":1},"qr_no":{"label":{"ja":"結構です","en":"Not interested","zh":"不需要，谢谢"},"speak":true,"order":2},"qr_wait":{"label":{"ja":"少々お待ちください","en":"One moment please","zh":"请稍等"},"speak":true,"order":4},"qr_wrong":{"label":{"ja":"お間違いのようです","en":"Wrong address","zh":"您可能找错地方了"},"speak":true,"order":3}},"reply":{"display_ttl_s":30},"schema_version":1,"time":{"ntp":{"enabled":false,"interval_s":86400,"servers":["ntp.nict.jp","time.google.com"]},"zone":"Asia/Tokyo"},"trigger_rules":{"r_missed_call_default":{"enabled":true,"when":{"type":"call_missed"},"actions":[{"type":"device_alert","targets":{"roles":["indoor_panel"],"web_profiles":"all"},"channels":["in_app","system_notification","web_push"],"presentation":{"visual":true,"sticky":false,"ttl_s":30}}]},"r_sos_default_off":{"enabled":true,"when":{"type":"emergency_off"},"actions":[{"type":"device_alert","targets":{"roles":"all","web_profiles":"all"},"channels":["in_app","system_notification","web_push"],"never_suppress":true,"presentation":{"visual":true,"sticky":false,"ttl_s":10}},{"type":"telegram","never_suppress":true,"households":"all"}]},"r_sos_default_on":{"enabled":true,"when":{"type":"emergency_on"},"actions":[{"type":"device_alert","targets":{"roles":"all","web_profiles":"all"},"channels":["in_app","system_notification","web_push"],"never_suppress":true,"presentation":{"visual":true,"sticky":true,"ttl_s":0}},{"type":"telegram","never_suppress":true,"households":"all"}]}},"ui":{"button_sound":"button_click","call_flow":"purpose_first","call_sound":"outdoor_call_alert","call_sound_loop":false,"call_ttl_s":60,"languages":["ja","en","zh"],"launch_sound":"title_display","ringtone":"school_chime","update_sound":"indoor_update","visitor_lang_revert_s":60},"visit_purposes":{"p_delivery":{"label":{"ja":"宅配便","en":"Delivery","zh":"快递"},"icon":"📦","order":2},"p_mail":{"label":{"ja":"郵便","en":"Mail","zh":"邮件"},"icon":"✉️","order":3},"p_other":{"label":{"ja":"その他","en":"Other","zh":"其他"},"icon":"❓","order":6},"p_sales":{"label":{"ja":"営業・集金","en":"Sales","zh":"推销/收费"},"icon":"💼","order":4},"p_visit":{"label":{"ja":"訪問","en":"Visit","zh":"访客"},"icon":"🏠","order":1},"p_work":{"label":{"ja":"検針・工事","en":"Utility","zh":"检修/施工"},"icon":"🔧","order":5}}} == {"admin":{"password_hash":{"salt":"0d4c4a493d644a6b825ed016e7df5915","hash":"a927583146ececebd078dcab6df44785320b9c24706e84bd79a6e0c677713510","algo":"blake2b-256","updated_ms":1790093572035}},"audio":{"volume":{"call":80,"idle":60,"sos":100}},"devices":{"3e66503384bbabfeebec5945f1d42b46":{"name":"doorbell","role":"door_station"}},"doors":{"front":{"name":"Front","notice":{"text":"First administrator","from_device":"3e66503384bbabfeebec5945f1d42b46","created_ms":1790093572043,"expires_ms":1790093632043}}},"emergency":{"trigger":{"countdown_s":3,"mode":"slide"}},"integrations":{"tz_offset_min":540},"notice":{"global":{"text":"Stale administrator","from_device":"3e66503384bbabfeebec5945f1d42b46","created_ms":1790093572041,"expires_ms":1790093632041},"presets":[{"id":"np_absent","text":"不在です。荷物は玄関前へお願いします"},{"id":"np_back_door","text":"裏口へお回りください"},{"id":"np_construction","text":"工事中です。足元にご注意ください"}]},"quick_replies":{"qr_away":{"label":{"ja":"ただいま留守にしています","en":"We are away right now","zh":"现在不在家"},"speak":true,"order":1},"qr_no":{"label":{"ja":"結構です","en":"Not interested","zh":"不需要，谢谢"},"speak":true,"order":2},"qr_wait":{"label":{"ja":"少々お待ちください","en":"One moment please","zh":"请稍等"},"speak":true,"order":4},"qr_wrong":{"label":{"ja":"お間違いのようです","en":"Wrong address","zh":"您可能找错地方了"},"speak":true,"order":3}},"reply":{"display_ttl_s":30},"schema_version":1,"time":{"ntp":{"enabled":false,"interval_s":86400,"servers":["ntp.nict.jp","time.google.com"]},"zone":"Asia/Tokyo"},"trigger_rules":{"r_missed_call_default":{"enabled":true,"when":{"type":"call_missed"},"actions":[{"type":"device_alert","targets":{"roles":["indoor_panel"],"web_profiles":"all"},"channels":["in_app","system_notification","web_push"],"presentation":{"visual":true,"sticky":false,"ttl_s":30}}]},"r_sos_default_off":{"enabled":true,"when":{"type":"emergency_off"},"actions":[{"type":"device_alert","targets":{"roles":"all","web_profiles":"all"},"channels":["in_app","system_notification","web_push"],"never_suppress":true,"presentation":{"visual":true,"sticky":false,"ttl_s":10}},{"type":"telegram","never_suppress":true,"households":"all"}]},"r_sos_default_on":{"enabled":true,"when":{"type":"emergency_on"},"actions":[{"type":"device_alert","targets":{"roles":"all","web_profiles":"all"},"channels":["in_app","system_notification","web_push"],"never_suppress":true,"presentation":{"visual":true,"sticky":true,"ttl_s":0}},{"type":"telegram","never_suppress":true,"households":"all"}]}},"ui":{"button_sound":"button_click","call_flow":"purpose_first","call_sound":"outdoor_call_alert","call_sound_loop":false,"call_ttl_s":60,"languages":["ja","en","zh"],"launch_sound":"title_display","ringtone":"school_chime","update_sound":"indoor_update","visitor_lang_revert_s":60},"visit_purposes":{"p_delivery":{"label":{"ja":"宅配便","en":"Delivery","zh":"快递"},"icon":"📦","order":2},"p_mail":{"label":{"ja":"郵便","en":"Mail","zh":"邮件"},"icon":"✉️","order":3},"p_other":{"label":{"ja":"その他","en":"Other","zh":"其他"},"icon":"❓","order":6},"p_sales":{"label":{"ja":"営業・集金","en":"Sales","zh":"推销/收费"},"icon":"💼","order":4},"p_visit":{"label":{"ja":"訪問","en":"Visit","zh":"访客"},"icon":"🏠","order":1},"p_work":{"label":{"ja":"検針・工事","en":"Utility","zh":"检修/施工"},"icon":"🔧","order":5}}09-23 01:12:54 I [httpd] stopped
09-23 01:12:54 I [node] addr-detect: local v4=1 all=6 route=10.10.38.24 advertise=10.10.38.24:25627
09-23 01:12:54 I [httpd] listening on 28738,[::]:28738
09-23 01:12:54 D [store] event pruning refused because no replicated coverage snapshot exists
09-23 01:12:54 I [node] node 7b4be980 (doorbell) started
09-23 01:12:54 I [node] initialized the cluster administrator password
} )

===============================================================================
/Users/ox/Documents/project/app-doorbell/build/remediation-t27-notice-20260923/red-source/core/tests/test_admin_api.cpp:2785:
TEST CASE:  notice CAS: conditional writes require admin intent and reject client timestamps

/Users/ox/Documents/project/app-doorbell/build/remediation-t27-notice-20260923/red-source/core/tests/test_admin_api.cpp:2801: ERROR: CHECK( adminReq(options.http_port, "POST", path, json::dump(body.get()), session) .find("HTTP/1.1 403") == 0 ) is NOT correct!
  values: CHECK( 18446744073709551615 == 0 )

/Users/ox/Documents/project/app-doorbell/build/remediation-t27-notice-20260923/red-source/core/tests/test_admin_api.cpp:2804: ERROR: CHECK( adminReq(options.http_port, "POST", path, json::dump(body.get()), session, "Origin: http://untrusted.invalid\r\nX-Doorbell-CSRF: " + csrf + "\r\n") .find("HTTP/1.1 403") == 0 ) is NOT correct!
  values: CHECK( 18446744073709551615 == 0 )

/Users/ox/Documents/project/app-doorbell/build/remediation-t27-notice-20260923/red-source/core/tests/test_admin_api.cpp:2808: ERROR: CHECK( adminReq(options.http_port, "POST", path, json::dump(body.get()), session, headers) .find("HTTP/1.1 400") == 0 ) is NOT correct!
  values: CHECK( 18446744073709551615 == 0 )

/Users/ox/Documents/project/app-doorbell/build/remediation-t27-notice-20260923/red-source/core/tests/test_admin_api.cpp:2808: ERROR: CHECK( adminReq(options.http_port, "POST", path, json::dump(body.get()), session, headers) .find("HTTP/1.1 400") == 0 ) is NOT correct!
  values: CHECK( 18446744073709551615 == 0 )

/Users/ox/Documents/project/app-doorbell/build/remediation-t27-notice-20260923/red-source/core/tests/test_admin_api.cpp:2808: ERROR: CHECK( adminReq(options.http_port, "POST", path, json::dump(body.get()), session, headers) .find("HTTP/1.1 400") == 0 ) is NOT correct!
  values: CHECK( 18446744073709551615 == 0 )

/Users/ox/Documents/project/app-doorbell/build/remediation-t27-notice-20260923/red-source/core/tests/test_admin_api.cpp:2814: ERROR: CHECK( adminReq(options.http_port, "POST", path, json::dump(body.get()), session, headers) .find("HTTP/1.1 400") == 0 ) is NOT correct!
  values: CHECK( 18446744073709551615 == 0 )

/Users/ox/Documents/project/app-doorbell/build/remediation-t27-notice-20260923/red-source/core/tests/test_admin_api.cpp:2814: ERROR: CHECK( adminReq(options.http_port, "POST", path, json::dump(body.get()), session, headers) .find("HTTP/1.1 400") == 0 ) is NOT correct!
  values: CHECK( 18446744073709551615 == 0 )

/Users/ox/Documents/project/app-doorbell/build/remediation-t27-notice-20260923/red-source/core/tests/test_admin_api.cpp:2814: ERROR: CHECK( adminReq(options.http_port, "POST", path, json::dump(body.get()), session, headers) .find("HTTP/1.1 400") == 0 ) is NOT correct!
  values: CHECK( 18446744073709551615 == 0 )

/Users/ox/Documents/project/app-doorbell/build/remediation-t27-notice-20260923/red-source/core/tests/test_admin_api.cpp:2814: ERROR: CHECK( adminReq(options.http_port, "POST", path, json::dump(body.get()), session, headers) .find("HTTP/1.1 400") == 0 ) is NOT correct!
  values: CHECK( 18446744073709551615 == 0 )

/Users/ox/Documents/project/app-doorbell/build/remediation-t27-notice-20260923/red-source/core/tests/test_admin_api.cpp:2814: ERROR: CHECK( adminReq(options.http_port, "POST", path, json::dump(body.get()), session, headers) .find("HTTP/1.1 400") == 0 ) is NOT correct!
  values: CHECK( 18446744073709551615 == 0 )

/Users/ox/Documents/project/app-doorbell/build/remediation-t27-notice-20260923/red-source/core/tests/test_admin_api.cpp:2816: ERROR: CHECK( casRevision(node) == revision ) is NOT correct!
  values: CHECK( b2f5ade5b64a2955cacae8f3e8d4d2aa:aaec84f47fd6d4c2eac286caa2c1e39dcd7ac8b9186f79b17e4b31569d5c89c5 == b2f5ade5b64a2955cacae8f3e8d4d2aa:b6ea7d417a341e892e038829de7548d014389dd3d0d619563d3b9d9bda081a88 )

/Users/ox/Documents/project/app-doorbell/build/remediation-t27-notice-20260923/red-source/core/tests/test_admin_api.cpp:2801: ERROR: CHECK( adminReq(options.http_port, "POST", pat09-23 01:12:56 I [httpd] stopped
h, json::dump(body.get()), session) .find("HTTP/1.1 403") == 0 ) is NOT correct!
  values: CHECK( 18446744073709551615 == 0 )

/Users/ox/Documents/project/app-doorbell/build/remediation-t27-notice-20260923/red-source/core/tests/test_admin_api.cpp:2804: ERROR: CHECK( adminReq(options.http_port, "POST", path, json::dump(body.get()), session, "Origin: http://untrusted.invalid\r\nX-Doorbell-CSRF: " + csrf + "\r\n") .find("HTTP/1.1 403") == 0 ) is NOT correct!
  values: CHECK( 18446744073709551615 == 0 )

/Users/ox/Documents/project/app-doorbell/build/remediation-t27-notice-20260923/red-source/core/tests/test_admin_api.cpp:2808: ERROR: CHECK( adminReq(options.http_port, "POST", path, json::dump(body.get()), session, headers) .find("HTTP/1.1 400") == 0 ) is NOT correct!
  values: CHECK( 18446744073709551615 == 0 )

/Users/ox/Documents/project/app-doorbell/build/remediation-t27-notice-20260923/red-source/core/tests/test_admin_api.cpp:2808: ERROR: CHECK( adminReq(options.http_port, "POST", path, json::dump(body.get()), session, headers) .find("HTTP/1.1 400") == 0 ) is NOT correct!
  values: CHECK( 18446744073709551615 == 0 )

/Users/ox/Documents/project/app-doorbell/build/remediation-t27-notice-20260923/red-source/core/tests/test_admin_api.cpp:2808: ERROR: CHECK( adminReq(options.http_port, "POST", path, json::dump(body.get()), session, headers) .find("HTTP/1.1 400") == 0 ) is NOT correct!
  values: CHECK( 18446744073709551615 == 0 )

/Users/ox/Documents/project/app-doorbell/build/remediation-t27-notice-20260923/red-source/core/tests/test_admin_api.cpp:2814: ERROR: CHECK( adminReq(options.http_port, "POST", path, json::dump(body.get()), session, headers) .find("HTTP/1.1 400") == 0 ) is NOT correct!
  values: CHECK( 18446744073709551615 == 0 )

/Users/ox/Documents/project/app-doorbell/build/remediation-t27-notice-20260923/red-source/core/tests/test_admin_api.cpp:2814: ERROR: CHECK( adminReq(options.http_port, "POST", path, json::dump(body.get()), session, headers) .find("HTTP/1.1 400") == 0 ) is NOT correct!
  values: CHECK( 18446744073709551615 == 0 )

/Users/ox/Documents/project/app-doorbell/build/remediation-t27-notice-20260923/red-source/core/tests/test_admin_api.cpp:2814: ERROR: CHECK( adminReq(options.http_port, "POST", path, json::dump(body.get()), session, headers) .find("HTTP/1.1 400") == 0 ) is NOT correct!
  values: CHECK( 18446744073709551615 == 0 )

/Users/ox/Documents/project/app-doorbell/build/remediation-t27-notice-20260923/red-source/core/tests/test_admin_api.cpp:2814: ERROR: CHECK( adminReq(options.http_port, "POST", path, json::dump(body.get()), session, headers) .find("HTTP/1.1 400") == 0 ) is NOT correct!
  values: CHECK( 18446744073709551615 == 0 )

/Users/ox/Documents/project/app-doorbell/build/remediation-t27-notice-20260923/red-source/core/tests/test_admin_api.cpp:2814: ERROR: CHECK( adminReq(options.http_port, "POST", path, json::dump(body.get()), session, headers) .find("HTTP/1.1 400") == 0 ) is NOT correct!
  values: CHECK( 18446744073709551615 == 0 )

/Users/ox/Documents/project/app-doorbell/build/remediation-t27-notice-20260923/red-source/core/tests/test_admin_api.cpp:2816: ERROR: CHECK( casRevision(node) == revision ) is NOT correct!
  values: CHECK( b2f5ade5b64a2955cacae8f3e8d4d2aa:d24e88882c274fe48d56cf9153dcc9fef19175819adb37e56356f1b8ef0ab4bf == b2f5ade5b64a2955cacae8f3e8d4d2aa:b6ea7d417a341e892e038829de7548d014389dd3d0d619563d3b9d9bda081a88 )

===============================================================================
[doctest] test cases:   2 |   0 passed |  2 failed | 475 skipped
[doctest] assertions: 145 | 115 passed | 30 failed |
[doctest] Status: FAILURE!
