09-23 01:52:05 I [node] addr-detect: local v4=1 all=6 route=10.10.38.24 advertise=config-race-a
09-23 01:52:05 D [store] event pruning refused because no replicated coverage snapshot exists
09-23 01:52:05 I [node] node 23d3a139 (config-race-a) started
09-23 01:52:05 I [node] addr-detect: local v4=1 all=6 route=10.10.38.24 advertise=config-race-b
09-23 01:52:05 D [store] event pruning refused because no replicated coverage snapshot exists
09-23 01:52:05 I [node] node 6e53139c (config-race-b) started
09-23 01:52:06 I [node] addr-detect: local v4=1 all=6 route=10.10.38.24 advertise=config-race-a
09-23 01:52:06 D [store] event pruning refused because no replicated coverage snapshot exists
09-23 01:52:06 I [node] node 252d78a2 (config-race-a) started
09-23 01:52:06 I [node] addr-detect: local v4=1 all=6 route=10.10.38.24 advertise=config-race-b
09-23 01:52:06 D [store] event pruning refused because no replicated coverage snapshot exists
09-23 01:52:06 I [node] node 608c3062 (config-race-b) started
09-23 01:52:08 I [node] addr-detect: local v4=1 all=6 route=10.10.38.24 advertise=config-race-a
09-23 01:52:08 D [store] event pruning refused because no replicated coverage snapshot exists
09-23 01:52:08 I [node] node 046303f9 (config-race-a) started
09-23 01:52:08 I [node] addr-detect: local v4=1 all=6 route=10.10.38.24 advertise=config-race-b
09-23 01:52:08 D [store] event pruning refused because no replicated coverage snapshot exists
09-23 01:52:08 I [node] node 1568bf03 (config-race-b) started
[doctest] doctest version is "2.4.11"
[doctest] run with "--help" for options
===============================================================================
/Users/ox/Documents/project/app-doorbell/build/remediation-t28-20260923/green-r2-source/core/tests/test_config_conflicts.cpp:95:
TEST CASE:  config conflicts: explicit resolution references every head and does not remerge

/Users/ox/Documents/project/app-doorbell/build/remediation-t28-20260923/green-r2-source/core/tests/test_config_conflicts.cpp:106: FATAL ERROR: REQUIRE( json::getBool(resolved.get(), "ok") ) is NOT correct!
  values: REQUIRE( false )
  logged: json::dump(resolved.get()) := {"ok":false,"schema_version":2,"request_id":"9249a36b003fcc561ec30c317af2d933","error_code":"invalid_resolution","err":"invalid_resolution","retry_mode":"none","revision":"2fa195ef82178ee0407fe2ace73d07aa:5a0caa9ea8890d30ab1bc3b52f6d46e8c36f29947ca552a9168565a5a1509c3a"}

===============================================================================
[doctest] test cases:  2 |  1 passed | 1 failed | 493 skipped
[doctest] assertions: 37 | 36 passed | 1 failed |
[doctest] Status: FAILURE!
