09-23 02:16:30 I [node] addr-detect: local v4=1 all=6 route=10.10.38.24 advertise=review-a
09-23 02:16:30 D [store] event pruning refused because no replicated coverage snapshot exists
09-23 02:16:30 I [node] node 18b6f220 (review-a) started
09-23 02:16:30 I [node] addr-detect: local v4=1 all=6 route=10.10.38.24 advertise=review-b
09-23 02:16:30 D [store] event pruning refused because no replicated coverage snapshot exists
09-23 02:16:30 I [node] node 66fc2070 (review-b) started
09-23 02:16:30 I [node] addr-detect: local v4=1 all=6 route=10.10.38.24 advertise=review-a
09-23 02:16:30 D [store] event pruning refused because no replicated coverage snapshot exists
09-23 02:16:30 I [node] node 4d8a5730 (review-a) started
09-23 02:16:30 I [node] addr-detect: local v4=1 all=6 route=10.10.38.24 advertise=review-b
09-23 02:16:31 D [store] event pruning refused because no replicated coverage snapshot exists
09-23 02:16:31 I [node] node 6ae2515d (review-b) started
[doctest] doctest version is "2.4.11"
[doctest] run with "--help" for options
===============================================================================
/Users/ox/Documents/project/app-doorbell/build/remediation-t28-20260923/independent-review-red-r2/test_config_conflicts_review.cpp:96:
TEST CASE:  config conflict review: replicated records reject unknown fields and excessive parent metadata
  unknown record payload cannot leak into candidate history

/Users/ox/Documents/project/app-doorbell/build/remediation-t28-20260923/independent-review-red-r2/test_config_conflicts_review.cpp:100: ERROR: CHECK_FALSE( configEditRecordsValid({entry}) ) is NOT correct!
  values: CHECK_FALSE( true )

===============================================================================
/Users/ox/Documents/project/app-doorbell/build/remediation-t28-20260923/independent-review-red-r2/test_config_conflicts_review.cpp:96:
TEST CASE:  config conflict review: replicated records reject unknown fields and excessive parent metadata
  unknown operation payload cannot bypass scrubbing

/Users/ox/Documents/project/app-doorbell/build/remediation-t28-20260923/independent-review-red-r2/test_config_conflicts_review.cpp:106: ERROR: CHECK_FALSE( configEditRecordsValid({entry}) ) is NOT correct!
  values: CHECK_FALSE( true )

===============================================================================
/Users/ox/Documents/project/app-doorbell/build/remediation-t28-20260923/independent-review-red-r2/test_config_conflicts_review.cpp:96:
TEST CASE:  config conflict review: replicated records reject unknown fields and excessive parent metadata
  each field has at most two typed base versions

/Users/ox/Documents/project/app-doorbell/build/remediation-t28-20260923/independent-review-red-r2/test_config_conflicts_review.cpp:114: ERROR: CHECK_FALSE( configEditRecordsValid({entry}) ) is NOT correct!
  values: CHECK_FALSE( true )

===============================================================================
/Users/ox/Documents/project/app-doorbell/build/remediation-t28-20260923/independent-review-red-r2/test_config_conflicts_review.cpp:96:
TEST CASE:  config conflict review: replicated records reject unknown fields and excessive parent metadata
  base versions cannot be an arbitrary string

/Users/ox/Documents/project/app-doorbell/build/remediation-t28-20260923/independent-review-red-r2/test_config_conflicts_review.cpp:120: ERROR: CHECK_FALSE( configEditRecordsValid({entry}) ) is NOT correct!
  values: CHECK_FALSE( true )

===============================================================================
/Users/ox/Documents/project/app-doorbell/build/remediation-t28-20260923/independent-review-red-r2/test_config_conflicts_review.cpp:96:
TEST CASE:  config conflict review: replicated records reject unknown fields and excessive parent metadata
  changed fields remain bounded

/Users/ox/Documents/project/app-doorbell/build/remediation-t28-20260923/independent-review-red-r2/test_config_conflicts_review.cpp:128: ERROR: CHECK_FALSE( configEditRecordsValid({entry}) ) is NOT correct!
  values: CHECK_FALSE( true )

===============================================================================
/Users/ox/Documents/project/app-doorbell/build/remediation-t28-20260923/independent-review-red-r2/test_config_conflicts_review.cpp:132:
TEST CASE:  config conflict review: legacy public native setters retain partitioned intent

/Users/ox/Documents/project/app-doorbell/build/remediation-t28-20260923/independent-review-red-r2/test_config_conflicts_review.cpp:138: ERROR: CHECK( text.find("A native intent") != std::string::npos ) is NOT correct!
  values: CHECK( 18446744073709551615 != 18446744073709551615 )

/Users/ox/Documents/project/app-doorbell/build/remediation-t28-20260923/independent-review-red-r2/test_config_conflicts_review.cpp:139: ERROR: CHECK( text.find("B native intent") != std::string::npos ) is NOT correct!
  values: CHECK( 18446744073709551615 != 18446744073709551615 )

===============================================================================
/Users/ox/Documents/proje09-23 02:16:31 I [node] addr-detect: local v4=1 all=6 route=10.10.38.24 advertise=10.10.38.24:22568
09-23 02:16:31 I [httpd] listening on 28635,[::]:28635
09-23 02:16:31 D [store] event pruning refused because no replicated coverage snapshot exists
09-23 02:16:31 I [node] node 2bd6b052 (doorbell) started
09-23 02:16:31 I [node] initialized the cluster administrator password
09-23 02:16:33 I [httpd] stopped
09-23 02:16:33 I [node] addr-detect: local v4=1 all=6 route=10.10.38.24 advertise=review-a
09-23 02:16:33 D [store] event pruning refused because no replicated coverage snapshot exists
09-23 02:16:33 I [node] node 36853bda (review-a) started
09-23 02:16:33 I [node] addr-detect: local v4=1 all=6 route=10.10.38.24 advertise=review-b
09-23 02:16:33 D [store] event pruning refused because no replicated coverage snapshot exists
09-23 02:16:33 I [node] node 1dd95286 (review-b) started
09-23 02:16:33 I [node] addr-detect: local v4=1 all=6 route=10.10.38.24 advertise=review-a
09-23 02:16:33 D [store] event pruning refused because no replicated coverage snapshot exists
09-23 02:16:33 I [node] node ef6d164b (review-a) started
09-23 02:16:33 I [node] addr-detect: local v4=1 all=6 route=10.10.38.24 advertise=review-b
09-23 02:16:33 D [store] event pruning refused because no replicated coverage snapshot exists
09-23 02:16:33 I [node] node de3a0444 (review-b) started
09-23 02:16:33 I [node] addr-detect: local v4=1 all=6 route=10.10.38.24 advertise=review-a
09-23 02:16:33 D [store] event pruning refused because no replicated coverage snapshot exists
09-23 02:16:33 I [node] node 30f548d2 (review-a) started
09-23 02:16:33 I [node] addr-detect: local v4=1 all=6 route=10.10.38.24 advertise=review-b
09-23 02:16:33 D [store] event pruning refused because no replicated coverage snapshot exists
09-23 02:16:33 I [node] node c09689c1 (review-b) started
09-23 02:16:33 I [node] addr-detect: local v4=1 all=6 route=10.10.38.24 advertise=review-a
09-23 02:16:33 D [store] event pruning refused because no replicated coverage snapshot exists
09-23 02:16:33 I [node] node c5d5f449 (review-a) started
09-23 02:16:33 I [node] addr-detect: local v4=1 all=6 route=10.10.38.24 advertise=review-b
09-23 02:16:33 D [store] event pruning refused because no replicated coverage snapshot exists
09-23 02:16:33 I [node] node 082cf8ce (review-b) started
09-23 02:16:33 E [node] config persistence failed; retaining the last-known-good state
09-23 02:16:33 W [mesh] rejected malformed sync response from 082cf8ce37deb51ebba5676a250ec703
09-23 02:16:33 W [mesh] rejected malformed sync response from 082cf8ce37deb51ebba5676a250ec703
09-23 02:16:33 W [mesh] rejected malformed sync response from 082cf8ce37deb51ebba5676a250ec703
09-23 02:16:33 W [mesh] rejected malformed sync response from 082cf8ce37deb51ebba5676a250ec703
09-23 02:16:33 W [mesh] rejected malformed sync response from 082cf8ce37deb51ebba5676a250ec703
09-23 02:16:33 W [mesh] rejected malformed sync response from 082cf8ce37deb51ebba5676a250ec703
09-23 02:16:33 W [mesh] rejected malformed sync response from 082cf8ce37deb51ebba5676a250ec703
09-23 02:16:33 W [mesh] rejected malformed sync response from 082cf8ce37deb51ebba5676a250ec703
09-23 02:16:33 W [mesh] rejected malformed sync response from 082cf8ce37deb51ebba5676a250ec703
09-23 02:16:33 W [mesh] rejected malformed sync response from 082cf8ce37deb51ebba5676a250ec703
09-23 02:16:33 W [mesh] rejected malformed sync response from 082cf8ce37deb51ebba5676a250ec703
09-23 02:16:33 W [mesh] rejected malformed sync response from 082cf8ce37deb51ebba5676a250ec703
09-23 02:16:33 W [mesh] rejected malformed sync response from 082cf8ce37deb51ebba5676a250ec703
09-23 02:16:33 W [mesh] rejected malformed sync response from 082cf8ce37deb51ebba5676a250ec703
09-23 02:16:33 W [mesh] rejected malformed sync response from 082cf8ce37deb51ebba5676a250ec703
09-23 02:16:33 W [mesh] rejected malformed sync response from 082cf8ce37deb51ebba5676a250ec703
09-23 02:16:33 W [mesh] rejected malformed sync response from 082cf8ce37deb51ebba5676a250ec703
09-23 02:16:33 W [mesh] rejected malformed sync response from 082cf8ce37deb51ebba5676a250ec703
09-23 02:16:33 W [mesh] rejected malformed sync response from 082cf8ce37deb51ebba5676a250ec703
09-23 02:16:33 W [mesh] rejected malformed sync response from 082cf8ce37deb51ebba5676a250ec703
09-23 02:16:33 W [mesh] rejected malformed sync response from 082cf8ce37deb51ebba5676a250ec703
09-23 02:16:33 W [mesh] rejected malformed sync response from 082cf8ce37deb51ebba5676a250ec703
09-23 02:16:33 W [mesh] rejected malformed sync response from 082cf8ce37deb51ebba5676a250ec703
09-23 02:16:33 W [mesh] rejected malformed sync response from 082cf8ce37deb51ebba5676a250ec703
09-23 02:16:33 W [mesh] rejected malformed sync response from 082cf8ce37deb51ebba5676a250ec703
09-23 02:16:33 W [mesh] rejected malformed sync response from 082cf8ce37deb51ebba5676a250ec703
09-23 02:16:33 W [mesh] rejected malformed sync response from 082cf8ce37deb51ebba5676a250ec703
09-23 02:16:33 W [mesh] rejected malformed sync response from 082cf8ce37deb51ebba5676a250ec703
09-23 02:16:33 W [mesh] rejected malformed sync response from 082cf8ce37deb51ebba5676a250ec703
09-23 02:16:33 W [mesh] rejected malformed sync response from 082cf8ce37deb51ebba5676a250ec703
09-23 02:16:33 W [mesh] rejected malformed sync response from 082cf8ce37deb51ebba5676a250ec703
09-23 02:16:33 W [mesh] rejected malformed sync response from 082cf8ce37deb51ebba5676a250ec703
09-23 02:16:33 W [mesh] rejected malformed sync response from 082cf8ce37deb51ebba5676a250ec703
09-23 02:16:33 I [node] addr-detect: local v4=1 all=6 route=10.10.38.24 advertise=review-a
09-23 02:16:33 D [store] event pruning refused because no replicated coverage snapshot exists
09-23 02:16:33 I [node] node 9cbad918 (review-a) started
09-23 02:16:33 I [node] addr-detect: local v4=1 all=6 route=10.10.38.24 advertise=review-b
09-23 02:16:33 D [store] event pruning refused because no replicated coverage snapshot exists
09-23 02:16:33 I [node] node 8d79fb4d (review-b) started
ct/app-doorbell/build/remediation-t28-20260923/independent-review-red-r2/test_config_conflicts_review.cpp:143:
TEST CASE:  config conflict review: native notices retain both branches and block a blind clear

/Users/ox/Documents/project/app-doorbell/build/remediation-t28-20260923/independent-review-red-r2/test_config_conflicts_review.cpp:149: ERROR: CHECK( before.find("A notice intent") != std::string::npos ) is NOT correct!
  values: CHECK( 18446744073709551615 != 18446744073709551615 )

/Users/ox/Documents/project/app-doorbell/build/remediation-t28-20260923/independent-review-red-r2/test_config_conflicts_review.cpp:150: ERROR: CHECK( before.find("B notice intent") != std::string::npos ) is NOT correct!
  values: CHECK( 18446744073709551615 != 18446744073709551615 )

/Users/ox/Documents/project/app-doorbell/build/remediation-t28-20260923/independent-review-red-r2/test_config_conflicts_review.cpp:151: ERROR: CHECK_FALSE( f.a->clearDoorNotice("*") ) is NOT correct!
  values: CHECK_FALSE( true )

===============================================================================
/Users/ox/Documents/project/app-doorbell/build/remediation-t28-20260923/independent-review-red-r2/test_config_conflicts_review.cpp:154:
TEST CASE:  config conflict review: legacy HTTP import commits an edit record atomically

/Users/ox/Documents/project/app-doorbell/build/remediation-t28-20260923/independent-review-red-r2/test_config_conflicts_review.cpp:169: ERROR: CHECK( journalCount(node) == before + 1 ) is NOT correct!
  values: CHECK( 0 == 1 )

===============================================================================
/Users/ox/Documents/project/app-doorbell/build/remediation-t28-20260923/independent-review-red-r2/test_config_conflicts_review.cpp:173:
TEST CASE:  config conflict review: collection root mutations are explicitly rejected
  legacy delete must not create a different collection entity

/Users/ox/Documents/project/app-doorbell/build/remediation-t28-20260923/independent-review-red-r2/test_config_conflicts_review.cpp:185: ERROR: CHECK_FALSE( json::getBool(result.get(), "ok") ) is NOT correct!
  values: CHECK_FALSE( true )

===============================================================================
/Users/ox/Documents/project/app-doorbell/build/remediation-t28-20260923/independent-review-red-r2/test_config_conflicts_review.cpp:173:
TEST CASE:  config conflict review: collection root mutations are explicitly rejected

DEEPEST SUBCASE STACK REACHED (DIFFERENT FROM THE CURRENT ONE):
  legacy delete must not create a different collection entity

/Users/ox/Documents/project/app-doorbell/build/remediation-t28-20260923/independent-review-red-r2/test_config_conflicts_review.cpp:195: ERROR: CHECK( journalCount(*f.a) == before ) is NOT correct!
  values: CHECK( 5 == 1 )

===============================================================================
/Users/ox/Documents/project/app-doorbell/build/remediation-t28-20260923/independent-review-red-r2/test_config_conflicts_review.cpp:173:
TEST CASE:  config conflict review: collection root mutations are explicitly rejected
  CAS delete follows the same collection restriction

/Users/ox/Documents/project/app-doorbell/build/remediation-t28-20260923/independent-review-red-r2/test_config_conflicts_review.cpp:193: ERROR: CHECK_FALSE( json::getBool(json::parse(f.a->configCommitJson(json::dump(body.get()))).get(), "ok") ) is NOT correct!
  values: CHECK_FALSE( true )

===============================================================================
/Users/ox/Documents/project/app-doorbell/build/remediation-t28-20260923/independent-review-red-r2/test_config_conflicts_review.cpp:173:
TEST CASE:  config conflict review: collection root mutations are explicitly rejected

DEEPEST SUBCASE STACK REACHED (DIFFERENT FROM THE CURRENT ONE):
  CAS delete follows the same collection restriction

/Users/ox/Documents/project/app-doorbell/build/remediation-t28-20260923/independent-review-red-r2/test_config_conflicts_review.cpp:195: ERROR: CHECK( journalCount(*f.a) == before ) is NOT correct!
  values: CHECK( 5 == 1 )

===09-23 02:16:33 I [node] addr-detect: local v4=1 all=6 route=10.10.38.24 advertise=review-a
09-23 02:16:33 D [store] event pruning refused because no replicated coverage snapshot exists
09-23 02:16:33 I [node] node 043dc13b (review-a) started
09-23 02:16:33 I [node] addr-detect: local v4=1 all=6 route=10.10.38.24 advertise=review-b
09-23 02:16:33 D [store] event pruning refused because no replicated coverage snapshot exists
09-23 02:16:33 I [node] node dbc51a38 (review-b) started
============================================================================
/Users/ox/Documents/project/app-doorbell/build/remediation-t28-20260923/independent-review-red-r2/test_config_conflicts_review.cpp:222:
TEST CASE:  config conflict review: explicit resolution deletion must cover the whole entity
  partial delete cannot retire all entity heads

/Users/ox/Documents/project/app-doorbell/build/remediation-t28-20260923/independent-review-red-r2/test_config_conflicts_review.cpp:240: ERROR: CHECK_FALSE( json::getBool(result.get(), "ok") ) is NOT correct!
  values: CHECK_FALSE( true )

/Users/ox/Documents/project/app-doorbell/build/remediation-t28-20260923/independent-review-red-r2/test_config_conflicts_review.cpp:240: ERROR: CHECK( conflictText(*f.a) == before ) is NOT correct!
  values: CHECK( [] == [{"entity":"settings","state":"unresolved","heads":["82803f04a8d22c7264e36d2aa917820c","a8c00d6c86a4042aaf410304d53268db"],"effective_exists":true,"effective":{"review":"A intent"},"effective_requires_reentry":false,"candidates":[{"change_id":"6247bb4fa4881df6dd3b9308af4da670","author_node":"9cbad9182d63bc568b2604273216904c","entity":"settings","parents":[],"base_entity_version":"4f53cda18c2baa0c0354bb5f9a3ecbe5ed12ab4d8e11ba873c2f11161202b945","ops":[{"key":"settings.review","op":"set","value":"base"}],"candidate_exists":true,"candidate":{"review":"base"},"requires_reentry":false,"is_head":false},{"change_id":"82803f04a8d22c7264e36d2aa917820c","author_node":"9cbad9182d63bc568b2604273216904c","entity":"settings","parents":["6247bb4fa4881df6dd3b9308af4da670"],"base_entity_version":"d8f549c97cfd322c98a51e72049290025a4bab6bd4b757cbce11b4ed0a24bd1b","ops":[{"key":"settings.review","op":"set","value":"A intent"}],"candidate_exists":true,"candidate":{"review":"A intent"},"requires_reentry":false,"is_head":true},{"change_id":"a8c00d6c86a4042aaf410304d53268db","author_node":"8d79fb4d4f1b2f54295e36b5af4adee8","entity":"settings","parents":["6247bb4fa4881df6dd3b9308af4da670"],"base_entity_version":"d8f549c97cfd322c98a51e72049290025a4bab6bd4b757cbce11b4ed0a24bd1b","ops":[{"key":"settings.review","op":"set","value":"B intent"}],"candidate_exists":true,"candidate":{"review":"B intent"},"requires_reentry":false,"is_head":true}]}] )

===============================================================================
[doctest] test cases:   7 |  1 passed |  6 failed | 0 skipped
[doctest] assertions: 105 | 88 passed | 17 failed |
[doctest] Status: FAILURE!
