Typed config merge, array/delete/null and redaction tests: PASS
admin logic tests: ok
admin runtime tests: ok
call flow tests: ok
T11-01 production heartbeat: PASS
T11-02 production heartbeat: PASS
T11-03 production heartbeat: PASS
T11-04 production heartbeat: PASS
heartbeat identity bounds, auth, visibility, timeout and late-success guards: PASS
T15 production page media authority, same-origin requests and stale callbacks: PASS
T10-01 production page: PASS
T10-02 production page: PASS
T10-03 production page: PASS
T10-04 production page: PASS
call recovery controller tests: ok
T09 retained read deadline under independent scheduling: PASS
T09 retained early state failure recovery: PASS
call state controller tests: ok
T13-01: PASS
T13-02: PASS
T13-03: PASS
T13-04: PASS
Door tabs execute the production page renderer; native browser focus is verified separately.
T14-01 production UA generation: PASS
T14-02 production UA generation: PASS
T14-03 production UA generation: PASS
T14-04 production UA generation: PASS
registration failures remain bounded production UA generation: PASS
explicit revocation overrides active-call deferral production UA generation: PASS
registration error preserves an existing call production UA generation: PASS
credential and reference changes participate in identity production UA generation: PASS
failed transport retirement never overlaps a successor production UA generation: PASS
pairing tests: ok
pairing uri tests: ok
panel i18n tests: ok
playback policy tests: ok
T09-01: silent production XHR times out once and releases its lane: PASS
T09-02: native timeout and watchdog settle once in both orders with no timers: PASS
T09-03: late cancelled success/error cannot replace or release the successor: PASS
T09-04: no AbortController, Promise or fetch; legacy XHR watchdog remains bounded: PASS
request deadline classifications, headers/body, frozen generation and no write retry: PASS
panel runtime tests: ok
service worker tests: ok
settings tests: ok
call return tests: ok
T12-01: silent execute reaches a real deadline and exposes an unknown result: PASS
T12-02: accepted response lost; repeated recovery queries only the original intent: PASS
T12-03: permission, validation, and authentication failures remain actionable: PASS
T12-04: double activation and native timeout/watchdog/late success settle once: PASS
prepared query requires explicit same-handle execution, with no second preparation: PASS
server 500, network and malformed write replies never imply not started: PASS
page retirement cancels its request, retains the handle, and ignores late completion: PASS
all production page integrations visibly render translated SOS outcomes: PASS
silent preparation never executes or automatically creates another intent: PASS
only authoritative unstarted states permit a new preparation: PASS
a denied status query retains the ambiguous original handle: PASS
assistive button activation shares one intent, and authoritative clear permits a later SOS: PASS
page reload recovers the persisted handle by query without another SOS: PASS
theme and notice tests: ok
video session tests: ok
SUITES 21 FAILURES 0
