test_a_door_station_without_a_camera_gets_no_tile (__main__.WindowsContracts.test_a_door_station_without_a_camera_gets_no_tile) ... ok
test_add_device_panel_confirms_with_device_joined (__main__.WindowsContracts.test_add_device_panel_confirms_with_device_joined) ... ok
test_admin_password_is_one_cluster_secret (__main__.WindowsContracts.test_admin_password_is_one_cluster_secret) ... ok
test_an_unset_password_never_traps_a_running_alarm (__main__.WindowsContracts.test_an_unset_password_never_traps_a_running_alarm) ... ok
test_android_helper_policy_uses_only_the_fixed_local_protocol (__main__.WindowsContracts.test_android_helper_policy_uses_only_the_fixed_local_protocol) ... ok
test_announcements_have_three_entry_points_and_editable_presets (__main__.WindowsContracts.test_announcements_have_three_entry_points_and_editable_presets) ... ok
test_appearance_and_automatic_contrast_follow_the_shared_decision (__main__.WindowsContracts.test_appearance_and_automatic_contrast_follow_the_shared_decision) ... ok
test_automatic_ink_picks_the_higher_contrast_of_the_two (__main__.WindowsContracts.test_automatic_ink_picks_the_higher_contrast_of_the_two)
The decision is a WCAG contrast comparison, not a luminance threshold at 0.5. ... ok
test_call_flow_and_targeted_chime (__main__.WindowsContracts.test_call_flow_and_targeted_chime) ... ok
test_coloured_labels_keep_their_padding (__main__.WindowsContracts.test_coloured_labels_keep_their_padding) ... ok
test_core_theme_values_are_dropped_when_core_never_read_the_image (__main__.WindowsContracts.test_core_theme_values_are_dropped_when_core_never_read_the_image) ... ok
test_dashboard_shows_tiles_history_versions_and_battery (__main__.WindowsContracts.test_dashboard_shows_tiles_history_versions_and_battery) ... ok
test_effective_volumes_reach_the_players (__main__.WindowsContracts.test_effective_volumes_reach_the_players) ... ok
test_established_audio_calls_do_not_wait_for_video (__main__.WindowsContracts.test_established_audio_calls_do_not_wait_for_video) ... ok
test_every_home_event_routes_through_the_one_second_coalescer (__main__.WindowsContracts.test_every_home_event_routes_through_the_one_second_coalescer) ... ok
test_every_optional_core_export_is_probed_not_hard_linked (__main__.WindowsContracts.test_every_optional_core_export_is_probed_not_hard_linked) ... ok
test_every_windows_string_key_is_generated_from_the_catalog (__main__.WindowsContracts.test_every_windows_string_key_is_generated_from_the_catalog) ... ok
test_first_run_requires_an_explicit_valid_role_and_random_door_id (__main__.WindowsContracts.test_first_run_requires_an_explicit_valid_role_and_random_door_id) ... ok
test_global_notice_and_history_paging_use_the_new_abi (__main__.WindowsContracts.test_global_notice_and_history_paging_use_the_new_abi) ... ok
test_h264_playback_failures_are_logged_and_retries_are_bounded (__main__.WindowsContracts.test_h264_playback_failures_are_logged_and_retries_are_bounded) ... ok
test_higher_purpose_revision_demotes_losing_answer_and_keeps_ringing (__main__.WindowsContracts.test_higher_purpose_revision_demotes_losing_answer_and_keeps_ringing) ... ok
test_home_and_visitor_text_is_not_ellipsised (__main__.WindowsContracts.test_home_and_visitor_text_is_not_ellipsised) ... ok
test_https_and_dpapi_fail_closed (__main__.WindowsContracts.test_https_and_dpapi_fail_closed) ... ok
test_icons_are_tabler_geometries_never_hand_drawn (__main__.WindowsContracts.test_icons_are_tabler_geometries_never_hand_drawn) ... ok
test_in_app_updater_verifies_the_checksum_before_running_the_installer (__main__.WindowsContracts.test_in_app_updater_verifies_the_checksum_before_running_the_installer) ... ok
test_incoming_screen_controls_notice_chip_and_debug_line (__main__.WindowsContracts.test_incoming_screen_controls_notice_chip_and_debug_line) ... ok
test_ink_is_refined_per_region_over_a_background_image (__main__.WindowsContracts.test_ink_is_refined_per_region_over_a_background_image) ... ok
test_installer_sets_up_role_service_firewall_and_upgrades_in_place (__main__.WindowsContracts.test_installer_sets_up_role_service_firewall_and_upgrades_in_place) ... ok
test_manual_call_lifecycle_is_owned_and_monitor_never_claims_it (__main__.WindowsContracts.test_manual_call_lifecycle_is_owned_and_monitor_never_claims_it) ... ok
test_mic_mute_follows_the_replicated_call_state (__main__.WindowsContracts.test_mic_mute_follows_the_replicated_call_state) ... ok
test_native_config_writes_are_prepared (__main__.WindowsContracts.test_native_config_writes_are_prepared) ... ok
test_native_h264_player_replaces_media_element_when_core_exports_it (__main__.WindowsContracts.test_native_h264_player_replaces_media_element_when_core_exports_it) ... ok
test_native_zero_success_is_not_inverted (__main__.WindowsContracts.test_native_zero_success_is_not_inverted) ... ok
test_no_loop_marshalling_read_runs_on_the_ui_thread (__main__.WindowsContracts.test_no_loop_marshalling_read_runs_on_the_ui_thread)
Every call the doorbell.h table names as entering core's run loop is on a worker. ... ok
test_onboarding_renders_core_state_and_never_infers_it (__main__.WindowsContracts.test_onboarding_renders_core_state_and_never_infers_it) ... ok
test_one_status_document_is_shared_by_every_consumer (__main__.WindowsContracts.test_one_status_document_is_shared_by_every_consumer) ... ok
test_operational_capabilities_do_not_infer_wan_from_a_default_gateway (__main__.WindowsContracts.test_operational_capabilities_do_not_infer_wan_from_a_default_gateway) ... ok
test_originated_call_timeout_uses_core_snapshot (__main__.WindowsContracts.test_originated_call_timeout_uses_core_snapshot) ... ok
test_pairing_boot_uses_secret_reference (__main__.WindowsContracts.test_pairing_boot_uses_secret_reference) ... ok
test_pairing_pin_never_opens_the_bulk_add_window (__main__.WindowsContracts.test_pairing_pin_never_opens_the_bulk_add_window) ... ok
test_pairing_surfaces_bind_the_core_contract (__main__.WindowsContracts.test_pairing_surfaces_bind_the_core_contract) ... ok
test_pairing_surfaces_use_only_generated_resource_keys (__main__.WindowsContracts.test_pairing_surfaces_use_only_generated_resource_keys) ... ok
test_platform_v2_layout_and_owned_buffers (__main__.WindowsContracts.test_platform_v2_layout_and_owned_buffers) ... ok
test_power_state_spi_reports_battery_charging_and_mains (__main__.WindowsContracts.test_power_state_spi_reports_battery_charging_and_mains) ... ok
test_qr_scanner_uses_the_core_decoder_and_reports_no_camera (__main__.WindowsContracts.test_qr_scanner_uses_the_core_decoder_and_reports_no_camera) ... ok
test_release_build_requires_real_pjsip_for_both_arches (__main__.WindowsContracts.test_release_build_requires_real_pjsip_for_both_arches) ... ok
test_responsive_layout_is_computed_from_the_window_size (__main__.WindowsContracts.test_responsive_layout_is_computed_from_the_window_size) ... FAIL
test_revoke_resets_the_device_to_first_run_setup (__main__.WindowsContracts.test_revoke_resets_the_device_to_first_run_setup) ... ok
test_runtime_health_is_persisted_measured_and_periodic (__main__.WindowsContracts.test_runtime_health_is_persisted_measured_and_periodic) ... ok
test_safe_mode_retains_audio_controls_and_uses_low_resource_mjpeg (__main__.WindowsContracts.test_safe_mode_retains_audio_controls_and_uses_low_resource_mjpeg) ... ok
test_semantic_ui_schema_is_narrow_and_lkg_is_atomic (__main__.WindowsContracts.test_semantic_ui_schema_is_narrow_and_lkg_is_atomic) ... ok
test_sos_channels_are_rule_driven (__main__.WindowsContracts.test_sos_channels_are_rule_driven) ... ok
test_sos_mutation_failure_keeps_visible_state (__main__.WindowsContracts.test_sos_mutation_failure_keeps_visible_state) ... ok
test_sos_presentation_colors_fall_back_when_contrast_is_unsafe (__main__.WindowsContracts.test_sos_presentation_colors_fall_back_when_contrast_is_unsafe) ... ok
test_sos_slider_uses_a_contained_track_and_round_thumb (__main__.WindowsContracts.test_sos_slider_uses_a_contained_track_and_round_thumb) ... ok
test_sos_slides_then_counts_down_before_core_is_told (__main__.WindowsContracts.test_sos_slides_then_counts_down_before_core_is_told) ... FAIL
test_supported_shells_never_parse_paired_plaintext (__main__.WindowsContracts.test_supported_shells_never_parse_paired_plaintext) ... ok
test_the_clock_ticks_from_a_cached_base_not_a_call_per_second (__main__.WindowsContracts.test_the_clock_ticks_from_a_cached_base_not_a_call_per_second) ... ok
test_the_dashboard_counts_devices_by_role (__main__.WindowsContracts.test_the_dashboard_counts_devices_by_role) ... ok
test_the_footer_and_the_sos_slider_never_overlap (__main__.WindowsContracts.test_the_footer_and_the_sos_slider_never_overlap) ... ok
test_the_incoming_page_returns_home_on_its_own_countdown (__main__.WindowsContracts.test_the_incoming_page_returns_home_on_its_own_countdown) ... ok
test_the_outline_answers_to_the_worst_patch_not_the_average (__main__.WindowsContracts.test_the_outline_answers_to_the_worst_patch_not_the_average)
A region that spans light and dark fails over one of them even when its average reads. ... ok
test_the_shell_publishes_whether_it_can_serve_frames (__main__.WindowsContracts.test_the_shell_publishes_whether_it_can_serve_frames) ... ok
test_the_theme_backdrop_is_admin_configurable (__main__.WindowsContracts.test_the_theme_backdrop_is_admin_configurable) ... ok
test_the_visitor_call_button_never_names_the_door (__main__.WindowsContracts.test_the_visitor_call_button_never_names_the_door) ... ok
test_watchdog_restarts_app_not_windows (__main__.WindowsContracts.test_watchdog_restarts_app_not_windows) ... ok
test_windows_firewall_rules_require_consent_before_uac_repair (__main__.WindowsContracts.test_windows_firewall_rules_require_consent_before_uac_repair) ... ok
test_windows_has_no_native_settings_only_the_web_admin_entry (__main__.WindowsContracts.test_windows_has_no_native_settings_only_the_web_admin_entry) ... ok
test_windows_network_discovery_never_advertises_the_wildcard_listener (__main__.WindowsContracts.test_windows_network_discovery_never_advertises_the_wildcard_listener) ... ok
test_xaml_and_resources_are_well_formed (__main__.WindowsContracts.test_xaml_and_resources_are_well_formed) ... ok

======================================================================
FAIL: test_responsive_layout_is_computed_from_the_window_size (__main__.WindowsContracts.test_responsive_layout_is_computed_from_the_window_size)
----------------------------------------------------------------------
Traceback (most recent call last):
  File "/Users/ox/Documents/project/app-doorbell/win/tests/test_windows_contracts.py", line 1892, in test_responsive_layout_is_computed_from_the_window_size
    self.assertIn("CallButton.MinHeight = large ? 170 : (tablet ? 120 : 96);", layout)
    ~~~~~~~~~~~~~^^^^^^^^^^^^^^^^^^^^^^^^^^^^^^^^^^^^^^^^^^^^^^^^^^^^^^^^^^^^^^^^^^^^^
AssertionError: 'CallButton.MinHeight = large ? 170 : (tablet ? 120 : 96);' not found in 'private void ApplyResponsiveLayout()\n        {\n            double width = ActualWidth > 0 ? ActualWidth : SystemParameters.PrimaryScreenWidth;\n            double height = ActualHeight > 0 ? ActualHeight : SystemParameters.PrimaryScreenHeight;\n            bool portrait = height >= width || width < 900;\n            bool large = width >= 1024;\n            bool tablet = width >= 768;\n\n            if (portrait)\n            {\n                VisitorRightColumn.Width = new GridLength(0);\n                PlaceVisitor(VisitorClockBlock, 0, 0, 2, 1);\n                PlaceVisitor(VisitorNoticeCard, 1, 0, 2, 1);\n                PlaceVisitor(LangBar, 2, 0, 2, 1);\n                PlaceVisitor(TouchHint, 4, 0, 2, 1);\n                VisitorClockBlock.HorizontalAlignment = HorizontalAlignment.Center;\n            }\n            else\n            {\n                VisitorRightColumn.Width = new GridLength(1.2, GridUnitType.Star);\n                PlaceVisitor(VisitorClockBlock, 0, 0, 1, 1);\n                // The notice fills the left column beside the language row and the call button.\n                PlaceVisitor(VisitorNoticeCard, 1, 0, 1, 3);\n                PlaceVisitor(LangBar, 2, 1, 1, 1);\n                PlaceVisitor(TouchHint, 4, 1, 1, 1);\n                VisitorClockBlock.HorizontalAlignment = HorizontalAlignment.Left;\n            }\n\n            ClockText.FontSize = large ? 84 : (tablet ? 68 : 52);\n            DateText.FontSize = large ? 26 : (tablet ? 22 : 17);\n            CallButton.MinWidth = 0;\n            PurposeGrid.Columns = Math.Max(1, (int)((width - 40) / 240));\n            CallingPurposeGrid.Columns = PurposeGrid.Columns;\n            InCallHeaderScroll.MaxHeight = Math.Max(56, height / 3);\n            UpdateVisitorActionHeights(width);\n            TouchHint.FontSize = tablet ? 21 : 16;\n            VisitorNoticeText.FontSize = tablet ? 22 : 17;\n\n            if (portrait)\n            {\n                DashboardLeftColumn.Width = new GridLength(1, GridUnitType.Star);\n                DashboardRightColumn.Width = new GridLength(0);\n                DashboardTopRow.Height = new GridLength(1, GridUnitType.Star);\n                DashboardBottomRow.Height = new GridLength(1.1, GridUnitType.Star);\n                PlaceDashboard(DoorTilesPanel, 0, 0, 2);\n                PlaceDashboard(RecentCallsPanel, 1, 0, 2);\n                DoorTilesPanel.Margin = new Thickness(0, 0, 0, 8);\n                RecentCallsPanel.Margin = new Thickness(4, 8, 4, 0);\n                DashboardTitleLeftColumn.Width = new GridLength(1, GridUnitType.Star);\n                DashboardTitleRightColumn.Width = new GridLength(0);\n            }\n            else\n            {\n                DashboardLeftColumn.Width = new GridLength(1.4, GridUnitType.Star);\n                DashboardRightColumn.Width = new GridLength(1, GridUnitType.Star);\n                DashboardTopRow.Height = new GridLength(1, GridUnitType.Star);\n                DashboardBottomRow.Height = new GridLength(0);\n                PlaceDashboard(DoorTilesPanel, 0, 0, 1);\n                PlaceDashboard(RecentCallsPanel, 0, 1, 1);\n                DoorTilesPanel.Margin = new Thickness(0, 0, 12, 0);\n                RecentCallsPanel.Margin = new Thickness(12, 4, 4, 0);\n                DashboardTitleLeftColumn.Width = new GridLength(1.4, GridUnitType.Star);\n                DashboardTitleRightColumn.Width = new GridLength(1, GridUnitType.Star);\n            }\n            DoorTileGrid.Columns = portrait ? 2 : (large ? 2 : 1);\n\n            LayOutSosAndFooters(width, portrait);\n            RefreshFrost();\n            // Sampling the background under an element needs its arranged bounds, so the ink pass\n            // waits for the layout this call just requested.\n            QueueInkPass();\n        }\n\n        private bool _inkPassQueued;\n\n        /// <summary>A chip\'s content: a Tabler outline icon followed by its label.</summary>\n        internal UIElement IconLabel(string iconKey, string text, double iconSize = 18,\n                                     Brush ink = null)\n        {\n            var row = new StackPanel { Orientation = Orientation.Horizontal };\n            row.Children.Add(IconGlyph(iconKey, iconSize, ink));\n            row.Children.Add(new TextBlock\n            {\n                Text = text,\n                Margin = new Thickness(8, 0, 0, 0),\n                VerticalAlignment = VerticalAlignment.Center,\n                Foreground = ink,\n            });\n            if (ink == null) ((TextBlock)row.Children[1]).SetResourceReference(TextBlock.ForegroundProperty, "Fg");\n            return row;\n        }\n\n        /// <summary>An action button\'s content: the icon above a short label (call screens).</summary>\n        internal UIElement IconStack(string iconKey, string text, Brush ink = null)\n        {\n            var column = new StackPanel { Orientation = Orientation.Vertical };\n            var glyph = IconGlyph(iconKey, 22, ink);\n            glyph.HorizontalAlignment = HorizontalAlignment.Center;\n            column.Children.Add(glyph);\n            var label = new TextBlock\n            {\n                Text = text,\n                FontSize = 14,\n                Margin = new Thickness(0, 6, 0, 0),\n                HorizontalAlignment = HorizontalAlignment.Center,\n                TextAlignment = TextAlignment.Center,\n                Foreground = ink,\n            };\n            if (ink == null) label.SetResourceReference(TextBlock.ForegroundProperty, "Fg");\n            column.Children.Add(label);\n            return column;\n        }\n\n        internal FrameworkElement IconGlyph(string iconKey, double size, Brush ink = null)\n        {\n            var path = new System.Windows.Shapes.Path\n            {\n                Data = (Geometry)FindResource(iconKey),\n                StrokeThickness = 2,\n                StrokeStartLineCap = PenLineCap.Round,\n                StrokeEndLineCap = PenLineCap.Round,\n                StrokeLineJoin = PenLineJoin.Round,\n                Stroke = ink,\n            };\n            if (ink == null) path.SetResourceReference(System.Windows.Shapes.Shape.StrokeProperty, "Fg");\n            return new Viewbox\n            {\n                Width = size,\n                Height = size,\n                VerticalAlignment = VerticalAlignment.Center,\n                Child = path,\n            };\n        }\n\n        /// <summary>Re-renders the frosted material behind the plates from the current wallpaper.</summary>\n        private void RefreshFrost()\n        {\n            var bitmap = ThemeBgImage.Visibility == Visibility.Visible ?\n                ThemeBgImage.Source as BitmapSource : null;\n            Ui.Frost.SetWallpaper(this, bitmap, _backdropColour, _backdropAlpha);\n        }\n\n        /// <summary>Runs one coalesced ink pass once the pending layout has been arranged.</summary>\n        private void QueueInkPass()\n        {\n            if (_inkPassQueued) return;\n            _inkPassQueued = true;\n            Dispatcher.BeginInvoke(new Action(() =>\n            {\n                _inkPassQueued = false;\n                ApplyAutoInk();\n            }), DispatcherPriority.Loaded);\n        }\n\n        // The SOS slider floats over whichever home screen is showing, so the footers have to\n        // reserve room for it explicitly. A real device found the version and battery line\n        // running underneath it in the narrow layout; these are the numbers that stop it.\n        private const double SosBarWidth = 238;\n        private const double SosBarHeight = 62;\n        private const double SosBarMargin = 20;\n        private const double SosBarBottom = 16;\n        private const double SosClearance = 12;\n        private const double FooterMinimumWidth = 320;\n\n        /// <summary>Width the footers must leave free when the slider sits beside them.</summary>\n        internal static double SosReservedWidth\n        {\n            get { return SosBarWidth + SosBarMargin + SosClearance; }\n        }\n\n        /// <summary>Height the footers must leave free when the slider sits below them.</summary>\n        internal static double SosReservedHeight\n        {\n            get { return SosBarHeight + SosBarBottom + SosClearance; }\n        }\n\n        /// <summary>\n        /// Places the slider and reserves exactly the space it occupies, so the footer and the\n        /// slider cannot overlap at any window size. Beside the footer there is room only when\n        /// the footer still gets its minimum width; otherwise the slider becomes a full-width\n        /// band and the footer reserves height above it instead.\n        /// </summary>\n        private void LayOutSosAndFooters(double width, bool portrait)\n        {\n            if (App.Boot.Role == "door_station")\n            {\n                if (SosButton.Parent != VisitorSosHost)\n                {\n                    (SosButton.Parent as Panel)?.Children.Remove(SosButton);\n                    VisitorSosHost.Children.Add(SosButton);\n                }\n                SosButton.HorizontalAlignment = HorizontalAlignment.Stretch;\n                SosButton.Width = double.NaN;\n                SosButton.MaxWidth = 620;\n                SosButton.Margin = new Thickness(0);\n                VisitorFooter.Margin = new Thickness(0, 12, 0, 0);\n                return;\n            }\n            if (SosButton.Parent != IdleView)\n            {\n                (SosButton.Parent as Panel)?.Children.Remove(SosButton);\n                IdleView.Children.Add(SosButton);\n            }\n            SosButton.MaxWidth = double.PositiveInfinity;\n            bool sosVisible = SosButton.Visibility == Visibility.Visible;\n            bool sosBelow = sosVisible &&\n                (portrait || width < SosReservedWidth + FooterMinimumWidth);\n\n            SosButton.HorizontalAlignment = sosBelow ?\n                HorizontalAlignment.Stretch : HorizontalAlignment.Right;\n            SosButton.Width = sosBelow ? double.NaN : SosBarWidth;\n            SosButton.Margin = sosBelow\n                ? new Thickness(SosBarMargin, 0, SosBarMargin, SosBarBottom)\n                : new Thickness(0, 0, SosBarMargin, SosBarBottom);\n\n            double reserveWidth = sosVisible && !sosBelow ? SosReservedWidth : 0;\n            double reserveHeight = sosBelow ? SosReservedHeight : 0;\n            DashboardSosColumn.Width = new GridLength(reserveWidth);\n            DashboardFooter.Margin = new Thickness(0, 0, 0, reserveHeight);\n            VisitorFooter.Margin = new Thickness(0, 12, reserveWidth, reserveHeight);\n        }\n\n        '

======================================================================
FAIL: test_sos_slides_then_counts_down_before_core_is_told (__main__.WindowsContracts.test_sos_slides_then_counts_down_before_core_is_told)
----------------------------------------------------------------------
Traceback (most recent call last):
  File "/Users/ox/Documents/project/app-doorbell/win/tests/test_windows_contracts.py", line 907, in test_sos_slides_then_counts_down_before_core_is_told
    self.assertIn("bool armed = Value >= ArmThreshold;", slider)
    ~~~~~~~~~~~~~^^^^^^^^^^^^^^^^^^^^^^^^^^^^^^^^^^^^^^^^^^^^^^^
AssertionError: 'bool armed = Value >= ArmThreshold;' not found in 'using System;\nusing System.Windows;\nusing System.Windows.Automation.Peers;\nusing System.Windows.Automation.Provider;\nusing System.Windows.Controls;\nusing System.Windows.Input;\nusing System.Windows.Controls.Primitives;\n\nnamespace DoorbellApp.Ui\n{\n    /// <summary>\n    /// Slide-to-trigger SOS control (spec 4.4). Releasing the thumb past 90 % of the track raises\n    /// <see cref="Armed"/>; the owner runs the cancellable countdown and only then tells core the\n    /// emergency is real. Releasing short of the threshold snaps back and does nothing.\n    /// </summary>\n    public class SosSlider : Slider\n    {\n        public const double ArmThreshold = 90.0;\n\n        /// <summary>Raised on the dispatcher thread when the thumb was released past 90 %.</summary>\n        public event Action Armed;\n        public event Action ReviewRequested;\n        private long _reviewRevision;\n\n        public SosSlider()\n        {\n            Minimum = 0;\n            Maximum = 100;\n            Value = 0;\n            IsSnapToTickEnabled = false;\n            IsMoveToPointEnabled = false;\n            Focusable = true;\n            Unloaded += (s, e) => Reset();\n            IsVisibleChanged += (s, e) => { if (!IsVisible) Reset(); };\n            IsEnabledChanged += (s, e) => { if (!IsEnabled) Reset(); };\n            AddHandler(Thumb.DragStartedEvent, new DragStartedEventHandler(OnThumbDragStarted));\n            AddHandler(Thumb.DragCompletedEvent,\n                       new DragCompletedEventHandler(OnThumbDragCompleted));\n        }\n\n        /// <summary>True while the visitor or resident is dragging the thumb.</summary>\n        public bool IsSliding { get; private set; }\n\n        private void OnThumbDragStarted(object sender, DragStartedEventArgs e)\n        {\n            IsSliding = true;\n        }\n\n        private void OnThumbDragCompleted(object sender, DragCompletedEventArgs e)\n        {\n            IsSliding = false;\n            bool armed = !e.Canceled && IsEnabled && IsVisible && IsLoaded && Value >= ArmThreshold;\n            Value = 0;\n            if (!armed) return;\n            var handler = Armed;\n            if (handler != null) handler();\n        }\n\n        /// <summary>Returns the thumb to the start, for example when a countdown is cancelled.</summary>\n        public void Reset()\n        {\n            ++_reviewRevision;\n            IsSliding = false;\n            Value = 0;\n        }\n        protected override void OnKeyDown(KeyEventArgs e)\n        {\n            if (e.Key == Key.Enter || e.Key == Key.Space)\n            {\n                e.Handled = true;\n                if (!e.IsRepeat) RequestReview(_reviewRevision);\n                return;\n            }\n            base.OnKeyDown(e);\n        }\n\n        private void RequestReview(long revision)\n        {\n            if (revision != _reviewRevision || !IsLoaded || !IsVisible || !IsEnabled) return;\n            var handler = ReviewRequested;\n            if (handler != null) handler();\n        }\n\n        protected override AutomationPeer OnCreateAutomationPeer() => new SosAutomationPeer(this);\n\n        private sealed class SosAutomationPeer : SliderAutomationPeer, IInvokeProvider\n        {\n            private readonly SosSlider _slider;\n            internal SosAutomationPeer(SosSlider slider) : base(slider) { _slider = slider; }\n            public override object GetPattern(PatternInterface patternInterface) =>\n                patternInterface == PatternInterface.Invoke ? this : base.GetPattern(patternInterface);\n            protected override AutomationControlType GetAutomationControlTypeCore() => AutomationControlType.Button;\n            public void Invoke()\n            {\n                long revision = _slider._reviewRevision;\n                _slider.Dispatcher.BeginInvoke(new Action(() => _slider.RequestReview(revision)));\n            }\n        }\n    }\n}\n'

----------------------------------------------------------------------
Ran 70 tests in 0.058s

FAILED (failures=2)
