T12-01: silent execute reaches a real deadline and exposes an unknown result: PASS
T12-02: accepted response lost; repeated recovery queries only the original intent: PASS
T12-03: permission, validation, and authentication failures remain actionable: PASS
T12-04: double activation and native timeout/watchdog/late success settle once: FAIL
AssertionError [ERR_ASSERTION]: language repaint must not redeliver an operation result

7 !== 5

    at /Users/ox/Documents/project/app-doorbell/webui/tests/sos_operation.test.js:141:10
    at Object.<anonymous> (/Users/ox/Documents/project/app-doorbell/webui/tests/sos_operation.test.js:227:42)
    at Module._compile (node:internal/modules/cjs/loader:1829:14)
    at Module._extensions..js (node:internal/modules/cjs/loader:1969:10)
    at Module.load (node:internal/modules/cjs/loader:1552:32)
    at Module._load (node:internal/modules/cjs/loader:1354:12)
    at wrapModuleLoad (node:internal/modules/cjs/loader:255:19)
    at Module.executeUserEntryPoint [as runMain] (node:internal/modules/run_main:154:5)
    at node:internal/main/run_main_module:33:47
prepared query requires explicit same-handle execution, with no second preparation: PASS
server 500, network and malformed write replies never imply not started: PASS
page retirement cancels its request, retains the handle, and ignores late completion: PASS
all production page integrations visibly render translated SOS outcomes: PASS
silent preparation never executes or automatically creates another intent: PASS
only authoritative unstarted states permit a new preparation: PASS
a denied status query retains the ambiguous original handle: PASS
assistive button activation shares one intent, and authoritative clear permits a later SOS: PASS
page reload recovers the persisted handle by query without another SOS: PASS
