T12-01: silent execute reaches a real deadline and exposes an unknown result: FAIL
AssertionError [ERR_ASSERTION]: Expected values to be strictly equal:
+ actual - expected

+ '/api/panel/session'
- '/api/operations/prepare'
        ^

    at Object.prepare (/Users/ox/Documents/project/app-doorbell/webui/tests/sos_operation.test.js:82:47)
    at /Users/ox/Documents/project/app-doorbell/webui/tests/sos_operation.test.js:97:50
    at Object.<anonymous> (/Users/ox/Documents/project/app-doorbell/webui/tests/sos_operation.test.js:227:42)
    at Module._compile (node:internal/modules/cjs/loader:1829:14)
    at Module._extensions..js (node:internal/modules/cjs/loader:1969:10)
    at Module.load (node:internal/modules/cjs/loader:1552:32)
    at Module._load (node:internal/modules/cjs/loader:1354:12)
    at wrapModuleLoad (node:internal/modules/cjs/loader:255:19)
    at Module.executeUserEntryPoint [as runMain] (node:internal/modules/run_main:154:5)
    at node:internal/main/run_main_module:33:47
T12-02: accepted response lost; repeated recovery queries only the original intent: FAIL
AssertionError [ERR_ASSERTION]: Expected values to be strictly equal:
+ actual - expected

+ '/api/panel/session'
- '/api/operations/prepare'
        ^

    at Object.prepare (/Users/ox/Documents/project/app-doorbell/webui/tests/sos_operation.test.js:82:47)
    at /Users/ox/Documents/project/app-doorbell/webui/tests/sos_operation.test.js:109:50
    at Object.<anonymous> (/Users/ox/Documents/project/app-doorbell/webui/tests/sos_operation.test.js:227:42)
    at Module._compile (node:internal/modules/cjs/loader:1829:14)
    at Module._extensions..js (node:internal/modules/cjs/loader:1969:10)
    at Module.load (node:internal/modules/cjs/loader:1552:32)
    at Module._load (node:internal/modules/cjs/loader:1354:12)
    at wrapModuleLoad (node:internal/modules/cjs/loader:255:19)
    at Module.executeUserEntryPoint [as runMain] (node:internal/modules/run_main:154:5)
    at node:internal/main/run_main_module:33:47
T12-03: permission, validation, and authentication failures remain actionable: FAIL
AssertionError [ERR_ASSERTION]: Expected values to be strictly equal:
+ actual - expected

+ 'unknown'
- 'rejected'

    at /Users/ox/Documents/project/app-doorbell/webui/tests/sos_operation.test.js:124:12
    at Object.<anonymous> (/Users/ox/Documents/project/app-doorbell/webui/tests/sos_operation.test.js:227:42)
    at Module._compile (node:internal/modules/cjs/loader:1829:14)
    at Module._extensions..js (node:internal/modules/cjs/loader:1969:10)
    at Module.load (node:internal/modules/cjs/loader:1552:32)
    at Module._load (node:internal/modules/cjs/loader:1354:12)
    at wrapModuleLoad (node:internal/modules/cjs/loader:255:19)
    at Module.executeUserEntryPoint [as runMain] (node:internal/modules/run_main:154:5)
    at node:internal/main/run_main_module:33:47
T12-04: double activation and native timeout/watchdog/late success settle once: FAIL
AssertionError [ERR_ASSERTION]: Expected values to be strictly equal:
+ actual - expected

+ '/api/panel/session'
- '/api/operations/prepare'
        ^

    at Object.prepare (/Users/ox/Documents/project/app-doorbell/webui/tests/sos_operation.test.js:82:47)
    at /Users/ox/Documents/project/app-doorbell/webui/tests/sos_operation.test.js:131:60
    at Object.<anonymous> (/Users/ox/Documents/project/app-doorbell/webui/tests/sos_operation.test.js:227:42)
    at Module._compile (node:internal/modules/cjs/loader:1829:14)
    at Module._extensions..js (node:internal/modules/cjs/loader:1969:10)
    at Module.load (node:internal/modules/cjs/loader:1552:32)
    at Module._load (node:internal/modules/cjs/loader:1354:12)
    at wrapModuleLoad (node:internal/modules/cjs/loader:255:19)
    at Module.executeUserEntryPoint [as runMain] (node:internal/modules/run_main:154:5)
    at node:internal/main/run_main_module:33:47
prepared query requires explicit same-handle execution, with no second preparation: FAIL
AssertionError [ERR_ASSERTION]: Expected values to be strictly equal:
+ actual - expected

+ '/api/panel/session'
- '/api/operations/prepare'
        ^

    at Object.prepare (/Users/ox/Documents/project/app-doorbell/webui/tests/sos_operation.test.js:82:47)
    at /Users/ox/Documents/project/app-doorbell/webui/tests/sos_operation.test.js:145:50
    at Object.<anonymous> (/Users/ox/Documents/project/app-doorbell/webui/tests/sos_operation.test.js:227:42)
    at Module._compile (node:internal/modules/cjs/loader:1829:14)
    at Module._extensions..js (node:internal/modules/cjs/loader:1969:10)
    at Module.load (node:internal/modules/cjs/loader:1552:32)
    at Module._load (node:internal/modules/cjs/loader:1354:12)
    at wrapModuleLoad (node:internal/modules/cjs/loader:255:19)
    at Module.executeUserEntryPoint [as runMain] (node:internal/modules/run_main:154:5)
    at node:internal/main/run_main_module:33:47
server 500, network and malformed write replies never imply not started: FAIL
AssertionError [ERR_ASSERTION]: Expected values to be strictly equal:
+ actual - expected

+ '/api/panel/session'
- '/api/operations/prepare'
        ^

    at Object.prepare (/Users/ox/Documents/project/app-doorbell/webui/tests/sos_operation.test.js:82:47)
    at /Users/ox/Documents/project/app-doorbell/webui/tests/sos_operation.test.js:156:52
    at Object.<anonymous> (/Users/ox/Documents/project/app-doorbell/webui/tests/sos_operation.test.js:227:42)
    at Module._compile (node:internal/modules/cjs/loader:1829:14)
    at Module._extensions..js (node:internal/modules/cjs/loader:1969:10)
    at Module.load (node:internal/modules/cjs/loader:1552:32)
    at Module._load (node:internal/modules/cjs/loader:1354:12)
    at wrapModuleLoad (node:internal/modules/cjs/loader:255:19)
    at Module.executeUserEntryPoint [as runMain] (node:internal/modules/run_main:154:5)
    at node:internal/main/run_main_module:33:47
page retirement cancels its request, retains the handle, and ignores late completion: FAIL
AssertionError [ERR_ASSERTION]: Expected values to be strictly equal:
+ actual - expected

+ '/api/panel/session'
- '/api/operations/prepare'
        ^

    at Object.prepare (/Users/ox/Documents/project/app-doorbell/webui/tests/sos_operation.test.js:82:47)
    at /Users/ox/Documents/project/app-doorbell/webui/tests/sos_operation.test.js:161:50
    at Object.<anonymous> (/Users/ox/Documents/project/app-doorbell/webui/tests/sos_operation.test.js:227:42)
    at Module._compile (node:internal/modules/cjs/loader:1829:14)
    at Module._extensions..js (node:internal/modules/cjs/loader:1969:10)
    at Module.load (node:internal/modules/cjs/loader:1552:32)
    at Module._load (node:internal/modules/cjs/loader:1354:12)
    at wrapModuleLoad (node:internal/modules/cjs/loader:255:19)
    at Module.executeUserEntryPoint [as runMain] (node:internal/modules/run_main:154:5)
    at node:internal/main/run_main_module:33:47
all production page integrations visibly render translated SOS outcomes: FAIL
AssertionError [ERR_ASSERTION]: Expected values to be strictly equal:
+ actual - expected

+ '/api/panel/session'
- '/api/operations/prepare'
        ^

    at Object.prepare (/Users/ox/Documents/project/app-doorbell/webui/tests/sos_operation.test.js:82:47)
    at /Users/ox/Documents/project/app-doorbell/webui/tests/sos_operation.test.js:168:56
    at Object.<anonymous> (/Users/ox/Documents/project/app-doorbell/webui/tests/sos_operation.test.js:227:42)
    at Module._compile (node:internal/modules/cjs/loader:1829:14)
    at Module._extensions..js (node:internal/modules/cjs/loader:1969:10)
    at Module.load (node:internal/modules/cjs/loader:1552:32)
    at Module._load (node:internal/modules/cjs/loader:1354:12)
    at wrapModuleLoad (node:internal/modules/cjs/loader:255:19)
    at Module.executeUserEntryPoint [as runMain] (node:internal/modules/run_main:154:5)
    at node:internal/main/run_main_module:33:47
silent preparation never executes or automatically creates another intent: FAIL
AssertionError [ERR_ASSERTION]: Expected values to be strictly equal:

0 !== 1

    at /Users/ox/Documents/project/app-doorbell/webui/tests/sos_operation.test.js:182:10
    at Object.<anonymous> (/Users/ox/Documents/project/app-doorbell/webui/tests/sos_operation.test.js:227:42)
    at Module._compile (node:internal/modules/cjs/loader:1829:14)
    at Module._extensions..js (node:internal/modules/cjs/loader:1969:10)
    at Module.load (node:internal/modules/cjs/loader:1552:32)
    at Module._load (node:internal/modules/cjs/loader:1354:12)
    at wrapModuleLoad (node:internal/modules/cjs/loader:255:19)
    at Module.executeUserEntryPoint [as runMain] (node:internal/modules/run_main:154:5)
    at node:internal/main/run_main_module:33:47
only authoritative unstarted states permit a new preparation: FAIL
AssertionError [ERR_ASSERTION]: Expected values to be strictly equal:
+ actual - expected

+ '/api/panel/session'
- '/api/operations/prepare'
        ^

    at Object.prepare (/Users/ox/Documents/project/app-doorbell/webui/tests/sos_operation.test.js:82:47)
    at /Users/ox/Documents/project/app-doorbell/webui/tests/sos_operation.test.js:187:50
    at Object.<anonymous> (/Users/ox/Documents/project/app-doorbell/webui/tests/sos_operation.test.js:227:42)
    at Module._compile (node:internal/modules/cjs/loader:1829:14)
    at Module._extensions..js (node:internal/modules/cjs/loader:1969:10)
    at Module.load (node:internal/modules/cjs/loader:1552:32)
    at Module._load (node:internal/modules/cjs/loader:1354:12)
    at wrapModuleLoad (node:internal/modules/cjs/loader:255:19)
    at Module.executeUserEntryPoint [as runMain] (node:internal/modules/run_main:154:5)
    at node:internal/main/run_main_module:33:47
a denied status query retains the ambiguous original handle: FAIL
AssertionError [ERR_ASSERTION]: Expected values to be strictly equal:
+ actual - expected

+ '/api/panel/session'
- '/api/operations/prepare'
        ^

    at Object.prepare (/Users/ox/Documents/project/app-doorbell/webui/tests/sos_operation.test.js:82:47)
    at /Users/ox/Documents/project/app-doorbell/webui/tests/sos_operation.test.js:195:50
    at Object.<anonymous> (/Users/ox/Documents/project/app-doorbell/webui/tests/sos_operation.test.js:227:42)
    at Module._compile (node:internal/modules/cjs/loader:1829:14)
    at Module._extensions..js (node:internal/modules/cjs/loader:1969:10)
    at Module.load (node:internal/modules/cjs/loader:1552:32)
    at Module._load (node:internal/modules/cjs/loader:1354:12)
    at wrapModuleLoad (node:internal/modules/cjs/loader:255:19)
    at Module.executeUserEntryPoint [as runMain] (node:internal/modules/run_main:154:5)
    at node:internal/main/run_main_module:33:47
assistive button activation shares one intent, and authoritative clear permits a later SOS: FAIL
AssertionError [ERR_ASSERTION]: Expected values to be strictly equal:
+ actual - expected

+ '/api/panel/session'
- '/api/operations/prepare'
        ^

    at Object.prepare (/Users/ox/Documents/project/app-doorbell/webui/tests/sos_operation.test.js:82:47)
    at /Users/ox/Documents/project/app-doorbell/webui/tests/sos_operation.test.js:205:60
    at Object.<anonymous> (/Users/ox/Documents/project/app-doorbell/webui/tests/sos_operation.test.js:227:42)
    at Module._compile (node:internal/modules/cjs/loader:1829:14)
    at Module._extensions..js (node:internal/modules/cjs/loader:1969:10)
    at Module.load (node:internal/modules/cjs/loader:1552:32)
    at Module._load (node:internal/modules/cjs/loader:1354:12)
    at wrapModuleLoad (node:internal/modules/cjs/loader:255:19)
    at Module.executeUserEntryPoint [as runMain] (node:internal/modules/run_main:154:5)
    at node:internal/main/run_main_module:33:47
page reload recovers the persisted handle by query without another SOS: FAIL
AssertionError [ERR_ASSERTION]: Expected values to be strictly equal:
+ actual - expected

+ '/api/panel/session'
- '/api/operations/prepare'
        ^

    at Object.prepare (/Users/ox/Documents/project/app-doorbell/webui/tests/sos_operation.test.js:82:47)
    at /Users/ox/Documents/project/app-doorbell/webui/tests/sos_operation.test.js:216:41
    at Object.<anonymous> (/Users/ox/Documents/project/app-doorbell/webui/tests/sos_operation.test.js:227:42)
    at Module._compile (node:internal/modules/cjs/loader:1829:14)
    at Module._extensions..js (node:internal/modules/cjs/loader:1969:10)
    at Module.load (node:internal/modules/cjs/loader:1552:32)
    at Module._load (node:internal/modules/cjs/loader:1354:12)
    at wrapModuleLoad (node:internal/modules/cjs/loader:255:19)
    at Module.executeUserEntryPoint [as runMain] (node:internal/modules/run_main:154:5)
    at node:internal/main/run_main_module:33:47
