/bin/mkdir -p /var/mobile/Library/DoorbellT35UIKit; chown mobile:mobile /var/mobile/Library/DoorbellT35UIKit; /bin/rm -f /var/mobile/Library/DoorbellT35UIKit/*.json /var/mobile/Library/DoorbellT35UIKit/*.png /var/mobile/Library/DoorbellT35UIKit/runner.log

exit=0
for pid in $(/bin/launchctl list | /bin/grep "UIKitApplication:jp.ox.doorbell.t35uitest" | /bin/sed "s/[[:space:]].*//"); do case "$pid" in [0-9]*) kill -9 "$pid";; esac; done; /bin/mkdir -p /Applications/DoorbellT35UIKit.stage

exit=0
/bin/rm -rf /Applications/DoorbellT35UIKit.app; /bin/mv /Applications/DoorbellT35UIKit.stage/DoorbellT35UIKit.app /Applications/DoorbellT35UIKit.app; /bin/rmdir /Applications/DoorbellT35UIKit.stage

exit=0
chown -R mobile:mobile /Applications/DoorbellT35UIKit.app; /bin/chmod 755 /Applications/DoorbellT35UIKit.app/DoorbellT35UIKit; su mobile -c /usr/bin/uicache
No matching processes belonging to you were found

exit=0
if [ -S /var/run/doorbell-keepalive.sock ]; then /usr/local/libexec/doorbell-keepalive --control begin --seconds 180 --socket /var/run/doorbell-keepalive.sock; fi; su mobile -c "/usr/bin/uiopen doorbell-t35-test://"; /bin/launchctl list | /bin/grep t35 || true
{"ok":true}
30803	-	UIKitApplication:jp.ox.doorbell.t35uitest[0x577d]

exit=0
for i in 1 2 3 4 5 6 7 8 9 10 11 12 13 14 15; do if [ -f /var/mobile/Library/DoorbellT35UIKit/result.json ]; then /bin/cat /var/mobile/Library/DoorbellT35UIKit/result.json; exit 0; fi; sleep 2; done; exit 1
{
  "selected_case" : 1,
  "source_manifest" : "38b3d57366e0f4c574955b726bbe091dc614a616b73932ef82c0e687e126ab00",
  "checks" : [
    {
      "name" : "Disabled purpose absent",
      "resident_bytes" : 15020032,
      "case" : "T35-01",
      "pass" : true
    },
    {
      "name" : "Production UIControl exists",
      "resident_bytes" : 15020032,
      "case" : "T35-01",
      "pass" : true
    },
    {
      "name" : "Purpose-first sends the selected purpose once",
      "resident_bytes" : 15077376,
      "case" : "T35-01",
      "pass" : true
    },
    {
      "name" : "Purpose-first enters ringing",
      "resident_bytes" : 15077376,
      "case" : "T35-01",
      "pass" : true
    },
    {
      "name" : "Production UIControl exists",
      "resident_bytes" : 17149952,
      "case" : "T35-01",
      "pass" : true
    },
    {
      "name" : "Visitor cancellation returns idle",
      "resident_bytes" : 17149952,
      "case" : "T35-01",
      "pass" : true
    },
    {
      "name" : "Production UIControl exists",
      "resident_bytes" : 25874432,
      "case" : "T35-01",
      "pass" : true
    },
    {
      "name" : "Ring-first sends immediately",
      "resident_bytes" : 28672000,
      "case" : "T35-01",
      "pass" : true
    },
    {
      "name" : "Actual UIKit skip button dispatched",
      "resident_bytes" : 28774400,
      "case" : "T35-01",
      "pass" : true
    },
    {
      "name" : "Skip preserves the call",
      "resident_bytes" : 28774400,
      "case" : "T35-01",
      "pass" : true
    },
    {
      "name" : "Production UIControl exists",
      "resident_bytes" : 28774400,
      "case" : "T35-01",
      "pass" : true
    },
    {
      "name" : "Production UIControl exists",
      "resident_bytes" : 37511168,
      "case" : "T35-01",
      "pass" : true
    },
    {
      "name" : "Actual UIKit purpose button dispatched",
      "resident_bytes" : 39542784,
      "case" : "T35-01",
      "pass" : true
    },
    {
      "name" : "Ring-first purpose updates existing call",
      "resident_bytes" : 39542784,
      "case" : "T35-01",
      "pass" : true
    },
    {
      "name" : "Production UIControl exists",
      "resident_bytes" : 39542784,
      "case" : "T35-01",
      "pass" : true
    }
  ],
  "version" : "1.0.0",
  "machine" : "iPad1,1",
  "boundary_calls" : [
    "audio.configured",
    "audio.configured",
    "audio.configured"
  ],
  "system_version" : "5.1.1",
  "accessibility_probe" : {
    "explicit_button_label" : "Isolated probe",
    "voice_over_running" : false,
    "explicit_button_accessible_getter" : true
  },
  "bundle_id" : "jp.ox.doorbell.t35uitest",
  "build" : "10",
  "pid" : 30803,
  "failed" : 0,
  "scope" : "Actual iPad UIKit hierarchy, production target\/actions, dialogs, timers, hit-testing and rendering. UIControl events are programmatically dispatched; no HID injection, physical rotation, VoiceOver speech or external Core action."
}
exit=0
su mobile -c "/usr/bin/uiopen doorbell://"; if [ -S /var/run/doorbell-keepalive.sock ]; then /usr/local/libexec/doorbell-keepalive --control end --socket /var/run/doorbell-keepalive.sock; fi; /bin/launchctl list | /bin/grep -E "doorbell|t35"
{"ok":true}
30803	-	UIKitApplication:jp.ox.doorbell.t35uitest[0x577d]
30692	-	UIKitApplication:jp.ox.doorbell[0xe03b]
19	-	jp.ox.doorbell.keepalive

exit=0
