{
  "selected_case" : 1,
  "source_manifest" : "38b3d57366e0f4c574955b726bbe091dc614a616b73932ef82c0e687e126ab00",
  "checks" : [
    {
      "name" : "Disabled purpose absent",
      "resident_bytes" : 15020032,
      "case" : "T35-01",
      "pass" : true
    },
    {
      "name" : "Production UIControl exists",
      "resident_bytes" : 15020032,
      "case" : "T35-01",
      "pass" : true
    },
    {
      "name" : "Purpose-first sends the selected purpose once",
      "resident_bytes" : 15077376,
      "case" : "T35-01",
      "pass" : true
    },
    {
      "name" : "Purpose-first enters ringing",
      "resident_bytes" : 15077376,
      "case" : "T35-01",
      "pass" : true
    },
    {
      "name" : "Production UIControl exists",
      "resident_bytes" : 17149952,
      "case" : "T35-01",
      "pass" : true
    },
    {
      "name" : "Visitor cancellation returns idle",
      "resident_bytes" : 17149952,
      "case" : "T35-01",
      "pass" : true
    },
    {
      "name" : "Production UIControl exists",
      "resident_bytes" : 25874432,
      "case" : "T35-01",
      "pass" : true
    },
    {
      "name" : "Ring-first sends immediately",
      "resident_bytes" : 28672000,
      "case" : "T35-01",
      "pass" : true
    },
    {
      "name" : "Actual UIKit skip button dispatched",
      "resident_bytes" : 28774400,
      "case" : "T35-01",
      "pass" : true
    },
    {
      "name" : "Skip preserves the call",
      "resident_bytes" : 28774400,
      "case" : "T35-01",
      "pass" : true
    },
    {
      "name" : "Production UIControl exists",
      "resident_bytes" : 28774400,
      "case" : "T35-01",
      "pass" : true
    },
    {
      "name" : "Production UIControl exists",
      "resident_bytes" : 37511168,
      "case" : "T35-01",
      "pass" : true
    },
    {
      "name" : "Actual UIKit purpose button dispatched",
      "resident_bytes" : 39542784,
      "case" : "T35-01",
      "pass" : true
    },
    {
      "name" : "Ring-first purpose updates existing call",
      "resident_bytes" : 39542784,
      "case" : "T35-01",
      "pass" : true
    },
    {
      "name" : "Production UIControl exists",
      "resident_bytes" : 39542784,
      "case" : "T35-01",
      "pass" : true
    }
  ],
  "version" : "1.0.0",
  "machine" : "iPad1,1",
  "boundary_calls" : [
    "audio.configured",
    "audio.configured",
    "audio.configured"
  ],
  "system_version" : "5.1.1",
  "accessibility_probe" : {
    "explicit_button_label" : "Isolated probe",
    "voice_over_running" : false,
    "explicit_button_accessible_getter" : true
  },
  "bundle_id" : "jp.ox.doorbell.t35uitest",
  "build" : "10",
  "pid" : 30803,
  "failed" : 0,
  "scope" : "Actual iPad UIKit hierarchy, production target\/actions, dialogs, timers, hit-testing and rendering. UIControl events are programmatically dispatched; no HID injection, physical rotation, VoiceOver speech or external Core action."
}
