call flow tests: ok
✔ webui/tests/call_flow.test.js (86.728916ms)
node:assert:149
  throw new AssertionError(obj);
  ^

AssertionError [ERR_ASSERTION]: door.html references missing ja catalog key language.name_
+ actual - expected

+ 'undefined'
- 'string'

    at Object.<anonymous> (/Users/ox/Documents/project/app-doorbell/build/remediation-t35-web-20260923/final-source/webui/tests/panel_i18n.test.js:59:14)
    at Module._compile (node:internal/modules/cjs/loader:1829:14)
    at Module._extensions..js (node:internal/modules/cjs/loader:1969:10)
    at Module.load (node:internal/modules/cjs/loader:1552:32)
    at Module._load (node:internal/modules/cjs/loader:1354:12)
    at wrapModuleLoad (node:internal/modules/cjs/loader:255:19)
    at Module.executeUserEntryPoint [as runMain] (node:internal/modules/run_main:154:5)
    at node:internal/main/run_main_module:33:47 {
  generatedMessage: false,
  code: 'ERR_ASSERTION',
  actual: 'undefined',
  expected: 'string',
  operator: 'strictEqual',
  diff: 'simple'
}

Node.js v25.9.0
✖ webui/tests/panel_i18n.test.js (84.41625ms)
panel runtime tests: ok
✔ webui/tests/runtime.test.js (87.672708ms)
T12-01: silent execute reaches a real deadline and exposes an unknown result: PASS
T12-02: accepted response lost; repeated recovery queries only the original intent: PASS
T12-03: permission, validation, and authentication failures remain actionable: PASS
T12-04: double activation and native timeout/watchdog/late success settle once: PASS
prepared query requires explicit same-handle execution, with no second preparation: PASS
server 500, network and malformed write replies never imply not started: PASS
page retirement cancels its request, retains the handle, and ignores late completion: PASS
all production page integrations visibly render translated SOS outcomes: PASS
silent preparation never executes or automatically creates another intent: PASS
only authoritative unstarted states permit a new preparation: PASS
a denied status query retains the ambiguous original handle: PASS
assistive button activation shares one intent, and authoritative clear permits a later SOS: PASS
page reload recovers the persisted handle by query without another SOS: PASS
✔ webui/tests/sos_operation.test.js (99.964375ms)
ℹ tests 4
ℹ suites 0
ℹ pass 3
ℹ fail 1
ℹ cancelled 0
ℹ skipped 0
ℹ todo 0
ℹ duration_ms 118.680083

✖ failing tests:

test at webui/tests/panel_i18n.test.js:1:1
✖ webui/tests/panel_i18n.test.js (84.41625ms)
  'test failed'
