total 1944
-rw-r--r--  1 mobile  mobile   3579 Sep 23 03:40 purpose-en-1024x768.json
-rw-r--r--  1 mobile  mobile  63204 Sep 23 03:40 purpose-en-1024x768.png
-rw-r--r--  1 mobile  mobile   3525 Sep 23 03:40 purpose-en-320x480.json
-rw-r--r--  1 mobile  mobile  39822 Sep 23 03:40 purpose-en-320x480.png
-rw-r--r--  1 mobile  mobile   3528 Sep 23 03:40 purpose-en-480x320.json
-rw-r--r--  1 mobile  mobile  27237 Sep 23 03:40 purpose-en-480x320.png
-rw-r--r--  1 mobile  mobile   3549 Sep 23 03:40 purpose-en-768x1024.json
-rw-r--r--  1 mobile  mobile  65639 Sep 23 03:40 purpose-en-768x1024.png
-rw-r--r--  1 mobile  mobile   3547 Sep 23 03:40 purpose-en-844x390.json
-rw-r--r--  1 mobile  mobile  50588 Sep 23 03:40 purpose-en-844x390.png
-rw-r--r--  1 mobile  mobile   3685 Sep 23 03:40 purpose-ja-1024x768.json
-rw-r--r--  1 mobile  mobile  75859 Sep 23 03:40 purpose-ja-1024x768.png
-rw-r--r--  1 mobile  mobile   3631 Sep 23 03:40 purpose-ja-320x480.json
-rw-r--r--  1 mobile  mobile  52502 Sep 23 03:40 purpose-ja-320x480.png
-rw-r--r--  1 mobile  mobile   3630 Sep 23 03:40 purpose-ja-480x320.json
-rw-r--r--  1 mobile  mobile  35987 Sep 23 03:40 purpose-ja-480x320.png
-rw-r--r--  1 mobile  mobile   3655 Sep 23 03:40 purpose-ja-768x1024.json
-rw-r--r--  1 mobile  mobile  81452 Sep 23 03:40 purpose-ja-768x1024.png
-rw-r--r--  1 mobile  mobile   3653 Sep 23 03:40 purpose-ja-844x390.json
-rw-r--r--  1 mobile  mobile  64298 Sep 23 03:40 purpose-ja-844x390.png
-rw-r--r--  1 mobile  mobile   3545 Sep 23 03:40 purpose-zh-1024x768.json
-rw-r--r--  1 mobile  mobile  70964 Sep 23 03:40 purpose-zh-1024x768.png
-rw-r--r--  1 mobile  mobile   3494 Sep 23 03:40 purpose-zh-320x480.json
-rw-r--r--  1 mobile  mobile  51897 Sep 23 03:40 purpose-zh-320x480.png
-rw-r--r--  1 mobile  mobile   3494 Sep 23 03:40 purpose-zh-480x320.json
-rw-r--r--  1 mobile  mobile  29787 Sep 23 03:40 purpose-zh-480x320.png
-rw-r--r--  1 mobile  mobile   3515 Sep 23 03:40 purpose-zh-768x1024.json
-rw-r--r--  1 mobile  mobile  76374 Sep 23 03:40 purpose-zh-768x1024.png
-rw-r--r--  1 mobile  mobile   3513 Sep 23 03:40 purpose-zh-844x390.json
-rw-r--r--  1 mobile  mobile  57614 Sep 23 03:40 purpose-zh-844x390.png
-rwxr-xr-x  1 root    mobile  54752 Sep 23 03:40 register
-rw-r--r--  1 mobile  mobile    487 Sep 23 03:40 result.json
