total 6248
-rw-r--r--  1 mobile  mobile   23469 Sep 23 03:41 actions-en-1024x768.json
-rw-r--r--  1 mobile  mobile  112775 Sep 23 03:41 actions-en-1024x768.png
-rw-r--r--  1 mobile  mobile   22985 Sep 23 03:41 actions-en-320x480.json
-rw-r--r--  1 mobile  mobile   23630 Sep 23 03:41 actions-en-320x480.png
-rw-r--r--  1 mobile  mobile   23065 Sep 23 03:41 actions-en-480x320.json
-rw-r--r--  1 mobile  mobile   20595 Sep 23 03:41 actions-en-480x320.png
-rw-r--r--  1 mobile  mobile   23004 Sep 23 03:41 actions-en-768x1024.json
-rw-r--r--  1 mobile  mobile  125598 Sep 23 03:41 actions-en-768x1024.png
-rw-r--r--  1 mobile  mobile   23479 Sep 23 03:41 actions-en-844x390.json
-rw-r--r--  1 mobile  mobile   35490 Sep 23 03:41 actions-en-844x390.png
-rw-r--r--  1 mobile  mobile   23475 Sep 23 03:41 actions-ja-1024x768.json
-rw-r--r--  1 mobile  mobile  128217 Sep 23 03:41 actions-ja-1024x768.png
-rw-r--r--  1 mobile  mobile   22991 Sep 23 03:41 actions-ja-320x480.json
-rw-r--r--  1 mobile  mobile   28474 Sep 23 03:41 actions-ja-320x480.png
-rw-r--r--  1 mobile  mobile   23069 Sep 23 03:41 actions-ja-480x320.json
-rw-r--r--  1 mobile  mobile   21242 Sep 23 03:41 actions-ja-480x320.png
-rw-r--r--  1 mobile  mobile   23014 Sep 23 03:41 actions-ja-768x1024.json
-rw-r--r--  1 mobile  mobile  133053 Sep 23 03:41 actions-ja-768x1024.png
-rw-r--r--  1 mobile  mobile   23489 Sep 23 03:41 actions-ja-844x390.json
-rw-r--r--  1 mobile  mobile   49388 Sep 23 03:41 actions-ja-844x390.png
-rw-r--r--  1 mobile  mobile   23446 Sep 23 03:41 actions-zh-1024x768.json
-rw-r--r--  1 mobile  mobile  100384 Sep 23 03:41 actions-zh-1024x768.png
-rw-r--r--  1 mobile  mobile   22958 Sep 23 03:41 actions-zh-320x480.json
-rw-r--r--  1 mobile  mobile   29185 Sep 23 03:41 actions-zh-320x480.png
-rw-r--r--  1 mobile  mobile   23040 Sep 23 03:41 actions-zh-480x320.json
-rw-r--r--  1 mobile  mobile   20844 Sep 23 03:41 actions-zh-480x320.png
-rw-r--r--  1 mobile  mobile   22977 Sep 23 03:41 actions-zh-768x1024.json
-rw-r--r--  1 mobile  mobile  106000 Sep 23 03:41 actions-zh-768x1024.png
-rw-r--r--  1 mobile  mobile   23452 Sep 23 03:41 actions-zh-844x390.json
-rw-r--r--  1 mobile  mobile   48266 Sep 23 03:41 actions-zh-844x390.png
-rw-r--r--  1 mobile  mobile   22975 Sep 23 03:41 answered-cancel-rejected.json
-rw-r--r--  1 mobile  mobile   13226 Sep 23 03:41 answered-cancel-rejected.png
drwxr-xr-x  4 mobile  mobile     128 Sep 23 03:41 core-E251EF31-F343-4393-A631-5D9861649CA8
-rw-r--r--  1 mobile  mobile   22940 Sep 23 03:41 home-purpose-first.json
-rw-r--r--  1 mobile  mobile   50408 Sep 23 03:41 home-purpose-first.png
-rw-r--r--  1 mobile  mobile   32323 Sep 23 03:41 progress.json
-rw-r--r--  1 mobile  mobile    3576 Sep 23 03:41 purpose-en-1024x768.json
-rw-r--r--  1 mobile  mobile  112083 Sep 23 03:41 purpose-en-1024x768.png
-rw-r--r--  1 mobile  mobile    3541 Sep 23 03:41 purpose-en-320x480.json
-rw-r--r--  1 mobile  mobile   29064 Sep 23 03:41 purpose-en-320x480.png
-rw-r--r--  1 mobile  mobile    3539 Sep 23 03:41 purpose-en-480x320.json
-rw-r--r--  1 mobile  mobile   22995 Sep 23 03:41 purpose-en-480x320.png
-rw-r--r--  1 mobile  mobile    3545 Sep 23 03:41 purpose-en-768x1024.json
-rw-r--r--  1 mobile  mobile  124332 Sep 23 03:41 purpose-en-768x1024.png
-rw-r--r--  1 mobile  mobile    3544 Sep 23 03:41 purpose-en-844x390.json
-rw-r--r--  1 mobile  mobile   44273 Sep 23 03:41 purpose-en-844x390.png
-rw-r--r--  1 mobile  mobile   23002 Sep 23 03:41 purpose-first-calling.json
-rw-r--r--  1 mobile  mobile   30591 Sep 23 03:41 purpose-first-calling.png
-rw-r--r--  1 mobile  mobile    3681 Sep 23 03:41 purpose-ja-1024x768.json
-rw-r--r--  1 mobile  mobile  140670 Sep 23 03:41 purpose-ja-1024x768.png
-rw-r--r--  1 mobile  mobile    3653 Sep 23 03:41 purpose-ja-320x480.json
-rw-r--r--  1 mobile  mobile   41018 Sep 23 03:41 purpose-ja-320x480.png
-rw-r--r--  1 mobile  mobile    3634 Sep 23 03:41 purpose-ja-480x320.json
-rw-r--r--  1 mobile  mobile   50388 Sep 23 03:41 purpose-ja-480x320.png
-rw-r--r--  1 mobile  mobile    3649 Sep 23 03:41 purpose-ja-768x1024.json
-rw-r--r--  1 mobile  mobile  168789 Sep 23 03:41 purpose-ja-768x1024.png
-rw-r--r--  1 mobile  mobile    3648 Sep 23 03:41 purpose-ja-844x390.json
-rw-r--r--  1 mobile  mobile   80435 Sep 23 03:41 purpose-ja-844x390.png
-rw-r--r--  1 mobile  mobile    3527 Sep 23 03:41 purpose-zh-1024x768.json
-rw-r--r--  1 mobile  mobile  133932 Sep 23 03:41 purpose-zh-1024x768.png
-rw-r--r--  1 mobile  mobile    3504 Sep 23 03:41 purpose-zh-320x480.json
-rw-r--r--  1 mobile  mobile   30551 Sep 23 03:41 purpose-zh-320x480.png
-rw-r--r--  1 mobile  mobile    3508 Sep 23 03:41 purpose-zh-480x320.json
-rw-r--r--  1 mobile  mobile   32388 Sep 23 03:41 purpose-zh-480x320.png
-rw-r--r--  1 mobile  mobile    3514 Sep 23 03:41 purpose-zh-768x1024.json
-rw-r--r--  1 mobile  mobile  140876 Sep 23 03:41 purpose-zh-768x1024.png
-rw-r--r--  1 mobile  mobile    3500 Sep 23 03:41 purpose-zh-844x390.json
-rw-r--r--  1 mobile  mobile   67471 Sep 23 03:41 purpose-zh-844x390.png
-rwxr-xr-x  1 root    mobile   54752 Sep 23 03:41 register
-rw-r--r--  1 mobile  mobile   32772 Sep 23 03:41 result.json
-rw-r--r--  1 mobile  mobile    8447 Sep 23 03:41 ring-first-purpose-sheet.json
-rw-r--r--  1 mobile  mobile   84217 Sep 23 03:41 ring-first-purpose-sheet.png
-rw-r--r--  1 mobile  mobile   22976 Sep 23 03:41 sos-presentation-only.json
-rw-r--r--  1 mobile  mobile   22126 Sep 23 03:41 sos-presentation-only.png
-rw-r--r--  1 mobile  mobile    1887 Sep 23 03:41 sos-review-underlay.json
-rw-r--r--  1 mobile  mobile   17389 Sep 23 03:41 sos-review-underlay.png
-rw-r--r--  1 mobile  mobile    6896 Sep 23 03:41 sos-review.json
-rw-r--r--  1 mobile  mobile   12956 Sep 23 03:41 sos-review.png
