total 6456
-rw-r--r--  1 mobile  mobile   23244 Sep 23 03:57 actions-en-1024x768.json
-rw-r--r--  1 mobile  mobile  108695 Sep 23 03:57 actions-en-1024x768.png
-rw-r--r--  1 mobile  mobile   22791 Sep 23 03:56 actions-en-320x480.json
-rw-r--r--  1 mobile  mobile   17522 Sep 23 03:56 actions-en-320x480.png
-rw-r--r--  1 mobile  mobile   22869 Sep 23 03:56 actions-en-480x320.json
-rw-r--r--  1 mobile  mobile   17036 Sep 23 03:56 actions-en-480x320.png
-rw-r--r--  1 mobile  mobile   22778 Sep 23 03:57 actions-en-768x1024.json
-rw-r--r--  1 mobile  mobile  121866 Sep 23 03:57 actions-en-768x1024.png
-rw-r--r--  1 mobile  mobile   23250 Sep 23 03:57 actions-en-844x390.json
-rw-r--r--  1 mobile  mobile   31680 Sep 23 03:57 actions-en-844x390.png
-rw-r--r--  1 mobile  mobile   23475 Sep 23 03:57 actions-ja-1024x768.json
-rw-r--r--  1 mobile  mobile  128217 Sep 23 03:57 actions-ja-1024x768.png
-rw-r--r--  1 mobile  mobile   22979 Sep 23 03:57 actions-ja-320x480.json
-rw-r--r--  1 mobile  mobile   28474 Sep 23 03:57 actions-ja-320x480.png
-rw-r--r--  1 mobile  mobile   23069 Sep 23 03:57 actions-ja-480x320.json
-rw-r--r--  1 mobile  mobile   21242 Sep 23 03:57 actions-ja-480x320.png
-rw-r--r--  1 mobile  mobile   23014 Sep 23 03:57 actions-ja-768x1024.json
-rw-r--r--  1 mobile  mobile  133053 Sep 23 03:57 actions-ja-768x1024.png
-rw-r--r--  1 mobile  mobile   23489 Sep 23 03:57 actions-ja-844x390.json
-rw-r--r--  1 mobile  mobile   49388 Sep 23 03:57 actions-ja-844x390.png
-rw-r--r--  1 mobile  mobile   23250 Sep 23 03:57 actions-zh-1024x768.json
-rw-r--r--  1 mobile  mobile   97723 Sep 23 03:57 actions-zh-1024x768.png
-rw-r--r--  1 mobile  mobile   22837 Sep 23 03:57 actions-zh-320x480.json
-rw-r--r--  1 mobile  mobile   26485 Sep 23 03:57 actions-zh-320x480.png
-rw-r--r--  1 mobile  mobile   22853 Sep 23 03:57 actions-zh-480x320.json
-rw-r--r--  1 mobile  mobile   18921 Sep 23 03:57 actions-zh-480x320.png
-rw-r--r--  1 mobile  mobile   22778 Sep 23 03:57 actions-zh-768x1024.json
-rw-r--r--  1 mobile  mobile  103090 Sep 23 03:57 actions-zh-768x1024.png
-rw-r--r--  1 mobile  mobile   23249 Sep 23 03:57 actions-zh-844x390.json
-rw-r--r--  1 mobile  mobile   45388 Sep 23 03:57 actions-zh-844x390.png
-rw-r--r--  1 mobile  mobile   16800 Sep 23 03:57 actual-offline.json
-rw-r--r--  1 mobile  mobile   26786 Sep 23 03:57 actual-offline.png
-rw-r--r--  1 mobile  mobile   22758 Sep 23 03:57 answered-cancel-rejected.json
-rw-r--r--  1 mobile  mobile   11230 Sep 23 03:57 answered-cancel-rejected.png
drwxr-xr-x  4 mobile  mobile     128 Sep 23 03:45 core-882F8525-BB66-4E9F-BA6C-40CEDB657671
drwxr-xr-x  4 mobile  mobile     128 Sep 23 03:49 core-93BD2CEF-3D4F-42D2-AEA0-E3CB83B62F7A
drwxr-xr-x  4 mobile  mobile     128 Sep 23 03:53 core-9843AAAA-B8D5-494A-ADF6-F0B39E5EB528
drwxr-xr-x  4 mobile  mobile     128 Sep 23 03:57 core-DCD13395-B82D-43B5-B5A5-6F0A6DD1B837
drwxr-xr-x  4 mobile  mobile     128 Sep 23 03:41 core-E251EF31-F343-4393-A631-5D9861649CA8
-rw-r--r--  1 mobile  mobile   22763 Sep 23 03:57 held-cancel-cross-call.json
-rw-r--r--  1 mobile  mobile   24469 Sep 23 03:57 held-cancel-cross-call.png
-rw-r--r--  1 mobile  mobile   22760 Sep 23 03:57 held-end-cross-call.json
-rw-r--r--  1 mobile  mobile   11230 Sep 23 03:57 held-end-cross-call.png
-rw-r--r--  1 mobile  mobile   22741 Sep 23 03:57 home-purpose-first.json
-rw-r--r--  1 mobile  mobile   46719 Sep 23 03:57 home-purpose-first.png
-rw-r--r--  1 mobile  mobile   37736 Sep 23 03:57 progress.json
-rw-r--r--  1 mobile  mobile    3576 Sep 23 03:57 purpose-en-1024x768.json
-rw-r--r--  1 mobile  mobile  112083 Sep 23 03:57 purpose-en-1024x768.png
-rw-r--r--  1 mobile  mobile    3541 Sep 23 03:56 purpose-en-320x480.json
-rw-r--r--  1 mobile  mobile   29064 Sep 23 03:56 purpose-en-320x480.png
-rw-r--r--  1 mobile  mobile    3539 Sep 23 03:56 purpose-en-480x320.json
-rw-r--r--  1 mobile  mobile   22995 Sep 23 03:56 purpose-en-480x320.png
-rw-r--r--  1 mobile  mobile    3545 Sep 23 03:57 purpose-en-768x1024.json
-rw-r--r--  1 mobile  mobile  124332 Sep 23 03:57 purpose-en-768x1024.png
-rw-r--r--  1 mobile  mobile    3544 Sep 23 03:57 purpose-en-844x390.json
-rw-r--r--  1 mobile  mobile   44273 Sep 23 03:57 purpose-en-844x390.png
-rw-r--r--  1 mobile  mobile   22795 Sep 23 03:57 purpose-first-calling.json
-rw-r--r--  1 mobile  mobile   26518 Sep 23 03:57 purpose-first-calling.png
-rw-r--r--  1 mobile  mobile    7973 Sep 23 03:57 purpose-first-diagnostic.json
-rw-r--r--  1 mobile  mobile    3681 Sep 23 03:57 purpose-ja-1024x768.json
-rw-r--r--  1 mobile  mobile  140670 Sep 23 03:57 purpose-ja-1024x768.png
-rw-r--r--  1 mobile  mobile    3653 Sep 23 03:57 purpose-ja-320x480.json
-rw-r--r--  1 mobile  mobile   41018 Sep 23 03:57 purpose-ja-320x480.png
-rw-r--r--  1 mobile  mobile    3634 Sep 23 03:57 purpose-ja-480x320.json
-rw-r--r--  1 mobile  mobile   50388 Sep 23 03:57 purpose-ja-480x320.png
-rw-r--r--  1 mobile  mobile    3649 Sep 23 03:57 purpose-ja-768x1024.json
-rw-r--r--  1 mobile  mobile  168789 Sep 23 03:57 purpose-ja-768x1024.png
-rw-r--r--  1 mobile  mobile    3648 Sep 23 03:57 purpose-ja-844x390.json
-rw-r--r--  1 mobile  mobile   80435 Sep 23 03:57 purpose-ja-844x390.png
-rw-r--r--  1 mobile  mobile    3527 Sep 23 03:57 purpose-zh-1024x768.json
-rw-r--r--  1 mobile  mobile  133932 Sep 23 03:57 purpose-zh-1024x768.png
-rw-r--r--  1 mobile  mobile    3504 Sep 23 03:57 purpose-zh-320x480.json
-rw-r--r--  1 mobile  mobile   30551 Sep 23 03:57 purpose-zh-320x480.png
-rw-r--r--  1 mobile  mobile    3508 Sep 23 03:57 purpose-zh-480x320.json
-rw-r--r--  1 mobile  mobile   32388 Sep 23 03:57 purpose-zh-480x320.png
-rw-r--r--  1 mobile  mobile    3514 Sep 23 03:57 purpose-zh-768x1024.json
-rw-r--r--  1 mobile  mobile  140876 Sep 23 03:57 purpose-zh-768x1024.png
-rw-r--r--  1 mobile  mobile    3500 Sep 23 03:57 purpose-zh-844x390.json
-rw-r--r--  1 mobile  mobile   67471 Sep 23 03:57 purpose-zh-844x390.png
-rwxr-xr-x  1 root    mobile   54752 Sep 23 03:56 register
drwxr-xr-x  4 mobile  mobile     128 Sep 23 03:57 restart-3A249477-D1C4-4319-9B14-E36451FF0E85
-rw-r--r--  1 mobile  mobile   38185 Sep 23 03:57 result.json
-rw-r--r--  1 mobile  mobile    8309 Sep 23 03:57 ring-first-purpose-sheet.json
-rw-r--r--  1 mobile  mobile   72065 Sep 23 03:57 ring-first-purpose-sheet.png
-rw-r--r--  1 mobile  mobile    7948 Sep 23 03:57 ring-flow-diagnostic.json
-rw-r--r--  1 mobile  mobile   22759 Sep 23 03:57 sos-presentation-only.json
-rw-r--r--  1 mobile  mobile   21416 Sep 23 03:57 sos-presentation-only.png
-rw-r--r--  1 mobile  mobile    1887 Sep 23 03:57 sos-review-underlay.json
-rw-r--r--  1 mobile  mobile   17389 Sep 23 03:57 sos-review-underlay.png
-rw-r--r--  1 mobile  mobile    6896 Sep 23 03:57 sos-review.json
-rw-r--r--  1 mobile  mobile   12956 Sep 23 03:57 sos-review.png
