<?xml version="1.0" encoding="UTF-8"?>
<!DOCTYPE plist PUBLIC "-//Apple//DTD PLIST 1.0//EN" "http://www.apple.com/DTDs/PropertyList-1.0.dtd">
<plist version="1.0">
<dict>
	<key>CFBundleDisplayName</key>
	<string>T35 UIKit</string>
	<key>CFBundleExecutable</key>
	<string>DoorbellT35UIKit</string>
	<key>CFBundleIdentifier</key>
	<string>jp.ox.doorbell.t35uitest</string>
	<key>CFBundleInfoDictionaryVersion</key>
	<string>6.0</string>
	<key>CFBundleName</key>
	<string>T35 UIKit</string>
	<key>CFBundlePackageType</key>
	<string>APPL</string>
	<key>CFBundleShortVersionString</key>
	<string>1.0.0</string>
	<key>CFBundleSupportedPlatforms</key>
	<array>
		<string>iPhoneOS</string>
	</array>
	<key>CFBundleURLTypes</key>
	<array>
		<dict>
			<key>CFBundleURLSchemes</key>
			<array>
				<string>doorbell-t35-test</string>
			</array>
		</dict>
	</array>
	<key>CFBundleVersion</key>
	<string>7</string>
	<key>LSRequiresIPhoneOS</key>
	<true/>
	<key>MinimumOSVersion</key>
	<string>5.1</string>
	<key>T35SourceManifest</key>
	<string>f57098ce19961c6e4ec3965f6fd2b53de03dfe5acc9400c96a24a48dc6147af7</string>
	<key>UIDeviceFamily</key>
	<array>
		<integer>2</integer>
	</array>
	<key>UIRequiredDeviceCapabilities</key>
	<array>
		<string>armv7</string>
	</array>
	<key>UIStatusBarHidden</key>
	<true/>
	<key>UISupportedInterfaceOrientations</key>
	<array>
		<string>UIInterfaceOrientationPortrait</string>
		<string>UIInterfaceOrientationLandscapeLeft</string>
		<string>UIInterfaceOrientationLandscapeRight</string>
	</array>
</dict>
</plist>
30245	-	UIKitApplication:jp.ox.doorbell[0x1d44]
19	-	jp.ox.doorbell.keepalive
