for pid in $(/bin/launchctl list | /bin/grep "UIKitApplication:jp.ox.doorbell.t35uitest" | /bin/sed "s/[[:space:]].*//"); do case "$pid" in [0-9]*) kill -9 "$pid";; esac; done; killall DoorbellT35UIKi 2>/dev/null || true

exit=0
/bin/mkdir -p /var/mobile/Library/DoorbellT35UIKit; chown mobile:mobile /var/mobile/Library/DoorbellT35UIKit; /bin/rm -f /var/mobile/Library/DoorbellT35UIKit/result.json

exit=0
killall DoorbellT35UIKit 2>/dev/null || true; /bin/mkdir -p /Applications/DoorbellT35UIKit.stage

exit=0
/bin/rm -rf /Applications/DoorbellT35UIKit.app; /bin/mv /Applications/DoorbellT35UIKit.stage/DoorbellT35UIKit.app /Applications/DoorbellT35UIKit.app; /bin/rmdir /Applications/DoorbellT35UIKit.stage

exit=0
chown -R mobile:mobile /Applications/DoorbellT35UIKit.app; /bin/chmod 755 /Applications/DoorbellT35UIKit.app/DoorbellT35UIKit; su mobile -c /usr/bin/uicache
No matching processes belonging to you were found

exit=0
if [ -S /var/run/doorbell-keepalive.sock ]; then /usr/local/libexec/doorbell-keepalive --control begin --seconds 180 --socket /var/run/doorbell-keepalive.sock; fi; su mobile -c "/usr/bin/uiopen doorbell-t35-test://"; /bin/launchctl list | /bin/grep t35 || true
{"ok":true}
30599	-	UIKitApplication:jp.ox.doorbell.t35uitest[0x4fd3]

exit=0
su mobile -c "/usr/bin/uiopen doorbell://"; if [ -S /var/run/doorbell-keepalive.sock ]; then /usr/local/libexec/doorbell-keepalive --control end --socket /var/run/doorbell-keepalive.sock; fi; /bin/launchctl list | /bin/grep -E "doorbell|t35"
{"ok":true}
30245	-	UIKitApplication:jp.ox.doorbell[0x1d44]
19	-	jp.ox.doorbell.keepalive

exit=0
/bin/mkdir -p /var/mobile/Library/DoorbellT35UIKit; chown mobile:mobile /var/mobile/Library/DoorbellT35UIKit; /bin/rm -f /var/mobile/Library/DoorbellT35UIKit/result.json

exit=0
killall DoorbellT35UIKit 2>/dev/null || true; /bin/mkdir -p /Applications/DoorbellT35UIKit.stage

exit=0
/bin/rm -rf /Applications/DoorbellT35UIKit.app; /bin/mv /Applications/DoorbellT35UIKit.stage/DoorbellT35UIKit.app /Applications/DoorbellT35UIKit.app; /bin/rmdir /Applications/DoorbellT35UIKit.stage

exit=0
chown -R mobile:mobile /Applications/DoorbellT35UIKit.app; /bin/chmod 755 /Applications/DoorbellT35UIKit.app/DoorbellT35UIKit; su mobile -c /usr/bin/uicache
No matching processes belonging to you were found

exit=0
if [ -S /var/run/doorbell-keepalive.sock ]; then /usr/local/libexec/doorbell-keepalive --control begin --seconds 180 --socket /var/run/doorbell-keepalive.sock; fi; su mobile -c "/usr/bin/uiopen doorbell-t35-test://"; /bin/launchctl list | /bin/grep t35 || true
{"ok":true}
30660	-	UIKitApplication:jp.ox.doorbell.t35uitest[0x2105]

exit=0
/bin/launchctl list | /bin/grep -E "doorbell|t35"; /bin/ls -l /var/mobile/Library/DoorbellT35UIKit; /bin/cat /var/mobile/Library/DoorbellT35UIKit/result.json /var/mobile/Library/DoorbellT35UIKit/launch.log
30245	-	UIKitApplication:jp.ox.doorbell[0x1d44]
19	-	jp.ox.doorbell.keepalive
total 1104
-rw-r--r-- 1 mobile mobile  19110 Sep 23 02:56 01-purpose-first-ringing.json
-rw-r--r-- 1 mobile mobile  33911 Sep 23 02:56 01-purpose-first-ringing.png
-rw-r--r-- 1 mobile mobile  33649 Sep 23 02:56 01-ring-first-chooser.json
-rw-r--r-- 1 mobile mobile  53099 Sep 23 02:56 01-ring-first-chooser.png
-rw-r--r-- 1 mobile mobile  19082 Sep 23 02:56 02-connected.json
-rw-r--r-- 1 mobile mobile  26499 Sep 23 02:56 02-connected.png
-rw-r--r-- 1 mobile mobile  19091 Sep 23 02:47 03-emergency.json
-rw-r--r-- 1 mobile mobile  30102 Sep 23 02:47 03-emergency.png
-rw-r--r-- 1 mobile mobile  19090 Sep 23 02:47 03-network-failure.json
-rw-r--r-- 1 mobile mobile  49452 Sep 23 02:47 03-network-failure.png
-rw-r--r-- 1 mobile mobile  31598 Sep 23 02:47 03-sos-confirmation.json
-rw-r--r-- 1 mobile mobile  71251 Sep 23 02:47 03-sos-confirmation.png
-rw-r--r-- 1 mobile mobile  19470 Sep 23 02:47 04-en-landscape-size-large.json
-rw-r--r-- 1 mobile mobile  54543 Sep 23 02:47 04-en-landscape-size-large.png
-rw-r--r-- 1 mobile mobile  19465 Sep 23 02:47 04-en-portrait-size-large.json
-rw-r--r-- 1 mobile mobile  82714 Sep 23 02:47 04-en-portrait-size-large.png
-rw-r--r-- 1 mobile mobile  19571 Sep 23 02:47 04-ja-landscape-size-large.json
-rw-r--r-- 1 mobile mobile  63969 Sep 23 02:47 04-ja-landscape-size-large.png
-rw-r--r-- 1 mobile mobile  19568 Sep 23 02:47 04-ja-portrait-size-large.json
-rw-r--r-- 1 mobile mobile 101445 Sep 23 02:47 04-ja-portrait-size-large.png
-rw-r--r-- 1 mobile mobile  19507 Sep 23 02:47 04-zh-landscape-size-large.json
-rw-r--r-- 1 mobile mobile  61943 Sep 23 02:47 04-zh-landscape-size-large.png
-rw-r--r-- 1 mobile mobile  19504 Sep 23 02:47 04-zh-portrait-size-large.json
-rw-r--r-- 1 mobile mobile  98993 Sep 23 02:47 04-zh-portrait-size-large.png
-rw-r--r-- 1 mobile mobile    126 Sep 23 02:56 accessibility-probe.json
-rw-r--r-- 1 mobile mobile      0 Sep 23 02:41 launch.log
-rw-r--r-- 1 mobile mobile   3955 Sep 23 02:56 progress.json
-rw-r--r-- 1 mobile mobile   3575 Sep 23 02:56 runner.log
/bin/cat: /var/mobile/Library/DoorbellT35UIKit/result.json: No such file or directory

exit=1
/bin/ls -lt /var/mobile/Library/Logs/CrashReporter/DoorbellT35* 2>/dev/null; /bin/cat /Applications/DoorbellT35UIKit.app/Info.plist; /bin/launchctl list | /bin/grep -E "doorbell|t35"
<?xml version="1.0" encoding="UTF-8"?>
<!DOCTYPE plist PUBLIC "-//Apple//DTD PLIST 1.0//EN" "http://www.apple.com/DTDs/PropertyList-1.0.dtd">
<plist version="1.0">
<dict>
	<key>CFBundleDisplayName</key>
	<string>T35 UIKit</string>
	<key>CFBundleExecutable</key>
	<string>DoorbellT35UIKit</string>
	<key>CFBundleIdentifier</key>
	<string>jp.ox.doorbell.t35uitest</string>
	<key>CFBundleInfoDictionaryVersion</key>
	<string>6.0</string>
	<key>CFBundleName</key>
	<string>T35 UIKit</string>
	<key>CFBundlePackageType</key>
	<string>APPL</string>
	<key>CFBundleShortVersionString</key>
	<string>1.0.0</string>
	<key>CFBundleSupportedPlatforms</key>
	<array>
		<string>iPhoneOS</string>
	</array>
	<key>CFBundleURLTypes</key>
	<array>
		<dict>
			<key>CFBundleURLSchemes</key>
			<array>
				<string>doorbell-t35-test</string>
			</array>
		</dict>
	</array>
	<key>CFBundleVersion</key>
	<string>7</string>
	<key>LSRequiresIPhoneOS</key>
	<true/>
	<key>MinimumOSVersion</key>
	<string>5.1</string>
	<key>T35SourceManifest</key>
	<string>f57098ce19961c6e4ec3965f6fd2b53de03dfe5acc9400c96a24a48dc6147af7</string>
	<key>UIDeviceFamily</key>
	<array>
		<integer>2</integer>
	</array>
	<key>UIRequiredDeviceCapabilities</key>
	<array>
		<string>armv7</string>
	</array>
	<key>UIStatusBarHidden</key>
	<true/>
	<key>UISupportedInterfaceOrientations</key>
	<array>
		<string>UIInterfaceOrientationPortrait</string>
		<string>UIInterfaceOrientationLandscapeLeft</string>
		<string>UIInterfaceOrientationLandscapeRight</string>
	</array>
</dict>
</plist>
30245	-	UIKitApplication:jp.ox.doorbell[0x1d44]
19	-	jp.ox.doorbell.keepalive

exit=0
