To honour the JVM settings for this build a single-use Daemon process will be forked. For more on this, please refer to https://docs.gradle.org/8.11.1/userguide/gradle_daemon.html#sec:disabling_the_daemon in the Gradle documentation.
Daemon will be stopped at the end of the build 
Warning: SDK processing. This version only understands SDK XML versions up to 3 but an SDK XML file of version 4 was encountered. This can happen if you use versions of Android Studio and the command-line tools that were released at different times.
> Task :app:preBuild UP-TO-DATE
> Task :app:preModernDebugBuild UP-TO-DATE
> Task :app:mergeModernDebugNativeDebugMetadata NO-SOURCE
> Task :app:checkKotlinGradlePluginConfigurationErrors SKIPPED
> Task :app:generateModernDebugBuildConfig UP-TO-DATE
> Task :app:checkModernDebugAarMetadata UP-TO-DATE
> Task :app:generateModernDebugResValues UP-TO-DATE
> Task :app:mapModernDebugSourceSetPaths UP-TO-DATE
> Task :app:generateModernDebugResources UP-TO-DATE
> Task :app:mergeModernDebugResources UP-TO-DATE
> Task :app:packageModernDebugResources UP-TO-DATE
> Task :app:parseModernDebugLocalResources UP-TO-DATE
> Task :app:createModernDebugCompatibleScreenManifests UP-TO-DATE
> Task :app:extractDeepLinksModernDebug UP-TO-DATE
> Task :app:processModernDebugMainManifest UP-TO-DATE
> Task :app:processModernDebugManifest UP-TO-DATE
> Task :app:processModernDebugManifestForPackage UP-TO-DATE
> Task :app:processModernDebugResources UP-TO-DATE
> Task :app:compileModernDebugKotlin UP-TO-DATE
> Task :app:javaPreCompileModernDebug UP-TO-DATE
> Task :app:compileModernDebugJavaWithJavac UP-TO-DATE
> Task :app:mergeModernDebugShaders UP-TO-DATE
> Task :app:compileModernDebugShaders NO-SOURCE
> Task :app:generateModernDebugAssets UP-TO-DATE
> Task :app:mergeModernDebugAssets UP-TO-DATE
> Task :app:compressModernDebugAssets UP-TO-DATE
> Task :app:checkModernDebugDuplicateClasses UP-TO-DATE
> Task :app:desugarModernDebugFileDependencies UP-TO-DATE
> Task :app:mergeExtDexModernDebug UP-TO-DATE
> Task :app:mergeLibDexModernDebug UP-TO-DATE
> Task :app:dexBuilderModernDebug UP-TO-DATE
> Task :app:mergeModernDebugGlobalSynthetics UP-TO-DATE
> Task :app:processModernDebugJavaRes UP-TO-DATE
> Task :app:mergeModernDebugJavaResource UP-TO-DATE
> Task :app:mergeProjectDexModernDebug UP-TO-DATE
> Task :app:configureCMakeDebug[arm64-v8a]
> Task :app:buildCMakeDebug[arm64-v8a][doorbell]
> Task :app:configureCMakeDebug[armeabi-v7a]
> Task :app:buildCMakeDebug[armeabi-v7a][doorbell]
> Task :app:configureCMakeDebug[x86_64]
> Task :app:buildCMakeDebug[x86_64][doorbell]
> Task :app:mergeModernDebugJniLibFolders UP-TO-DATE
> Task :app:validateSigningModernDebug UP-TO-DATE
> Task :app:writeModernDebugAppMetadata UP-TO-DATE
> Task :app:writeModernDebugSigningConfigVersions UP-TO-DATE
> Task :app:bundleModernDebugClassesToRuntimeJar UP-TO-DATE
> Task :app:bundleModernDebugClassesToCompileJar UP-TO-DATE
> Task :app:compileModernDebugUnitTestKotlin UP-TO-DATE
> Task :app:preModernDebugUnitTestBuild UP-TO-DATE
> Task :app:javaPreCompileModernDebugUnitTest UP-TO-DATE
> Task :app:compileModernDebugUnitTestJavaWithJavac NO-SOURCE
> Task :app:processModernDebugUnitTestJavaRes UP-TO-DATE
> Task :app:testModernDebugUnitTest UP-TO-DATE
> Task :app:preModernDebugAndroidTestBuild SKIPPED
> Task :app:generateModernDebugAndroidTestResValues UP-TO-DATE
> Task :app:generateModernDebugAndroidTestLintModel UP-TO-DATE
> Task :app:extractProguardFiles UP-TO-DATE
> Task :app:generateModernDebugLintReportModel UP-TO-DATE
> Task :app:generateModernDebugUnitTestLintModel UP-TO-DATE
> Task :app:mergeModernDebugNativeLibs
> Task :app:lintAnalyzeModernDebug UP-TO-DATE
> Task :app:lintAnalyzeModernDebugAndroidTest UP-TO-DATE
> Task :app:lintAnalyzeModernDebugUnitTest UP-TO-DATE
> Task :app:lintReportModernDebug UP-TO-DATE
> Task :app:lintModernDebug
> Task :app:stripModernDebugDebugSymbols
> Task :app:packageModernDebug
> Task :app:createModernDebugApkListingFileRedirect UP-TO-DATE
> Task :app:assembleModernDebug

BUILD SUCCESSFUL in 1m 4s
59 actionable tasks: 10 executed, 49 up-to-date
