admin logic tests: ok
admin runtime tests: ok
call flow tests: ok
call recovery controller tests: ok
T09 production read deadline: PASS
call state controller tests: ok
pairing tests: ok
pairing uri tests: ok
panel i18n tests: ok
playback policy tests: ok
T09-01: silent production XHR times out once and releases its lane: PASS
T09-02: native timeout and watchdog settle once in both orders with no timers: PASS
T09-03: late cancelled success/error cannot replace or release the successor: PASS
T09-04: no AbortController, Promise or fetch; legacy XHR watchdog remains bounded: PASS
request deadline classifications, headers/body, frozen generation and no write retry: PASS
panel runtime tests: ok
service worker tests: ok
settings tests: ok
call return tests: ok
theme and notice tests: ok
video session tests: ok
Web suites: 14
