-- The C compiler identification is AppleClang 21.0.0.21000101
-- The CXX compiler identification is AppleClang 21.0.0.21000101
-- Detecting C compiler ABI info
-- Detecting C compiler ABI info - done
-- Check for working C compiler: /usr/bin/cc - skipped
-- Detecting C compile features
-- Detecting C compile features - done
-- Detecting CXX compiler ABI info
-- Detecting CXX compiler ABI info - done
-- Check for working CXX compiler: /usr/bin/c++ - skipped
-- Detecting CXX compile features
-- Detecting CXX compile features - done
-- PJSIP: disabled (using the sipctl stub)
-- Found Python3: /opt/homebrew/Frameworks/Python.framework/Versions/3.14/bin/python3.14 (found version "3.14.6") found components: Interpreter
-- Configuring done (0.9s)
-- Generating done (0.0s)
-- Build files have been written to: /Users/ox/Documents/project/app-doorbell/build/remediation-t29-20260923/red-build
[  4%] Building C object CMakeFiles/db_third_party.dir/third_party/cjson/cJSON.c.o
[  4%] Building C object CMakeFiles/db_third_party.dir/third_party/sqlite/sqlite3.c.o
[  4%] Building C object CMakeFiles/db_third_party.dir/third_party/monocypher/monocypher.c.o
[  4%] Building C object CMakeFiles/db_third_party.dir/third_party/civetweb/civetweb.c.o
[  5%] Building C object CMakeFiles/db_third_party.dir/third_party/monocypher/monocypher-ed25519.c.o
[  6%] Building C object CMakeFiles/db_third_party.dir/third_party/qrcodegen/qrcodegen.c.o
[  7%] Building C object CMakeFiles/db_third_party.dir/third_party/quirc/quirc.c.o
[  8%] Building C object CMakeFiles/db_third_party.dir/third_party/quirc/identify.c.o
[  9%] Building C object CMakeFiles/db_third_party.dir/third_party/quirc/decode.c.o
[ 11%] Building C object CMakeFiles/db_third_party.dir/third_party/quirc/version_db.c.o
[ 11%] Building C object CMakeFiles/db_third_party.dir/third_party/stb/stb_image_impl.c.o
[ 12%] Linking C static library libdb_third_party.a
[ 12%] Built target db_third_party
[ 13%] Embedding webui assets
embed_webui: 23 assets, 1952382 bytes -> /Users/ox/Documents/project/app-doorbell/build/remediation-t29-20260923/red-build/gen/webui_assets.cpp
[ 14%] Building CXX object CMakeFiles/doorbell_core.dir/src/bridge/mqtt_client.cpp.o
[ 17%] Building CXX object CMakeFiles/doorbell_core.dir/src/bridge/telegram.cpp.o
[ 17%] Building CXX object CMakeFiles/doorbell_core.dir/src/capi/doorbell_capi.cpp.o
[ 17%] Building CXX object CMakeFiles/doorbell_core.dir/src/bridge/ha_bridge.cpp.o
[ 18%] Building CXX object CMakeFiles/doorbell_core.dir/src/crdt/lww_map.cpp.o
[ 19%] Building CXX object CMakeFiles/doorbell_core.dir/src/events/event_log.cpp.o
[ 20%] Building CXX object CMakeFiles/doorbell_core.dir/src/events/rule_engine.cpp.o
[ 21%] Building CXX object CMakeFiles/doorbell_core.dir/src/httpd/httpd.cpp.o
[ 22%] Building CXX object CMakeFiles/doorbell_core.dir/src/media/fmp4.cpp.o
[ 23%] Building CXX object CMakeFiles/doorbell_core.dir/src/media/fmp4_demux.cpp.o
[ 24%] Building CXX object CMakeFiles/doorbell_core.dir/src/media/frame_bus.cpp.o
[ 25%] Building CXX object CMakeFiles/doorbell_core.dir/src/media/motion_detector.cpp.o
[ 26%] Building CXX object CMakeFiles/doorbell_core.dir/src/media/qr_scanner.cpp.o
[ 27%] Building CXX object CMakeFiles/doorbell_core.dir/src/media/video_track.cpp.o
[ 28%] Building CXX object CMakeFiles/doorbell_core.dir/src/mesh/inmem_net.cpp.o
[ 29%] Building CXX object CMakeFiles/doorbell_core.dir/src/mesh/mesh.cpp.o
[ 30%] Building CXX object CMakeFiles/doorbell_core.dir/src/mesh/secure_channel.cpp.o
[ 31%] Building CXX object CMakeFiles/doorbell_core.dir/src/mesh/tcp_transport.cpp.o
[ 32%] Building CXX object CMakeFiles/doorbell_core.dir/src/mesh/udp_beacon.cpp.o
[ 34%] Building CXX object CMakeFiles/doorbell_core.dir/src/node/config_edit_journal.cpp.o
[ 35%] Building CXX object CMakeFiles/doorbell_core.dir/src/node/node.cpp.o
[ 36%] Building CXX object CMakeFiles/doorbell_core.dir/src/node/operation_dispatcher.cpp.o
[ 37%] Building CXX object CMakeFiles/doorbell_core.dir/src/sipctl/sipctl_stub.cpp.o
[ 38%] Building CXX object CMakeFiles/doorbell_core.dir/src/store/operation_ledger.cpp.o
[ 39%] Building CXX object CMakeFiles/doorbell_core.dir/src/store/store.cpp.o
[ 40%] Building CXX object CMakeFiles/doorbell_core.dir/src/util/color.cpp.o
[ 41%] Building CXX object CMakeFiles/doorbell_core.dir/src/util/common.cpp.o
[ 42%] Building CXX object CMakeFiles/doorbell_core.dir/src/util/hlc.cpp.o
[ 43%] Building CXX object CMakeFiles/doorbell_core.dir/src/util/ids.cpp.o
[ 44%] Building CXX object CMakeFiles/doorbell_core.dir/src/util/json.cpp.o
[ 45%] Building CXX object CMakeFiles/doorbell_core.dir/src/util/log.cpp.o
[ 46%] Building CXX object CMakeFiles/doorbell_core.dir/src/util/pair_uri.cpp.o
[ 47%] Building CXX object CMakeFiles/doorbell_core.dir/src/util/runloop.cpp.o
[ 48%] Building CXX object CMakeFiles/doorbell_core.dir/src/util/sntp.cpp.o
[ 49%] Building CXX object CMakeFiles/doorbell_core.dir/src/util/tz.cpp.o
[ 50%] Building CXX object CMakeFiles/doorbell_core.dir/gen/webui_assets.cpp.o
[ 51%] Linking CXX static library libdoorbell_core.a
[ 51%] Built target doorbell_core
[ 52%] Building CXX object CMakeFiles/doorbell_video_decode_probe.dir/tests/integration/video_track_decode_probe.cpp.o
[ 54%] Building CXX object CMakeFiles/doorbell_tests.dir/tests/test_admin_api.cpp.o
[ 54%] Building CXX object CMakeFiles/doorbell.dir/src/capi/doorbell_capi.cpp.o
[ 55%] Building CXX object CMakeFiles/doorbell_host.dir/host/main.cpp.o
[ 56%] Linking CXX executable doorbell_video_decode_probe
[ 57%] Linking CXX executable doorbell_host
[ 57%] Built target doorbell_video_decode_probe
[ 58%] Building CXX object CMakeFiles/doorbell_tests.dir/tests/test_assets.cpp.o
[ 59%] Linking CXX shared library libdoorbell.dylib
[ 59%] Built target doorbell_host
[ 60%] Building CXX object CMakeFiles/doorbell_tests.dir/tests/test_call_log.cpp.o
[ 60%] Built target doorbell
[ 61%] Building CXX object CMakeFiles/doorbell_tests.dir/tests/test_capi_abi.cpp.o
[ 62%] Building CXX object CMakeFiles/doorbell_tests.dir/tests/test_color.cpp.o
[ 63%] Building CXX object CMakeFiles/doorbell_tests.dir/tests/test_config_conflicts.cpp.o
[ 64%] Building CXX object CMakeFiles/doorbell_tests.dir/tests/test_config_conflicts_review.cpp.o
[ 65%] Building CXX object CMakeFiles/doorbell_tests.dir/tests/test_config_import.cpp.o
[ 67%] Building CXX object CMakeFiles/doorbell_tests.dir/tests/test_contracts_v2.cpp.o
[ 68%] Building CXX object CMakeFiles/doorbell_tests.dir/tests/test_crdt.cpp.o
/Users/ox/Documents/project/app-doorbell/build/remediation-t29-20260923/red-source/core/tests/test_config_import.cpp:22:34: error: call to implicitly-deleted copy constructor of 'NodeDeps'
   22 |     node.reset(new Node(options, deps)); REQUIRE(node->start()); login();
      |                                  ^~~~
/Users/ox/Documents/project/app-doorbell/build/remediation-t29-20260923/red-source/core/src/node/node.h:58:31: note: copy constructor of 'NodeDeps' is implicitly deleted because field 'transport' has a deleted copy constructor
   58 |   std::unique_ptr<ITransport> transport;   // Owned by Node.
      |                               ^
/Applications/Xcode.app/Contents/Developer/Platforms/MacOSX.platform/Developer/SDKs/MacOSX.sdk/usr/include/c++/v1/__memory/unique_ptr.h:211:55: note: copy constructor is implicitly deleted because 'unique_ptr<db::ITransport>' has a user-declared move constructor
  211 |   _LIBCPP_HIDE_FROM_ABI _LIBCPP_CONSTEXPR_SINCE_CXX23 unique_ptr(unique_ptr&& __u) _NOEXCEPT
      |                                                       ^
/Users/ox/Documents/project/app-doorbell/build/remediation-t29-20260923/red-source/core/src/node/node.h:80:35: note: passing argument to parameter 'deps' here
   80 |   Node(NodeOptions opts, NodeDeps deps = {});
      |                                   ^
1 error generated.
make[2]: *** [CMakeFiles/doorbell_tests.dir/tests/test_config_import.cpp.o] Error 1
make[2]: *** Waiting for unfinished jobs....
make[1]: *** [CMakeFiles/doorbell_tests.dir/all] Error 2
make: *** [all] Error 2
