== configure ios5-armv7-pjsip-off (build id: remediation-t29-r4) ==
-- The C compiler identification is AppleClang 21.0.0.21000101
-- The CXX compiler identification is AppleClang 21.0.0.21000101
-- Detecting C compiler ABI info
-- Detecting C compiler ABI info - done
-- Check for working C compiler: /usr/bin/cc - skipped
-- Detecting C compile features
-- Detecting C compile features - done
-- Detecting CXX compiler ABI info
-- Detecting CXX compiler ABI info - done
-- Check for working CXX compiler: /usr/bin/c++ - skipped
-- Detecting CXX compile features
-- Detecting CXX compile features - done
-- PJSIP: disabled (using the sipctl stub)
-- Found Python3: /opt/homebrew/Frameworks/Python.framework/Versions/3.14/bin/python3.14 (found version "3.14.6") found components: Interpreter
-- Configuring done (0.7s)
-- Generating done (0.0s)
-- Build files have been written to: /Users/ox/Documents/project/app-doorbell/build/remediation-t29-20260923/ios5-r4-source/build/ios-compat/ios5-armv7-pjsip-off
== build core ==
[  7%] Building C object CMakeFiles/db_third_party.dir/third_party/monocypher/monocypher.c.o
[  7%] Building C object CMakeFiles/db_third_party.dir/third_party/cjson/cJSON.c.o
[  7%] Building C object CMakeFiles/db_third_party.dir/third_party/sqlite/sqlite3.c.o
[  7%] Building C object CMakeFiles/db_third_party.dir/third_party/civetweb/civetweb.c.o
/Users/ox/Documents/project/app-doorbell/build/remediation-t29-20260923/ios5-r4-source/core/third_party/sqlite/sqlite3.c:40328:8: warning: "gethostuuid() is disabled." [-W#warnings]
 40328 | #      warning "gethostuuid() is disabled."
       |        ^
[  9%] Building C object CMakeFiles/db_third_party.dir/third_party/monocypher/monocypher-ed25519.c.o
[ 11%] Building C object CMakeFiles/db_third_party.dir/third_party/qrcodegen/qrcodegen.c.o
[ 13%] Building C object CMakeFiles/db_third_party.dir/third_party/quirc/quirc.c.o
[ 15%] Building C object CMakeFiles/db_third_party.dir/third_party/quirc/identify.c.o
[ 17%] Building C object CMakeFiles/db_third_party.dir/third_party/quirc/decode.c.o
[ 19%] Building C object CMakeFiles/db_third_party.dir/third_party/quirc/version_db.c.o
[ 21%] Building C object CMakeFiles/db_third_party.dir/third_party/stb/stb_image_impl.c.o
1 warning generated.
[ 23%] Linking C static library libdb_third_party.a
[ 23%] Built target db_third_party
[ 25%] Embedding webui assets
embed_webui: 23 assets, 1962300 bytes -> /Users/ox/Documents/project/app-doorbell/build/remediation-t29-20260923/ios5-r4-source/build/ios-compat/ios5-armv7-pjsip-off/gen/webui_assets.cpp
[ 27%] Building CXX object CMakeFiles/doorbell_core.dir/src/bridge/ha_bridge.cpp.o
[ 33%] Building CXX object CMakeFiles/doorbell_core.dir/src/bridge/telegram.cpp.o
[ 33%] Building CXX object CMakeFiles/doorbell_core.dir/src/capi/doorbell_capi.cpp.o
[ 33%] Building CXX object CMakeFiles/doorbell_core.dir/src/bridge/mqtt_client.cpp.o
[ 35%] Building CXX object CMakeFiles/doorbell_core.dir/src/crdt/lww_map.cpp.o
[ 37%] Building CXX object CMakeFiles/doorbell_core.dir/src/events/event_log.cpp.o
[ 39%] Building CXX object CMakeFiles/doorbell_core.dir/src/events/rule_engine.cpp.o
[ 41%] Building CXX object CMakeFiles/doorbell_core.dir/src/httpd/httpd.cpp.o
[ 43%] Building CXX object CMakeFiles/doorbell_core.dir/src/media/fmp4.cpp.o
[ 45%] Building CXX object CMakeFiles/doorbell_core.dir/src/media/fmp4_demux.cpp.o
[ 47%] Building CXX object CMakeFiles/doorbell_core.dir/src/media/frame_bus.cpp.o
[ 49%] Building CXX object CMakeFiles/doorbell_core.dir/src/media/motion_detector.cpp.o
[ 50%] Building CXX object CMakeFiles/doorbell_core.dir/src/media/qr_scanner.cpp.o
[ 52%] Building CXX object CMakeFiles/doorbell_core.dir/src/media/video_track.cpp.o
[ 54%] Building CXX object CMakeFiles/doorbell_core.dir/src/mesh/inmem_net.cpp.o
[ 56%] Building CXX object CMakeFiles/doorbell_core.dir/src/mesh/mesh.cpp.o
[ 58%] Building CXX object CMakeFiles/doorbell_core.dir/src/mesh/secure_channel.cpp.o
[ 60%] Building CXX object CMakeFiles/doorbell_core.dir/src/mesh/tcp_transport.cpp.o
[ 62%] Building CXX object CMakeFiles/doorbell_core.dir/src/mesh/udp_beacon.cpp.o
[ 64%] Building CXX object CMakeFiles/doorbell_core.dir/src/node/config_edit_journal.cpp.o
[ 66%] Building CXX object CMakeFiles/doorbell_core.dir/src/node/config_import.cpp.o
[ 68%] Building CXX object CMakeFiles/doorbell_core.dir/src/node/node.cpp.o
[ 70%] Building CXX object CMakeFiles/doorbell_core.dir/src/node/operation_dispatcher.cpp.o
[ 72%] Building CXX object CMakeFiles/doorbell_core.dir/src/sipctl/sipctl_stub.cpp.o
[ 74%] Building CXX object CMakeFiles/doorbell_core.dir/src/store/operation_ledger.cpp.o
[ 76%] Building CXX object CMakeFiles/doorbell_core.dir/src/store/store.cpp.o
[ 78%] Building CXX object CMakeFiles/doorbell_core.dir/src/util/color.cpp.o
[ 80%] Building CXX object CMakeFiles/doorbell_core.dir/src/util/common.cpp.o
[ 82%] Building CXX object CMakeFiles/doorbell_core.dir/src/util/hlc.cpp.o
[ 84%] Building CXX object CMakeFiles/doorbell_core.dir/src/util/ids.cpp.o
[ 86%] Building CXX object CMakeFiles/doorbell_core.dir/src/util/json.cpp.o
[ 88%] Building CXX object CMakeFiles/doorbell_core.dir/src/util/log.cpp.o
[ 90%] Building CXX object CMakeFiles/doorbell_core.dir/src/util/pair_uri.cpp.o
[ 92%] Building CXX object CMakeFiles/doorbell_core.dir/src/util/runloop.cpp.o
[ 94%] Building CXX object CMakeFiles/doorbell_core.dir/src/util/sntp.cpp.o
[ 96%] Building CXX object CMakeFiles/doorbell_core.dir/src/util/tz.cpp.o
[ 98%] Building CXX object CMakeFiles/doorbell_core.dir/gen/webui_assets.cpp.o
[100%] Linking CXX static library libdoorbell_core.a
[100%] Built target doorbell_core
artifact: /Users/ox/Documents/project/app-doorbell/build/remediation-t29-20260923/ios5-r4-source/build/ios-compat/artifacts/ios5-armv7-pjsip-off/libdoorbell_all.a
9e2267eb912c11ab46a1ec68b9ba6910a2e07e7eee8f3297a9cf289546c7af7e  /Users/ox/Documents/project/app-doorbell/build/remediation-t29-20260923/ios5-r4-source/build/ios-compat/artifacts/ios5-armv7-pjsip-off/libdoorbell_all.a
