09-22 23:44:02 I [node] addr-detect: local v4=1 all=5 route=10.10.38.24 advertise=10.10.38.24:20135
09-22 23:44:02 I [httpd] listening on 26822,[::]:26822
09-22 23:44:02 D [store] event pruning refused because no replicated coverage snapshot exists
09-22 23:44:02 I [node] node 8688d772 (credential-durability) started
09-22 23:44:02 E [node] config persistence failed; retaining the last-known-good state
09-22 23:44:02 W [node] administrator password update was not committed
09-22 23:44:02 I [node] initialized the cluster administrator password
09-22 23:44:04 I [httpd] stopped
libc++abi: terminating due to uncaught exception of type std::__1::system_error: mutex lock failed: Invalid argument
[doctest] doctest version is "2.4.11"
[doctest] run with "--help" for options
===============================================================================
/Users/ox/Documents/project/app-doorbell/core/tests/test_admin_api.cpp:217:
TEST CASE:  admin API: initial password is issued only after an atomic durable write

/Users/ox/Documents/project/app-doorbell/core/tests/test_admin_api.cpp:257: FATAL ERROR: REQUIRE( store.open(dir + "/doorbell.db") ) THREW exception: "mutex lock failed: Invalid argument"

/Users/ox/Documents/project/app-doorbell/core/tests/test_admin_api.cpp:217: FATAL ERROR: test case CRASHED: SIGABRT - Abort (abnormal termination) signal

===============================================================================
[doctest] test cases:  1 |  0 passed | 1 failed | 435 skipped
[doctest] assertions: 22 | 21 passed | 1 failed |
[doctest] Status: FAILURE!
