{
  "selected_case" : 2,
  "source_manifest" : "38b3d57366e0f4c574955b726bbe091dc614a616b73932ef82c0e687e126ab00",
  "checks" : [
    {
      "name" : "Production UIControl exists",
      "resident_bytes" : 15020032,
      "case" : "T35-02",
      "pass" : true
    },
    {
      "name" : "Call and cancel share the fixed action area",
      "resident_bytes" : 15101952,
      "case" : "T35-02",
      "pass" : true
    },
    {
      "name" : "Ringing touch cannot become connected end",
      "resident_bytes" : 15155200,
      "case" : "T35-02",
      "pass" : true
    },
    {
      "name" : "Connected end remains in the same area",
      "resident_bytes" : 15163392,
      "case" : "T35-02",
      "pass" : true
    },
    {
      "name" : "Production UIControl exists",
      "resident_bytes" : 17203200,
      "case" : "T35-02",
      "pass" : true
    },
    {
      "name" : "Fresh connected end works",
      "resident_bytes" : 17203200,
      "case" : "T35-02",
      "pass" : true
    },
    {
      "name" : "Production UIControl exists",
      "resident_bytes" : 25919488,
      "case" : "T35-02",
      "pass" : true
    },
    {
      "name" : "Nil visitor ID native SIP call can end",
      "resident_bytes" : 25948160,
      "case" : "T35-02",
      "pass" : true
    },
    {
      "name" : "Old nil-ID gesture cannot end the next SIP session",
      "resident_bytes" : 26120192,
      "case" : "T35-02",
      "pass" : true
    },
    {
      "name" : "Production UIControl exists",
      "resident_bytes" : 26124288,
      "case" : "T35-02",
      "pass" : true
    }
  ],
  "version" : "1.0.0",
  "machine" : "iPad1,1",
  "boundary_calls" : [
    "audio.configured"
  ],
  "system_version" : "5.1.1",
  "accessibility_probe" : {
    "explicit_button_label" : "Isolated probe",
    "voice_over_running" : false,
    "explicit_button_accessible_getter" : true
  },
  "bundle_id" : "jp.ox.doorbell.t35uitest",
  "build" : "11",
  "pid" : 30861,
  "failed" : 0,
  "scope" : "Actual iPad UIKit hierarchy, production target\/actions, dialogs, timers, hit-testing and rendering. UIControl events are programmatically dispatched; no HID injection, physical rotation, VoiceOver speech or external Core action."
}
