To honour the JVM settings for this build a single-use Daemon process will be forked. For more on this, please refer to https://docs.gradle.org/8.11.1/userguide/gradle_daemon.html#sec:disabling_the_daemon in the Gradle documentation.
Daemon will be stopped at the end of the build 
Warning: SDK processing. This version only understands SDK XML versions up to 3 but an SDK XML file of version 4 was encountered. This can happen if you use versions of Android Studio and the command-line tools that were released at different times.
> Task :app:checkKotlinGradlePluginConfigurationErrors SKIPPED
> Task :app:preBuild UP-TO-DATE
> Task :app:preModernDebugBuild UP-TO-DATE
> Task :app:generateModernDebugBuildConfig UP-TO-DATE
> Task :app:checkModernDebugAarMetadata UP-TO-DATE
> Task :app:generateModernDebugResValues UP-TO-DATE
> Task :app:mapModernDebugSourceSetPaths UP-TO-DATE
> Task :app:generateModernDebugResources UP-TO-DATE
> Task :app:mergeModernDebugResources UP-TO-DATE
> Task :app:packageModernDebugResources UP-TO-DATE
> Task :app:parseModernDebugLocalResources UP-TO-DATE
> Task :app:createModernDebugCompatibleScreenManifests UP-TO-DATE
> Task :app:extractDeepLinksModernDebug UP-TO-DATE
> Task :app:processModernDebugMainManifest UP-TO-DATE
> Task :app:processModernDebugManifest UP-TO-DATE
> Task :app:processModernDebugManifestForPackage UP-TO-DATE
> Task :app:javaPreCompileModernDebug UP-TO-DATE
> Task :app:preModernDebugAndroidTestBuild SKIPPED
> Task :app:processModernDebugAndroidTestManifest
> Task :app:generateModernDebugAndroidTestBuildConfig
> Task :app:checkModernDebugAndroidTestAarMetadata
> Task :app:generateModernDebugAndroidTestResValues
> Task :app:mapModernDebugAndroidTestSourceSetPaths
> Task :app:generateModernDebugAndroidTestResources
> Task :app:preModernDebugUnitTestBuild UP-TO-DATE
> Task :app:javaPreCompileModernDebugUnitTest
> Task :app:mergeModernDebugAndroidTestResources
> Task :app:processModernDebugAndroidTestResources
> Task :app:processModernDebugResources

> Task :app:compileModernDebugKotlin
w: file:///Users/ox/Documents/project/app-doorbell/build/remediation-t35-android-20260923/source-r1/android/app/src/main/java/jp/ox/doorbell/AndroidSecureStore.kt:4:8 'class KeyPairGeneratorSpec : Any, AlgorithmParameterSpec' is deprecated. Deprecated in Java.
w: file:///Users/ox/Documents/project/app-doorbell/build/remediation-t35-android-20260923/source-r1/android/app/src/main/java/jp/ox/doorbell/App.kt:635:58 'static field TRIM_MEMORY_RUNNING_CRITICAL: Int' is deprecated. Deprecated in Java.
w: file:///Users/ox/Documents/project/app-doorbell/build/remediation-t35-android-20260923/source-r1/android/app/src/main/java/jp/ox/doorbell/App.kt:645:68 'static field TRIM_MEMORY_COMPLETE: Int' is deprecated. Deprecated in Java.
w: file:///Users/ox/Documents/project/app-doorbell/build/remediation-t35-android-20260923/source-r1/android/app/src/main/java/jp/ox/doorbell/AvcByteStream.kt:12:42 'static field COLOR_FormatYUV420Planar: Int' is deprecated. Deprecated in Java.
w: file:///Users/ox/Documents/project/app-doorbell/build/remediation-t35-android-20260923/source-r1/android/app/src/main/java/jp/ox/doorbell/AvcByteStream.kt:13:42 'static field COLOR_FormatYUV420PackedPlanar: Int' is deprecated. Deprecated in Java.
w: file:///Users/ox/Documents/project/app-doorbell/build/remediation-t35-android-20260923/source-r1/android/app/src/main/java/jp/ox/doorbell/AvcByteStream.kt:14:42 'static field COLOR_FormatYUV420SemiPlanar: Int' is deprecated. Deprecated in Java.
w: file:///Users/ox/Documents/project/app-doorbell/build/remediation-t35-android-20260923/source-r1/android/app/src/main/java/jp/ox/doorbell/AvcByteStream.kt:15:42 'static field COLOR_FormatYUV420PackedSemiPlanar: Int' is deprecated. Deprecated in Java.
w: file:///Users/ox/Documents/project/app-doorbell/build/remediation-t35-android-20260923/source-r1/android/app/src/main/java/jp/ox/doorbell/AvcByteStream.kt:19:51 'static field COLOR_FormatYUV420Planar: Int' is deprecated. Deprecated in Java.
w: file:///Users/ox/Documents/project/app-doorbell/build/remediation-t35-android-20260923/source-r1/android/app/src/main/java/jp/ox/doorbell/AvcByteStream.kt:20:55 'static field COLOR_FormatYUV420PackedPlanar: Int' is deprecated. Deprecated in Java.
w: file:///Users/ox/Documents/project/app-doorbell/build/remediation-t35-android-20260923/source-r1/android/app/src/main/java/jp/ox/doorbell/BoundedBitmapDecoder.kt:50:13 'field inDither: Boolean' is deprecated. Deprecated in Java.
w: file:///Users/ox/Documents/project/app-doorbell/build/remediation-t35-android-20260923/source-r1/android/app/src/main/java/jp/ox/doorbell/BoundedBitmapDecoder.kt:80:17 'field inDither: Boolean' is deprecated. Deprecated in Java.
w: file:///Users/ox/Documents/project/app-doorbell/build/remediation-t35-android-20260923/source-r1/android/app/src/main/java/jp/ox/doorbell/CameraFeeder.kt:8:8 'class Camera : Any' is deprecated. Deprecated in Java.
w: file:///Users/ox/Documents/project/app-doorbell/build/remediation-t35-android-20260923/source-r1/android/app/src/main/java/jp/ox/doorbell/EmergencyActivity.kt:76:18 This declaration overrides a deprecated member but is not marked as deprecated itself. Please add the '@Deprecated' annotation or suppress the diagnostic.
w: file:///Users/ox/Documents/project/app-doorbell/build/remediation-t35-android-20260923/source-r1/android/app/src/main/java/jp/ox/doorbell/EmergencyAlertController.kt:209:14 'fun setPriority(p0: Int): Notification.Builder!' is deprecated. Deprecated in Java.
w: file:///Users/ox/Documents/project/app-doorbell/build/remediation-t35-android-20260923/source-r1/android/app/src/main/java/jp/ox/doorbell/EmergencyAlertController.kt:209:39 'static field PRIORITY_MAX: Int' is deprecated. Deprecated in Java.
w: file:///Users/ox/Documents/project/app-doorbell/build/remediation-t35-android-20260923/source-r1/android/app/src/main/java/jp/ox/doorbell/EmergencyAlertController.kt:212:14 'fun setDefaults(p0: Int): Notification.Builder!' is deprecated. Deprecated in Java.
w: file:///Users/ox/Documents/project/app-doorbell/build/remediation-t35-android-20260923/source-r1/android/app/src/main/java/jp/ox/doorbell/EmergencyAlertController.kt:429:21 'fun setAudioStreamType(p0: Int): Unit' is deprecated. Deprecated in Java.
w: file:///Users/ox/Documents/project/app-doorbell/build/remediation-t35-android-20260923/source-r1/android/app/src/main/java/jp/ox/doorbell/H264Commissioning.kt:191:58 'field versionCode: Int' is deprecated. Deprecated in Java.
w: file:///Users/ox/Documents/project/app-doorbell/build/remediation-t35-android-20260923/source-r1/android/app/src/main/java/jp/ox/doorbell/H264LivePlayer.kt:205:45 'static field INFO_OUTPUT_BUFFERS_CHANGED: Int' is deprecated. Deprecated in Java.
w: file:///Users/ox/Documents/project/app-doorbell/build/remediation-t35-android-20260923/source-r1/android/app/src/main/java/jp/ox/doorbell/IncomingActivity.kt:95:40 'var isSpeakerphoneOn: Boolean' is deprecated. Deprecated in Java.
w: file:///Users/ox/Documents/project/app-doorbell/build/remediation-t35-android-20260923/source-r1/android/app/src/main/java/jp/ox/doorbell/MainActivity.kt:412:53 'fun onBackPressed(): Unit' is deprecated. Deprecated in Java.
w: file:///Users/ox/Documents/project/app-doorbell/build/remediation-t35-android-20260923/source-r1/android/app/src/main/java/jp/ox/doorbell/MainActivity.kt:1415:79 'static field TRIM_MEMORY_RUNNING_LOW: Int' is deprecated. Deprecated in Java.
w: file:///Users/ox/Documents/project/app-doorbell/build/remediation-t35-android-20260923/source-r1/android/app/src/main/java/jp/ox/doorbell/PairingActivity.kt:93:60 'static field SOFT_INPUT_ADJUST_RESIZE: Int' is deprecated. Deprecated in Java.
w: file:///Users/ox/Documents/project/app-doorbell/build/remediation-t35-android-20260923/source-r1/android/app/src/main/java/jp/ox/doorbell/ProcessRecovery.kt:89:47 'field versionCode: Int' is deprecated. Deprecated in Java.
w: file:///Users/ox/Documents/project/app-doorbell/build/remediation-t35-android-20260923/source-r1/android/app/src/main/java/jp/ox/doorbell/RuntimeSupervisor.kt:89:31 'static field CPU_ABI: String!' is deprecated. Deprecated in Java.
w: file:///Users/ox/Documents/project/app-doorbell/build/remediation-t35-android-20260923/source-r1/android/app/src/main/java/jp/ox/doorbell/RuntimeSupervisor.kt:214:62 'static field TRIM_MEMORY_RUNNING_CRITICAL: Int' is deprecated. Deprecated in Java.
w: file:///Users/ox/Documents/project/app-doorbell/build/remediation-t35-android-20260923/source-r1/android/app/src/main/java/jp/ox/doorbell/SosSlideView.kt:125:79 'field scaledDensity: Float' is deprecated. Deprecated in Java.
w: file:///Users/ox/Documents/project/app-doorbell/build/remediation-t35-android-20260923/source-r1/android/app/src/main/java/jp/ox/doorbell/SosSlideView.kt:288:18 'fun setColorFilter(p0: Int, p1: PorterDuff.Mode): Unit' is deprecated. Deprecated in Java.
w: file:///Users/ox/Documents/project/app-doorbell/build/remediation-t35-android-20260923/source-r1/android/app/src/main/java/jp/ox/doorbell/VideoEncoder.kt:265:45 'static field INFO_OUTPUT_BUFFERS_CHANGED: Int' is deprecated. Deprecated in Java.
w: file:///Users/ox/Documents/project/app-doorbell/build/remediation-t35-android-20260923/source-r1/android/app/src/main/java/jp/ox/doorbell/VideoEncoder.kt:311:57 'static field BUFFER_FLAG_SYNC_FRAME: Int' is deprecated. Deprecated in Java.

> Task :app:compileModernDebugJavaWithJavac
> Task :app:processModernDebugJavaRes
> Task :app:bundleModernDebugClassesToCompileJar
> Task :app:bundleModernDebugClassesToRuntimeJar
> Task :app:compileModernDebugAndroidTestKotlin

> Task :app:compileModernDebugUnitTestKotlin
w: file:///Users/ox/Documents/project/app-doorbell/build/remediation-t35-android-20260923/source-r1/android/app/src/test/java/jp/ox/doorbell/AvcByteStreamTest.kt:17:46 'static field COLOR_FormatYUV420SemiPlanar: Int' is deprecated. Deprecated in Java.
w: file:///Users/ox/Documents/project/app-doorbell/build/remediation-t35-android-20260923/source-r1/android/app/src/test/java/jp/ox/doorbell/AvcByteStreamTest.kt:19:46 'static field COLOR_FormatYUV420Planar: Int' is deprecated. Deprecated in Java.

> Task :app:compileModernDebugUnitTestJavaWithJavac NO-SOURCE
> Task :app:processModernDebugUnitTestJavaRes
> Task :app:testModernDebugUnitTest

BUILD SUCCESSFUL in 25s
33 actionable tasks: 19 executed, 14 up-to-date
