To honour the JVM settings for this build a single-use Daemon process will be forked. For more on this, please refer to https://docs.gradle.org/8.11.1/userguide/gradle_daemon.html#sec:disabling_the_daemon in the Gradle documentation.
Daemon will be stopped at the end of the build 

> Configure project :app
WARNING: [CXX5202] This app only has 32-bit [armeabi-v7a] native libraries. Beginning August 1, 2019 Google Play store requires that all apps that include native libraries must provide 64-bit versions. For more information, visit https://g.co/64-bit-requirement
[CXX5202] This app only has 32-bit [armeabi-v7a] native libraries. Beginning August 1, 2019 Google Play store requires that all apps that include native libraries must provide 64-bit versions. For more information, visit https://g.co/64-bit-requirement
WARNING: [CXX5202] This app only has 32-bit [armeabi-v7a] native libraries. Beginning August 1, 2019 Google Play store requires that all apps that include native libraries must provide 64-bit versions. For more information, visit https://g.co/64-bit-requirement
[CXX5202] This app only has 32-bit [armeabi-v7a] native libraries. Beginning August 1, 2019 Google Play store requires that all apps that include native libraries must provide 64-bit versions. For more information, visit https://g.co/64-bit-requirement
Warning: SDK processing. This version only understands SDK XML versions up to 3 but an SDK XML file of version 4 was encountered. This can happen if you use versions of Android Studio and the command-line tools that were released at different times.

> Task :app:preBuild UP-TO-DATE
> Task :app:preLegacy19DebugBuild UP-TO-DATE
> Task :app:mergeLegacy19DebugNativeDebugMetadata NO-SOURCE
> Task :app:checkKotlinGradlePluginConfigurationErrors SKIPPED
> Task :app:generateLegacy19DebugBuildConfig
> Task :app:checkLegacy19DebugAarMetadata
> Task :app:generateLegacy19DebugResValues
> Task :app:mapLegacy19DebugSourceSetPaths
> Task :app:generateLegacy19DebugResources
> Task :app:packageLegacy19DebugResources
> Task :app:mergeLegacy19DebugResources
> Task :app:createLegacy19DebugCompatibleScreenManifests
> Task :app:extractDeepLinksLegacy19Debug
> Task :app:parseLegacy19DebugLocalResources
> Task :app:processLegacy19DebugMainManifest
> Task :app:processLegacy19DebugManifest
> Task :app:javaPreCompileLegacy19Debug
> Task :app:mergeLegacy19DebugShaders
> Task :app:compileLegacy19DebugShaders NO-SOURCE
> Task :app:generateLegacy19DebugAssets UP-TO-DATE
> Task :app:mergeLegacy19DebugAssets
> Task :app:processLegacy19DebugManifestForPackage
> Task :app:checkLegacy19DebugDuplicateClasses
> Task :app:compressLegacy19DebugAssets
> Task :app:processLegacy19DebugResources
> Task :app:desugarLegacy19DebugFileDependencies
> Task :app:configureCMakeDebug[armeabi-v7a]
> Task :app:mergeExtDexLegacy19Debug

> Task :app:buildCMakeDebug[armeabi-v7a][doorbell]
C/C++: ninja: Entering directory `/Users/ox/Documents/project/app-doorbell/build/remediation-t35-android-20260923/source-r5-legacy/android/app/.cxx/Debug/7025515s/armeabi-v7a'
C/C++: /Users/ox/Documents/project/app-doorbell/build/remediation-t35-android-20260923/source-r5-legacy/core/third_party/civetweb/civetweb.c:10092:9: warning: implicit declaration of function 'sendfile' is invalid in C99 [-Wimplicit-function-declaration]
C/C++:                                     sendfile(conn->client.sock, sf_file, &sf_offs, sf_tosend);
C/C++:                                     ^
C/C++: 1 warning generated.

> Task :app:compileLegacy19DebugKotlin
w: file:///Users/ox/Documents/project/app-doorbell/build/remediation-t35-android-20260923/source-r5-legacy/android/app/src/main/java/jp/ox/doorbell/AndroidSecureStore.kt:4:8 'class KeyPairGeneratorSpec : Any, AlgorithmParameterSpec' is deprecated. Deprecated in Java.
w: file:///Users/ox/Documents/project/app-doorbell/build/remediation-t35-android-20260923/source-r5-legacy/android/app/src/main/java/jp/ox/doorbell/App.kt:635:58 'static field TRIM_MEMORY_RUNNING_CRITICAL: Int' is deprecated. Deprecated in Java.
w: file:///Users/ox/Documents/project/app-doorbell/build/remediation-t35-android-20260923/source-r5-legacy/android/app/src/main/java/jp/ox/doorbell/App.kt:645:68 'static field TRIM_MEMORY_COMPLETE: Int' is deprecated. Deprecated in Java.
w: file:///Users/ox/Documents/project/app-doorbell/build/remediation-t35-android-20260923/source-r5-legacy/android/app/src/main/java/jp/ox/doorbell/AvcByteStream.kt:12:42 'static field COLOR_FormatYUV420Planar: Int' is deprecated. Deprecated in Java.
w: file:///Users/ox/Documents/project/app-doorbell/build/remediation-t35-android-20260923/source-r5-legacy/android/app/src/main/java/jp/ox/doorbell/AvcByteStream.kt:13:42 'static field COLOR_FormatYUV420PackedPlanar: Int' is deprecated. Deprecated in Java.
w: file:///Users/ox/Documents/project/app-doorbell/build/remediation-t35-android-20260923/source-r5-legacy/android/app/src/main/java/jp/ox/doorbell/AvcByteStream.kt:14:42 'static field COLOR_FormatYUV420SemiPlanar: Int' is deprecated. Deprecated in Java.
w: file:///Users/ox/Documents/project/app-doorbell/build/remediation-t35-android-20260923/source-r5-legacy/android/app/src/main/java/jp/ox/doorbell/AvcByteStream.kt:15:42 'static field COLOR_FormatYUV420PackedSemiPlanar: Int' is deprecated. Deprecated in Java.
w: file:///Users/ox/Documents/project/app-doorbell/build/remediation-t35-android-20260923/source-r5-legacy/android/app/src/main/java/jp/ox/doorbell/AvcByteStream.kt:19:51 'static field COLOR_FormatYUV420Planar: Int' is deprecated. Deprecated in Java.
w: file:///Users/ox/Documents/project/app-doorbell/build/remediation-t35-android-20260923/source-r5-legacy/android/app/src/main/java/jp/ox/doorbell/AvcByteStream.kt:20:55 'static field COLOR_FormatYUV420PackedPlanar: Int' is deprecated. Deprecated in Java.
w: file:///Users/ox/Documents/project/app-doorbell/build/remediation-t35-android-20260923/source-r5-legacy/android/app/src/main/java/jp/ox/doorbell/BoundedBitmapDecoder.kt:50:13 'field inDither: Boolean' is deprecated. Deprecated in Java.
w: file:///Users/ox/Documents/project/app-doorbell/build/remediation-t35-android-20260923/source-r5-legacy/android/app/src/main/java/jp/ox/doorbell/BoundedBitmapDecoder.kt:80:17 'field inDither: Boolean' is deprecated. Deprecated in Java.
w: file:///Users/ox/Documents/project/app-doorbell/build/remediation-t35-android-20260923/source-r5-legacy/android/app/src/main/java/jp/ox/doorbell/CameraFeeder.kt:8:8 'class Camera : Any' is deprecated. Deprecated in Java.
w: file:///Users/ox/Documents/project/app-doorbell/build/remediation-t35-android-20260923/source-r5-legacy/android/app/src/main/java/jp/ox/doorbell/EmergencyActivity.kt:76:18 This declaration overrides a deprecated member but is not marked as deprecated itself. Please add the '@Deprecated' annotation or suppress the diagnostic.
w: file:///Users/ox/Documents/project/app-doorbell/build/remediation-t35-android-20260923/source-r5-legacy/android/app/src/main/java/jp/ox/doorbell/EmergencyAlertController.kt:209:14 'fun setPriority(p0: Int): Notification.Builder!' is deprecated. Deprecated in Java.
w: file:///Users/ox/Documents/project/app-doorbell/build/remediation-t35-android-20260923/source-r5-legacy/android/app/src/main/java/jp/ox/doorbell/EmergencyAlertController.kt:209:39 'static field PRIORITY_MAX: Int' is deprecated. Deprecated in Java.
w: file:///Users/ox/Documents/project/app-doorbell/build/remediation-t35-android-20260923/source-r5-legacy/android/app/src/main/java/jp/ox/doorbell/EmergencyAlertController.kt:212:14 'fun setDefaults(p0: Int): Notification.Builder!' is deprecated. Deprecated in Java.
w: file:///Users/ox/Documents/project/app-doorbell/build/remediation-t35-android-20260923/source-r5-legacy/android/app/src/main/java/jp/ox/doorbell/EmergencyAlertController.kt:429:21 'fun setAudioStreamType(p0: Int): Unit' is deprecated. Deprecated in Java.
w: file:///Users/ox/Documents/project/app-doorbell/build/remediation-t35-android-20260923/source-r5-legacy/android/app/src/main/java/jp/ox/doorbell/H264Commissioning.kt:191:58 'field versionCode: Int' is deprecated. Deprecated in Java.
w: file:///Users/ox/Documents/project/app-doorbell/build/remediation-t35-android-20260923/source-r5-legacy/android/app/src/main/java/jp/ox/doorbell/H264LivePlayer.kt:205:45 'static field INFO_OUTPUT_BUFFERS_CHANGED: Int' is deprecated. Deprecated in Java.
w: file:///Users/ox/Documents/project/app-doorbell/build/remediation-t35-android-20260923/source-r5-legacy/android/app/src/main/java/jp/ox/doorbell/IncomingActivity.kt:95:40 'var isSpeakerphoneOn: Boolean' is deprecated. Deprecated in Java.
w: file:///Users/ox/Documents/project/app-doorbell/build/remediation-t35-android-20260923/source-r5-legacy/android/app/src/main/java/jp/ox/doorbell/MainActivity.kt:412:53 'fun onBackPressed(): Unit' is deprecated. Deprecated in Java.
w: file:///Users/ox/Documents/project/app-doorbell/build/remediation-t35-android-20260923/source-r5-legacy/android/app/src/main/java/jp/ox/doorbell/MainActivity.kt:1420:79 'static field TRIM_MEMORY_RUNNING_LOW: Int' is deprecated. Deprecated in Java.
w: file:///Users/ox/Documents/project/app-doorbell/build/remediation-t35-android-20260923/source-r5-legacy/android/app/src/main/java/jp/ox/doorbell/PairingActivity.kt:93:60 'static field SOFT_INPUT_ADJUST_RESIZE: Int' is deprecated. Deprecated in Java.
w: file:///Users/ox/Documents/project/app-doorbell/build/remediation-t35-android-20260923/source-r5-legacy/android/app/src/main/java/jp/ox/doorbell/ProcessRecovery.kt:89:47 'field versionCode: Int' is deprecated. Deprecated in Java.
w: file:///Users/ox/Documents/project/app-doorbell/build/remediation-t35-android-20260923/source-r5-legacy/android/app/src/main/java/jp/ox/doorbell/RuntimeSupervisor.kt:89:31 'static field CPU_ABI: String!' is deprecated. Deprecated in Java.
w: file:///Users/ox/Documents/project/app-doorbell/build/remediation-t35-android-20260923/source-r5-legacy/android/app/src/main/java/jp/ox/doorbell/RuntimeSupervisor.kt:214:62 'static field TRIM_MEMORY_RUNNING_CRITICAL: Int' is deprecated. Deprecated in Java.
w: file:///Users/ox/Documents/project/app-doorbell/build/remediation-t35-android-20260923/source-r5-legacy/android/app/src/main/java/jp/ox/doorbell/SosSlideView.kt:125:79 'field scaledDensity: Float' is deprecated. Deprecated in Java.
w: file:///Users/ox/Documents/project/app-doorbell/build/remediation-t35-android-20260923/source-r5-legacy/android/app/src/main/java/jp/ox/doorbell/SosSlideView.kt:288:18 'fun setColorFilter(p0: Int, p1: PorterDuff.Mode): Unit' is deprecated. Deprecated in Java.
w: file:///Users/ox/Documents/project/app-doorbell/build/remediation-t35-android-20260923/source-r5-legacy/android/app/src/main/java/jp/ox/doorbell/VideoEncoder.kt:265:45 'static field INFO_OUTPUT_BUFFERS_CHANGED: Int' is deprecated. Deprecated in Java.
w: file:///Users/ox/Documents/project/app-doorbell/build/remediation-t35-android-20260923/source-r5-legacy/android/app/src/main/java/jp/ox/doorbell/VideoEncoder.kt:311:57 'static field BUFFER_FLAG_SYNC_FRAME: Int' is deprecated. Deprecated in Java.

> Task :app:compileLegacy19DebugJavaWithJavac
> Task :app:dexBuilderLegacy19Debug
> Task :app:processLegacy19DebugJavaRes
> Task :app:mergeLegacy19DebugJniLibFolders
> Task :app:validateSigningLegacy19Debug
> Task :app:writeLegacy19DebugAppMetadata
> Task :app:writeLegacy19DebugSigningConfigVersions
> Task :app:mergeLegacy19DebugJavaResource
> Task :app:bundleLegacy19DebugClassesToRuntimeJar
> Task :app:preLegacy19DebugUnitTestBuild UP-TO-DATE
> Task :app:javaPreCompileLegacy19DebugUnitTest
> Task :app:preLegacy19DebugAndroidTestBuild SKIPPED
> Task :app:generateLegacy19DebugAndroidTestResValues
> Task :app:bundleLegacy19DebugClassesToCompileJar
> Task :app:extractProguardFiles
> Task :app:mergeLegacy19DebugNativeLibs
> Task :app:mergeDexLegacy19Debug
> Task :app:stripLegacy19DebugDebugSymbols
> Task :app:generateLegacy19DebugAndroidTestLintModel
> Task :app:generateLegacy19DebugLintReportModel
> Task :app:generateLegacy19DebugUnitTestLintModel
> Task :app:packageLegacy19Debug
> Task :app:createLegacy19DebugApkListingFileRedirect
> Task :app:assembleLegacy19Debug

> Task :app:compileLegacy19DebugUnitTestKotlin
w: file:///Users/ox/Documents/project/app-doorbell/build/remediation-t35-android-20260923/source-r5-legacy/android/app/src/test/java/jp/ox/doorbell/AvcByteStreamTest.kt:17:46 'static field COLOR_FormatYUV420SemiPlanar: Int' is deprecated. Deprecated in Java.
w: file:///Users/ox/Documents/project/app-doorbell/build/remediation-t35-android-20260923/source-r5-legacy/android/app/src/test/java/jp/ox/doorbell/AvcByteStreamTest.kt:19:46 'static field COLOR_FormatYUV420Planar: Int' is deprecated. Deprecated in Java.

> Task :app:compileLegacy19DebugUnitTestJavaWithJavac NO-SOURCE
> Task :app:processLegacy19DebugUnitTestJavaRes
> Task :app:testLegacy19DebugUnitTest
> Task :app:lintAnalyzeLegacy19DebugAndroidTest
> Task :app:lintAnalyzeLegacy19DebugUnitTest
> Task :app:lintAnalyzeLegacy19Debug

> Task :app:lintReportLegacy19Debug
Wrote HTML report to file:///Users/ox/Documents/project/app-doorbell/build/remediation-t35-android-20260923/source-r5-legacy/android/app/build/reports/lint-results-legacy19Debug.html

> Task :app:lintLegacy19Debug

BUILD SUCCESSFUL in 1m 3s
53 actionable tasks: 53 executed
