09-23 00:53:31 I [node] addr-detect: local v4=1 all=5 route=10.10.38.24 advertise=127.0.0.1:24464
09-23 00:53:31 I [httpd] listening on 26475,[::]:26475
09-23 00:53:31 D [store] event pruning refused because no replicated coverage snapshot exists
09-23 00:53:31 I [node] node f97c1a6e (panel-primary) started
09-23 00:53:31 I [node] addr-detect: local v4=1 all=5 route=10.10.38.24 advertise=127.0.0.1:30461
09-23 00:53:31 I [httpd] listening on 22222,[::]:22222
09-23 00:53:31 D [store] event pruning refused because no replicated coverage snapshot exists
09-23 00:53:31 I [node] node 6ea02526 (panel-failover) started
09-23 00:53:31 I [node] initialized the cluster administrator password
09-23 00:53:31 I [node] initialized the cluster administrator password
09-23 00:53:33 I [httpd] stopped
09-23 00:53:35 I [httpd] stopped
[doctest] doctest version is "2.4.11"
[doctest] run with "--help" for options
===============================================================================
/Users/ox/Documents/project/app-doorbell/build/remediation-t15-20260923/source-red/core/tests/test_admin_api.cpp:1010:
TEST CASE:  admin API: panel sessions follow replicated rotation and per-node provisioning

/Users/ox/Documents/project/app-doorbell/build/remediation-t15-20260923/source-red/core/tests/test_admin_api.cpp:1100: FATAL ERROR: REQUIRE( first_token.size() == 32 ) is NOT correct!
  values: REQUIRE( 0 == 32 )

===============================================================================
[doctest] test cases:  1 |  0 passed | 1 failed | 451 skipped
[doctest] assertions: 21 | 20 passed | 1 failed |
[doctest] Status: FAILURE!
