/bin/mkdir -p /var/mobile/Library/DoorbellT35UIKit; chown mobile:mobile /var/mobile/Library/DoorbellT35UIKit; /bin/rm -f /var/mobile/Library/DoorbellT35UIKit/*.json /var/mobile/Library/DoorbellT35UIKit/*.png /var/mobile/Library/DoorbellT35UIKit/runner.log

exit=0
for pid in $(/bin/launchctl list | /bin/grep "UIKitApplication:jp.ox.doorbell.t35uitest" | /bin/sed "s/[[:space:]].*//"); do case "$pid" in [0-9]*) kill -9 "$pid";; esac; done; /bin/mkdir -p /Applications/DoorbellT35UIKit.stage

exit=0
/bin/rm -rf /Applications/DoorbellT35UIKit.app; /bin/mv /Applications/DoorbellT35UIKit.stage/DoorbellT35UIKit.app /Applications/DoorbellT35UIKit.app; /bin/rmdir /Applications/DoorbellT35UIKit.stage

exit=0
chown -R mobile:mobile /Applications/DoorbellT35UIKit.app; /bin/chmod 755 /Applications/DoorbellT35UIKit.app/DoorbellT35UIKit; su mobile -c /usr/bin/uicache
No matching processes belonging to you were found

exit=0
if [ -S /var/run/doorbell-keepalive.sock ]; then /usr/local/libexec/doorbell-keepalive --control begin --seconds 180 --socket /var/run/doorbell-keepalive.sock; fi; su mobile -c "/usr/bin/uiopen doorbell-t35-test://"; /bin/launchctl list | /bin/grep t35 || true
{"ok":true}
30736	-	UIKitApplication:jp.ox.doorbell.t35uitest[0xf895]

exit=0
for i in 1 2 3 4 5 6 7 8 9 10 11 12 13 14 15; do if [ -f /var/mobile/Library/DoorbellT35UIKit/result.json ]; then /bin/cat /var/mobile/Library/DoorbellT35UIKit/result.json; exit 0; fi; sleep 2; done; exit 1
{
  "selected_case" : 4,
  "source_manifest" : "f57098ce19961c6e4ec3965f6fd2b53de03dfe5acc9400c96a24a48dc6147af7",
  "checks" : [
    {
      "name" : "Hint ink contrasts with the actual flat background",
      "resident_bytes" : 15364096,
      "case" : "T35-04",
      "pass" : false
    },
    {
      "name" : "Large multilingual call remains inside viewport",
      "resident_bytes" : 15368192,
      "case" : "T35-04",
      "pass" : true
    },
    {
      "name" : "UIKit hit testing reaches the primary call",
      "resident_bytes" : 15368192,
      "case" : "T35-04",
      "pass" : true
    },
    {
      "name" : "Actual UIKit font measurement fits long call text",
      "resident_bytes" : 15372288,
      "case" : "T35-04",
      "pass" : true
    },
    {
      "name" : "Production UIControl exists",
      "resident_bytes" : 17518592,
      "case" : "T35-04",
      "pass" : true
    },
    {
      "name" : "Large cancel stays in the fixed area",
      "resident_bytes" : 17563648,
      "case" : "T35-04",
      "pass" : true
    },
    {
      "name" : "Large cancel has its explicit accessibility label",
      "resident_bytes" : 17563648,
      "case" : "T35-04",
      "pass" : true
    },
    {
      "name" : "Large cancel is an explicit accessibility button",
      "resident_bytes" : 17567744,
      "case" : "T35-04",
      "pass" : false
    },
    {
      "name" : "Production UIControl exists",
      "resident_bytes" : 18038784,
      "case" : "T35-04",
      "pass" : true
    },
    {
      "name" : "Large multilingual cancellation completes",
      "resident_bytes" : 18038784,
      "case" : "T35-04",
      "pass" : true
    }
  ],
  "version" : "1.0.0",
  "machine" : "iPad1,1",
  "boundary_calls" : [
    "audio.configured"
  ],
  "system_version" : "5.1.1",
  "accessibility_probe" : {
    "explicit_button_label" : "Isolated probe",
    "voice_over_running" : false,
    "explicit_button_accessible_getter" : true
  },
  "bundle_id" : "jp.ox.doorbell.t35uitest",
  "build" : "9",
  "pid" : 30736,
  "failed" : 2,
  "scope" : "Actual iPad UIKit hierarchy, production target\/actions, dialogs, timers, hit-testing and rendering. UIControl events are programmatically dispatched; no HID injection, physical rotation, VoiceOver speech or external Core action."
}
exit=0
su mobile -c "/usr/bin/uiopen doorbell://"; if [ -S /var/run/doorbell-keepalive.sock ]; then /usr/local/libexec/doorbell-keepalive --control end --socket /var/run/doorbell-keepalive.sock; fi; /bin/launchctl list | /bin/grep -E "doorbell|t35"
{"ok":true}
30736	-	UIKitApplication:jp.ox.doorbell.t35uitest[0xf895]
30692	-	UIKitApplication:jp.ox.doorbell[0xe03b]
19	-	jp.ox.doorbell.keepalive

exit=0
