09-23 03:36:29 I [httpd] listening on 30363
09-23 03:36:31 I [httpd] stopped
09-23 03:36:31 I [httpd] listening on 26388
09-23 03:36:33 I [httpd] stopped
09-23 03:36:33 I [httpd] listening on 23812
09-23 03:36:35 I [httpd] stopped
[doctest] doctest version is "2.4.11"
[doctest] run with "--help" for options
===============================================================================
/Users/ox/Documents/project/app-doorbell/build/remediation-t16-20260923/body-red-r1/test_media_http_bounds.cpp:39:
TEST CASE:  media HTTP bounds: reject oversized or incomplete request before dispatch

DEEPEST SUBCASE STACK REACHED (DIFFERENT FROM THE CURRENT ONE):
  declared frame exceeds one MiB without uploading payload

/Users/ox/Documents/project/app-doorbell/build/remediation-t16-20260923/body-red-r1/test_media_http_bounds.cpp:59: ERROR: CHECK( response.find("HTTP/1.1 " + std::to_string(expected)) == 0 ) is NOT correct!
  values: CHECK( 18446744073709551615 == 0 )
  logged: HTTP/1.1 200 OK
Content-Type: application/json; charset=utf-8
Content-Length: 11
Connection: close

{"ok":true}

/Users/ox/Documents/project/app-doorbell/build/remediation-t16-20260923/body-red-r1/test_media_http_bounds.cpp:60: ERROR: CHECK( dispatches == 0 ) is NOT correct!
  values: CHECK( {?} == 0 )
  logged: HTTP/1.1 200 OK
Content-Type: application/json; charset=utf-8
Content-Length: 11
Connection: close

{"ok":true}

===============================================================================
/Users/ox/Documents/project/app-doorbell/build/remediation-t16-20260923/body-red-r1/test_media_http_bounds.cpp:39:
TEST CASE:  media HTTP bounds: reject oversized or incomplete request before dispatch

DEEPEST SUBCASE STACK REACHED (DIFFERENT FROM THE CURRENT ONE):
  declared frame is truncated

/Users/ox/Documents/project/app-doorbell/build/remediation-t16-20260923/body-red-r1/test_media_http_bounds.cpp:59: ERROR: CHECK( response.find("HTTP/1.1 " + std::to_string(expected)) == 0 ) is NOT correct!
  values: CHECK( 18446744073709551615 == 0 )
  logged: HTTP/1.1 200 OK
Content-Type: application/json; charset=utf-8
Content-Length: 11
Connection: close

{"ok":true}

/Users/ox/Documents/project/app-doorbell/build/remediation-t16-20260923/body-red-r1/test_media_http_bounds.cpp:60: ERROR: CHECK( dispatches == 0 ) is NOT correct!
  values: CHECK( {?} == 0 )
  logged: HTTP/1.1 200 OK
Content-Type: application/json; charset=utf-8
Content-Length: 11
Connection: close

{"ok":true}

===============================================================================
/Users/ox/Documents/project/app-doorbell/build/remediation-t16-20260923/body-red-r1/test_media_http_bounds.cpp:39:
TEST CASE:  media HTTP bounds: reject oversized or incomplete request before dispatch

DEEPEST SUBCASE STACK REACHED (DIFFERENT FROM THE CURRENT ONE):
  chunked frame exceeds its separate media ceiling

/Users/ox/Documents/project/app-doorbell/build/remediation-t16-20260923/body-red-r1/test_media_http_bounds.cpp:59: ERROR: CHECK( response.find("HTTP/1.1 " + std::to_string(expected)) == 0 ) is NOT correct!
  values: CHECK( 18446744073709551615 == 0 )
  logged: HTTP/1.1 200 OK
Content-Type: application/json; charset=utf-8
Content-Length: 11
Connection: close

{"ok":true}

/Users/ox/Documents/project/app-doorbell/build/remediation-t16-20260923/body-red-r1/test_media_http_bounds.cpp:60: ERROR: CHECK( dispatches == 0 ) is NOT correct!
  values: CHECK( {?} == 0 )
  logged: HTTP/1.1 200 OK
Content-Type: application/json; charset=utf-8
Content-Length: 11
Connection: close

{"ok":true}

===============================================================================
[doctest] test cases:  1 | 0 passed | 1 failed | 0 skipped
[doctest] assertions: 15 | 9 passed | 6 failed |
[doctest] Status: FAILURE!
