09-23 03:39:04 I [httpd] listening on 28293
09-23 03:39:06 I [httpd] stopped
09-23 03:39:06 I [httpd] listening on 24355
09-23 03:39:08 I [httpd] stopped
09-23 03:39:08 I [httpd] listening on 23190
09-23 03:39:11 I [httpd] stopped
09-23 03:39:11 I [httpd] listening on 30827
09-23 03:39:16 W [httpd] handler timed out after 5000ms: /api/test-write
09-23 03:39:17 I [httpd] stopped
09-23 03:39:17 I [httpd] listening on 24549
09-23 03:39:22 W [httpd] handler timed out after 5000ms: /api/test-write
09-23 03:39:23 I [httpd] stopped
09-23 03:39:23 I [httpd] listening on 29695
09-23 03:39:28 W [httpd] handler timed out after 5000ms: /api/test-write
09-23 03:39:29 I [httpd] stopped
09-23 03:39:29 I [httpd] listening on 22115
09-23 03:39:34 W [httpd] handler timed out after 5000ms: /api/test-write
09-23 03:39:35 I [httpd] stopped
09-23 03:39:35 I [httpd] listening on 29773
09-23 03:39:40 W [httpd] handler timed out after 5000ms: /api/test-write
09-23 03:39:41 I [httpd] stopped
09-23 03:39:41 I [httpd] listening on 22555
09-23 03:39:46 W [httpd] handler timed out after 5000ms: /api/test-write
09-23 03:39:47 I [httpd] stopped
09-23 03:39:47 I [httpd] listening on 29282
09-23 03:39:53 I [httpd] stopped
09-23 03:39:53 I [httpd] listening on 21286
09-23 03:39:55 I [httpd] stopped
09-23 03:39:55 I [httpd] listening on 29406
09-23 03:39:57 I [httpd] stopped
09-23 03:39:57 I [httpd] listening on 25868
09-23 03:39:59 I [httpd] stopped
09-23 03:39:59 I [httpd] listening on 27973,[::]:27973
09-23 03:40:01 I [httpd] stopped
09-23 03:40:01 I [httpd] listening on 30300,[::]:30300
09-23 03:40:03 I [httpd] stopped
09-23 03:40:03 I [httpd] listening on 31578,[::]:31578
09-23 03:40:05 I [httpd] stopped
09-23 03:40:05 I [httpd] listening on 24307,[::]:24307
09-23 03:40:07 I [httpd] stopped
09-23 03:40:07 I [httpd] listening on 23188,[::]:23188
09-23 03:40:09 I [httpd] stopped
09-23 03:40:09 I [httpd] listening on 20452,[::]:20452
09-23 03:40:11 I [httpd] stopped
09-23 03:40:11 I [httpd] listening on 21304
09-23 03:40:13 I [httpd] stopped
09-23 03:40:13 I [httpd] listening on 24598,[::]:24598
09-23 03:40:15 I [httpd] stopped
09-23 03:40:15 W [httpd] civetweb: cannot bind to IPv6 [::]:31857: 48 (Address already in use)
09-23 03:40:15 W [httpd] civetweb: Failed to setup server ports
09-23 03:40:15 I [httpd] listening on 31857
09-23 03:40:17 I [httpd] stopped
09-23 03:40:17 I [httpd] listening on 20817,[::]:20817
09-23 03:40:17 I [httpd] suppressed 3 repeated civetweb messages
09-23 03:40:19 I [httpd] stopped
[doctest] doctest version is "2.4.11"
[doctest] run with "--help" for options
===============================================================================
[doctest] test cases:  16 |  16 passed | 0 failed | 0 skipped
[doctest] assertions: 289 | 289 passed | 0 failed |
[doctest] Status: SUCCESS!
