09-22 23:20:43 I [node] addr-detect: local v4=1 all=5 route=10.10.38.24 advertise=A:1
09-22 23:20:43 I [node] created the missing door entry doors.d_front for this door station
09-22 23:20:43 D [store] event pruning refused because no replicated coverage snapshot exists
09-22 23:20:43 I [node] node eddfc63e (front) started
09-22 23:20:43 I [node] addr-detect: local v4=1 all=5 route=10.10.38.24 advertise=A:1
09-22 23:20:43 I [node] created the missing door entry doors.d_front for this door station
09-22 23:20:43 D [store] event pruning refused because no replicated coverage snapshot exists
09-22 23:20:43 I [node] node 3bd4c372 (front) started
[doctest] doctest version is "2.4.11"
[doctest] run with "--help" for options
===============================================================================
/Users/ox/Documents/project/app-doorbell/core/tests/test_visitor.cpp:562:
TEST CASE:  visitor: call snapshots retain identity and age while the loop is asleep

/Users/ox/Documents/project/app-doorbell/core/tests/test_visitor.cpp:571: FATAL ERROR: REQUIRE_FALSE( generation.empty() ) is NOT correct!
  values: REQUIRE_FALSE( true )

===============================================================================
/Users/ox/Documents/project/app-doorbell/core/tests/test_visitor.cpp:595:
TEST CASE:  visitor: concurrent readers receive coherent call snapshot generations

/Users/ox/Documents/project/app-doorbell/core/tests/test_visitor.cpp:628: ERROR: CHECK( reads > 0 ) is NOT correct!
  values: CHECK( {?} >  0 )

/Users/ox/Documents/project/app-doorbell/core/tests/test_visitor.cpp:629: ERROR: CHECK( failures == 0 ) is NOT correct!
  values: CHECK( {?} == 0 )

===============================================================================
[doctest] test cases: 2 | 0 passed | 2 failed | 420 skipped
[doctest] assertions: 7 | 4 passed | 3 failed |
[doctest] Status: FAILURE!
