test_answer_lifecycle_excludes_monitor_and_yields_losing_dialog (__main__.RecoverySafeModeContracts.test_answer_lifecycle_excludes_monitor_and_yields_losing_dialog) ... ok
test_application_safe_mode_cannot_latch_after_crashes_or_memory_pressure (__main__.RecoverySafeModeContracts.test_application_safe_mode_cannot_latch_after_crashes_or_memory_pressure) ... ok
test_emergency_colors_are_contrast_checked_and_report_fallback (__main__.RecoverySafeModeContracts.test_emergency_colors_are_contrast_checked_and_report_fallback) ... ok
test_helper_auto_requires_three_native_kiosk_failures (__main__.RecoverySafeModeContracts.test_helper_auto_requires_three_native_kiosk_failures) ... ok
test_helper_persists_configured_auto_and_temporarily_disarms_it (__main__.RecoverySafeModeContracts.test_helper_persists_configured_auto_and_temporarily_disarms_it) ... ok
test_higher_purpose_revision_demotes_answer_and_losing_idle_keeps_ui (__main__.RecoverySafeModeContracts.test_higher_purpose_revision_demotes_answer_and_losing_idle_keeps_ui) ... ok
test_ios5_call_cancel_retains_video_without_restarting_during_banner (__main__.RecoverySafeModeContracts.test_ios5_call_cancel_retains_video_without_restarting_during_banner) ... ok
test_ios5_call_deadline_is_not_extended_by_snapshot_refresh (__main__.RecoverySafeModeContracts.test_ios5_call_deadline_is_not_extended_by_snapshot_refresh) ... ok
test_ios5_deploy_restart_is_not_counted_as_a_crash (__main__.RecoverySafeModeContracts.test_ios5_deploy_restart_is_not_counted_as_a_crash) ... ok
test_ios5_fmp4_startup_waits_for_a_complete_gop_before_fallback (__main__.RecoverySafeModeContracts.test_ios5_fmp4_startup_waits_for_a_complete_gop_before_fallback) ... ok
test_ios5_hardware_decode_uses_a_uikit_bgra_compositor (__main__.RecoverySafeModeContracts.test_ios5_hardware_decode_uses_a_uikit_bgra_compositor) ... ok
test_ios5_local_safe_mode_exits_after_a_healthy_window (__main__.RecoverySafeModeContracts.test_ios5_local_safe_mode_exits_after_a_healthy_window) ... ok
test_ios5_local_safe_mode_state_is_visible_to_the_operator (__main__.RecoverySafeModeContracts.test_ios5_local_safe_mode_state_is_visible_to_the_operator) ... ok
test_ios5_memory_warning_and_diagnostic_trigger_share_one_handler (__main__.RecoverySafeModeContracts.test_ios5_memory_warning_and_diagnostic_trigger_share_one_handler) ... ok
test_ios5_requires_explicit_bootstrap_confirmation (__main__.RecoverySafeModeContracts.test_ios5_requires_explicit_bootstrap_confirmation) ... ok
test_ios5_restores_only_a_previously_targeted_unexpired_indoor_call (__main__.RecoverySafeModeContracts.test_ios5_restores_only_a_previously_targeted_unexpired_indoor_call) ... ok
test_ios5_safe_mode_keeps_audio_and_uses_only_bounded_jpeg (__main__.RecoverySafeModeContracts.test_ios5_safe_mode_keeps_audio_and_uses_only_bounded_jpeg) ... ok
test_ios5_stale_transition_completion_cannot_remove_current_screen (__main__.RecoverySafeModeContracts.test_ios5_stale_transition_completion_cannot_remove_current_screen) ... ok
test_ios_compat_publishes_persisted_process_health (__main__.RecoverySafeModeContracts.test_ios_compat_publishes_persisted_process_health) ... ok
test_modern_device_info_callback_reads_only_a_bounded_main_thread_cache (__main__.RecoverySafeModeContracts.test_modern_device_info_callback_reads_only_a_bounded_main_thread_cache) ... ok
test_modern_identity_restart_drains_core_without_blocking_main (__main__.RecoverySafeModeContracts.test_modern_identity_restart_drains_core_without_blocking_main) ... ok
test_modern_ios_compensates_every_scaled_control_hit_target (__main__.RecoverySafeModeContracts.test_modern_ios_compensates_every_scaled_control_hit_target) ... ok
test_modern_ios_media_caps_and_call_expiry_are_measured (__main__.RecoverySafeModeContracts.test_modern_ios_media_caps_and_call_expiry_are_measured) ... ok
test_modern_ios_memory_pressure_retains_call_controls_and_audio_dialog (__main__.RecoverySafeModeContracts.test_modern_ios_memory_pressure_retains_call_controls_and_audio_dialog) ... ok
test_modern_ios_requires_explicit_bootstrap_confirmation (__main__.RecoverySafeModeContracts.test_modern_ios_requires_explicit_bootstrap_confirmation) ... ok
test_restart_recovery_restores_waiting_ui_but_fails_missing_in_call_dialog (__main__.RecoverySafeModeContracts.test_restart_recovery_restores_waiting_ui_but_fails_missing_in_call_dialog) ... ok
test_tvos_manifest_and_alert_report_match_actual_in_app_behavior (__main__.RecoverySafeModeContracts.test_tvos_manifest_and_alert_report_match_actual_in_app_behavior) ... ok

----------------------------------------------------------------------
Ran 27 tests in 0.015s

OK
