compatibility call timing: live chime, bounded admission, wall offsets, cache age, recovery, foreground and stale callbacks passed
2026-09-23 02:28:50.655 door_visitor_layout_test[63102:3123642] Visitor production layout and SOS model: 631 checks, 0 failures
2026-09-23 02:28:51.324 door_visitor_actions[63119:3123700] Visitor production selectors: 42 checks, 0 failures
2026-09-23 02:28:52.319 door_visitor_actions[63129:3123761] SOS production accessibility selectors: 15 checks, 0 failures
PASS: MiniSIP UAS INVITE/ACK/BYE loopback
PASS: DBMediaSource schema and migration fallbacks
PASS: DBDoorTileModel online/offline/no-station states
PASS: DBFleetCounts cluster, door-station and panel counters
PASS: DBAdminAddress keeps the host when the footer runs out of width
PASS: DBBackdropCompositor darkens the theme picture by 62 per cent
2026-09-23 02:29:06.341 background_sampler_test[63252:3124469] background sampler: portrait, landscape, square and invalid inputs passed
PASS: large-radius frosted blur uses one dense lobe
call event tracker test passed
modern call revision lifecycle test passed
PASS: MJPEG part assembler handles CFNetwork per-part delivery and in-band headers
PASS: fMP4 demuxer reproduces core's access units from whole, byte-wise and chunked input
core event dispatch gate tests passed
config batch fallback policy tests passed
PASS: secure HTTP media requests and bounded multipart parsing
rtsp h264 test passed
PASS: iOS compatibility layout profile
PASS: recovery helper policy resolution
2026-09-23 02:29:10.327 live_edge_gate_test[63270:3124575] live_edge_gate_test ok
2026-09-23 02:29:10.643 pairing_ux_test[63271:3124578] pairing_ux_test ok
2026-09-23 02:29:10.977 native_settings_ux_test[63281:3124610] native_settings_ux_test ok
...............
----------------------------------------------------------------------
Ran 15 tests in 1.002s

OK
semantic UI runtime contract tests passed
...
----------------------------------------------------------------------
Ran 3 tests in 0.001s

OK
test_answer_lifecycle_excludes_monitor_and_yields_losing_dialog (__main__.RecoverySafeModeContracts.test_answer_lifecycle_excludes_monitor_and_yields_losing_dialog) ... ok
test_application_safe_mode_cannot_latch_after_crashes_or_memory_pressure (__main__.RecoverySafeModeContracts.test_application_safe_mode_cannot_latch_after_crashes_or_memory_pressure) ... ok
test_emergency_colors_are_contrast_checked_and_report_fallback (__main__.RecoverySafeModeContracts.test_emergency_colors_are_contrast_checked_and_report_fallback) ... ok
test_helper_auto_requires_three_native_kiosk_failures (__main__.RecoverySafeModeContracts.test_helper_auto_requires_three_native_kiosk_failures) ... ok
test_helper_persists_configured_auto_and_temporarily_disarms_it (__main__.RecoverySafeModeContracts.test_helper_persists_configured_auto_and_temporarily_disarms_it) ... ok
test_higher_purpose_revision_demotes_answer_and_losing_idle_keeps_ui (__main__.RecoverySafeModeContracts.test_higher_purpose_revision_demotes_answer_and_losing_idle_keeps_ui) ... ok
test_ios5_call_cancel_retains_video_without_restarting_during_banner (__main__.RecoverySafeModeContracts.test_ios5_call_cancel_retains_video_without_restarting_during_banner) ... ok
test_ios5_call_deadline_is_not_extended_by_snapshot_refresh (__main__.RecoverySafeModeContracts.test_ios5_call_deadline_is_not_extended_by_snapshot_refresh) ... ok
test_ios5_deploy_restart_is_not_counted_as_a_crash (__main__.RecoverySafeModeContracts.test_ios5_deploy_restart_is_not_counted_as_a_crash) ... ok
test_ios5_fmp4_startup_waits_for_a_complete_gop_before_fallback (__main__.RecoverySafeModeContracts.test_ios5_fmp4_startup_waits_for_a_complete_gop_before_fallback) ... ok
test_ios5_hardware_decode_uses_a_uikit_bgra_compositor (__main__.RecoverySafeModeContracts.test_ios5_hardware_decode_uses_a_uikit_bgra_compositor) ... ok
test_ios5_local_safe_mode_exits_after_a_healthy_window (__main__.RecoverySafeModeContracts.test_ios5_local_safe_mode_exits_after_a_healthy_window) ... ok
test_ios5_local_safe_mode_state_is_visible_to_the_operator (__main__.RecoverySafeModeContracts.test_ios5_local_safe_mode_state_is_visible_to_the_operator) ... ok
test_ios5_memory_warning_and_diagnostic_trigger_share_one_handler (__main__.RecoverySafeModeContracts.test_ios5_memory_warning_and_diagnostic_trigger_share_one_handler) ... ok
test_ios5_requires_explicit_bootstrap_confirmation (__main__.RecoverySafeModeContracts.test_ios5_requires_explicit_bootstrap_confirmation) ... ok
test_ios5_restores_only_a_previously_targeted_unexpired_indoor_call (__main__.RecoverySafeModeContracts.test_ios5_restores_only_a_previously_targeted_unexpired_indoor_call) ... ok
test_ios5_safe_mode_keeps_audio_and_uses_only_bounded_jpeg (__main__.RecoverySafeModeContracts.test_ios5_safe_mode_keeps_audio_and_uses_only_bounded_jpeg) ... ok
test_ios5_stale_transition_completion_cannot_remove_current_screen (__main__.RecoverySafeModeContracts.test_ios5_stale_transition_completion_cannot_remove_current_screen) ... ok
test_ios_compat_publishes_persisted_process_health (__main__.RecoverySafeModeContracts.test_ios_compat_publishes_persisted_process_health) ... ok
test_modern_device_info_callback_reads_only_a_bounded_main_thread_cache (__main__.RecoverySafeModeContracts.test_modern_device_info_callback_reads_only_a_bounded_main_thread_cache) ... ok
test_modern_identity_restart_drains_core_without_blocking_main (__main__.RecoverySafeModeContracts.test_modern_identity_restart_drains_core_without_blocking_main) ... ok
test_modern_ios_compensates_every_scaled_control_hit_target (__main__.RecoverySafeModeContracts.test_modern_ios_compensates_every_scaled_control_hit_target) ... ok
test_modern_ios_media_caps_and_call_expiry_are_measured (__main__.RecoverySafeModeContracts.test_modern_ios_media_caps_and_call_expiry_are_measured) ... ok
test_modern_ios_memory_pressure_retains_call_controls_and_audio_dialog (__main__.RecoverySafeModeContracts.test_modern_ios_memory_pressure_retains_call_controls_and_audio_dialog) ... ok
test_modern_ios_requires_explicit_bootstrap_confirmation (__main__.RecoverySafeModeContracts.test_modern_ios_requires_explicit_bootstrap_confirmation) ... ok
test_restart_recovery_restores_waiting_ui_but_fails_missing_in_call_dialog (__main__.RecoverySafeModeContracts.test_restart_recovery_restores_waiting_ui_but_fails_missing_in_call_dialog) ... ok
test_tvos_manifest_and_alert_report_match_actual_in_app_behavior (__main__.RecoverySafeModeContracts.test_tvos_manifest_and_alert_report_match_actual_in_app_behavior) ... ok

----------------------------------------------------------------------
Ran 27 tests in 0.010s

OK
.....
----------------------------------------------------------------------
Ran 5 tests in 0.001s

OK
native settings contract test passed
test_native_settings_write_through_the_core_abi (__main__.AdminPasswordAndWriteContracts.test_native_settings_write_through_the_core_abi) ... ok
test_the_admin_gate_is_the_cluster_password_and_the_digest_is_migrated (__main__.AdminPasswordAndWriteContracts.test_the_admin_gate_is_the_cluster_password_and_the_digest_is_migrated) ... ok
test_pin_minting_never_opens_the_bulk_add_window (__main__.PairingFlowContracts.test_pin_minting_never_opens_the_bulk_add_window) ... ok
test_revocation_is_a_factory_reset_of_identity_and_setup (__main__.PairingFlowContracts.test_revocation_is_a_factory_reset_of_identity_and_setup) ... ok
test_every_screen_inks_text_per_region (__main__.ReadabilityContracts.test_every_screen_inks_text_per_region) ... ok
test_the_footer_and_the_sos_slider_share_one_computed_band (__main__.ReadabilityContracts.test_the_footer_and_the_sos_slider_share_one_computed_band) ... ok
test_choosers_hide_disabled_purposes_but_records_keep_them (__main__.VisitPurposeContracts.test_choosers_hide_disabled_purposes_but_records_keep_them) ... ok

----------------------------------------------------------------------
Ran 7 tests in 0.004s

OK
test_every_requested_icon_has_a_retina_copy (__main__.IconAssetContracts.test_every_requested_icon_has_a_retina_copy) ... ok
test_generated_icons_exist (__main__.IconAssetContracts.test_generated_icons_exist) ... ok
test_the_bundle_copies_the_generated_directory (__main__.IconAssetContracts.test_the_bundle_copies_the_generated_directory) ... ok

----------------------------------------------------------------------
Ran 3 tests in 0.015s

OK
pairing flow contract test passed
..
----------------------------------------------------------------------
Ran 2 tests in 0.000s

OK
..........................
----------------------------------------------------------------------
Ran 26 tests in 26.845s

OK
.......
----------------------------------------------------------------------
Ran 7 tests in 0.003s

OK
host tests passed
