== configure ios5-armv7-pjsip-off (build id: remediation-t35-compat-r1) ==
-- The C compiler identification is AppleClang 21.0.0.21000101
-- The CXX compiler identification is AppleClang 21.0.0.21000101
-- Detecting C compiler ABI info
-- Detecting C compiler ABI info - done
-- Check for working C compiler: /usr/bin/cc - skipped
-- Detecting C compile features
-- Detecting C compile features - done
-- Detecting CXX compiler ABI info
-- Detecting CXX compiler ABI info - done
-- Check for working CXX compiler: /usr/bin/c++ - skipped
-- Detecting CXX compile features
-- Detecting CXX compile features - done
-- PJSIP: disabled (using the sipctl stub)
-- Found Python3: /opt/homebrew/Frameworks/Python.framework/Versions/3.14/bin/python3.14 (found version "3.14.6") found components: Interpreter
-- Configuring done (0.7s)
-- Generating done (0.0s)
-- Build files have been written to: /Users/ox/Documents/project/app-doorbell/build/remediation-t35-compat/frozen-r1/build/ios-compat/ios5-armv7-pjsip-off
== build core ==
[  2%] Building C object CMakeFiles/db_third_party.dir/third_party/sqlite/sqlite3.c.o
[  8%] Building C object CMakeFiles/db_third_party.dir/third_party/civetweb/civetweb.c.o
[  8%] Building C object CMakeFiles/db_third_party.dir/third_party/cjson/cJSON.c.o
[  8%] Building C object CMakeFiles/db_third_party.dir/third_party/monocypher/monocypher.c.o
/Users/ox/Documents/project/app-doorbell/build/remediation-t35-compat/frozen-r1/core/third_party/sqlite/sqlite3.c:40328:8: warning: "gethostuuid() is disabled." [-W#warnings]
 40328 | #      warning "gethostuuid() is disabled."
       |        ^
[ 10%] Building C object CMakeFiles/db_third_party.dir/third_party/monocypher/monocypher-ed25519.c.o
[ 12%] Building C object CMakeFiles/db_third_party.dir/third_party/qrcodegen/qrcodegen.c.o
[ 14%] Building C object CMakeFiles/db_third_party.dir/third_party/quirc/quirc.c.o
[ 16%] Building C object CMakeFiles/db_third_party.dir/third_party/quirc/identify.c.o
[ 18%] Building C object CMakeFiles/db_third_party.dir/third_party/quirc/decode.c.o
[ 20%] Building C object CMakeFiles/db_third_party.dir/third_party/quirc/version_db.c.o
[ 22%] Building C object CMakeFiles/db_third_party.dir/third_party/stb/stb_image_impl.c.o
1 warning generated.
[ 24%] Linking C static library libdb_third_party.a
[ 24%] Built target db_third_party
[ 26%] Embedding webui assets
embed_webui: 23 assets, 1941221 bytes -> /Users/ox/Documents/project/app-doorbell/build/remediation-t35-compat/frozen-r1/build/ios-compat/ios5-armv7-pjsip-off/gen/webui_assets.cpp
[ 30%] Building CXX object CMakeFiles/doorbell_core.dir/src/bridge/telegram.cpp.o
[ 30%] Building CXX object CMakeFiles/doorbell_core.dir/src/bridge/mqtt_client.cpp.o
[ 32%] Building CXX object CMakeFiles/doorbell_core.dir/src/capi/doorbell_capi.cpp.o
[ 34%] Building CXX object CMakeFiles/doorbell_core.dir/src/bridge/ha_bridge.cpp.o
[ 36%] Building CXX object CMakeFiles/doorbell_core.dir/src/crdt/lww_map.cpp.o
[ 38%] Building CXX object CMakeFiles/doorbell_core.dir/src/events/event_log.cpp.o
[ 40%] Building CXX object CMakeFiles/doorbell_core.dir/src/events/rule_engine.cpp.o
[ 42%] Building CXX object CMakeFiles/doorbell_core.dir/src/httpd/httpd.cpp.o
[ 44%] Building CXX object CMakeFiles/doorbell_core.dir/src/media/fmp4.cpp.o
[ 46%] Building CXX object CMakeFiles/doorbell_core.dir/src/media/fmp4_demux.cpp.o
[ 48%] Building CXX object CMakeFiles/doorbell_core.dir/src/media/frame_bus.cpp.o
[ 50%] Building CXX object CMakeFiles/doorbell_core.dir/src/media/motion_detector.cpp.o
[ 52%] Building CXX object CMakeFiles/doorbell_core.dir/src/media/qr_scanner.cpp.o
[ 54%] Building CXX object CMakeFiles/doorbell_core.dir/src/media/video_track.cpp.o
[ 56%] Building CXX object CMakeFiles/doorbell_core.dir/src/mesh/inmem_net.cpp.o
[ 58%] Building CXX object CMakeFiles/doorbell_core.dir/src/mesh/mesh.cpp.o
[ 60%] Building CXX object CMakeFiles/doorbell_core.dir/src/mesh/secure_channel.cpp.o
[ 62%] Building CXX object CMakeFiles/doorbell_core.dir/src/mesh/tcp_transport.cpp.o
[ 64%] Building CXX object CMakeFiles/doorbell_core.dir/src/mesh/udp_beacon.cpp.o
[ 66%] Building CXX object CMakeFiles/doorbell_core.dir/src/node/config_edit_journal.cpp.o
[ 68%] Building CXX object CMakeFiles/doorbell_core.dir/src/node/node.cpp.o
/Users/ox/Documents/project/app-doorbell/build/remediation-t35-compat/frozen-r1/core/src/node/config_edit_journal.cpp:216:48: error: use of undeclared identifier 'genTokenHex'
  216 |     auto record = json::obj(); const auto id = genTokenHex(16);
      |                                                ^~~~~~~~~~~
1 error generated.
make[3]: *** [CMakeFiles/doorbell_core.dir/src/node/config_edit_journal.cpp.o] Error 1
make[3]: *** Waiting for unfinished jobs....
make[2]: *** [CMakeFiles/doorbell_core.dir/all] Error 2
make[1]: *** [CMakeFiles/doorbell_core.dir/rule] Error 2
make: *** [doorbell_core] Error 2
