-- GLOB mismatch!
The following files were added:
  +/Users/ox/Documents/project/app-doorbell/core/tests/test_operations_disk.cpp
-- PJSIP: disabled (using the sipctl stub)
-- Configuring done (0.3s)
-- Generating done (0.0s)
-- Build files have been written to: /Users/ox/Documents/project/app-doorbell/build/remediation-t05-20260922/normal
[ 14%] Built target db_third_party
[ 16%] Embedding webui assets
embed_webui: 23 assets, 1887195 bytes -> /Users/ox/Documents/project/app-doorbell/build/remediation-t05-20260922/normal/gen/webui_assets.cpp
[ 18%] Building CXX object CMakeFiles/doorbell_core.dir/src/node/node.cpp.o
[ 18%] Building CXX object CMakeFiles/doorbell_core.dir/gen/webui_assets.cpp.o
[ 19%] Linking CXX static library libdoorbell_core.a
[ 59%] Built target doorbell_core
[ 62%] Building CXX object CMakeFiles/doorbell_tests.dir/tests/test_operations_disk.cpp.o
[ 62%] Building CXX object CMakeFiles/doorbell_tests.dir/tests/test_operations.cpp.o
[ 62%] Building CXX object CMakeFiles/doorbell_tests.dir/tests/test_admin_api.cpp.o
[ 64%] Building CXX object CMakeFiles/doorbell_tests.dir/tests/test_panel.cpp.o
[ 65%] Linking CXX executable doorbell_tests
[100%] Built target doorbell_tests
