09-23 00:07:06 D [store] event pruning refused because no replicated coverage snapshot exists
09-23 00:07:06 I [store] pruned 3 replicated events
09-23 00:07:06 I [store] pruned 2 replicated events
09-23 00:07:06 I [store] pruned 3 replicated events
09-23 00:07:06 I [store] pruned 2 replicated events
09-23 00:07:08 E [store] SQL failed: file is not a database
09-23 00:07:08 W [store] database could not be opened; backed up and recreated: /tmp/doorbell_store_qbZb0K/db.sqlite.corrupt-1790089628
09-23 00:07:11 E [store] SQL failed: database is locked
09-23 00:07:11 E [store] database open failed without confirmed corruption; refusing to replace it
09-23 00:07:11 D [store] event pruning refused because no replicated coverage snapshot exists
09-23 00:07:11 D [store] event pruning refused because no replicated coverage snapshot exists
09-23 00:07:11 D [store] event pruning refused because no replicated coverage snapshot exists
09-23 00:07:11 D [store] event pruning refused because no replicated coverage snapshot exists
[doctest] doctest version is "2.4.11"
[doctest] run with "--help" for options
[operation-storage] rows=1 reserved_bytes=12288 database_bytes=4096 wal_bytes=263712 full_writes=1
===============================================================================
[doctest] test cases:    33 |    33 passed | 0 failed | 417 skipped
[doctest] assertions: 17124 | 17124 passed | 0 failed |
[doctest] Status: SUCCESS!
