admin logic tests: ok
admin runtime tests: ok
call flow tests: ok
T10-01 production page: PASS
T10-02 production page: PASS
T10-03 production page: PASS
T10-04 production page: PASS
call recovery controller tests: ok
T09 retained read deadline under independent scheduling: PASS
T09 retained early state failure recovery: PASS
call state controller tests: ok
pairing tests: ok
pairing uri tests: ok
panel i18n tests: ok
playback policy tests: ok
T09-01: silent production XHR times out once and releases its lane: PASS
T09-02: native timeout and watchdog settle once in both orders with no timers: PASS
T09-03: late cancelled success/error cannot replace or release the successor: PASS
T09-04: no AbortController, Promise or fetch; legacy XHR watchdog remains bounded: PASS
request deadline classifications, headers/body, frozen generation and no write retry: PASS
panel runtime tests: ok
service worker tests: ok
settings tests: ok
call return tests: ok
theme and notice tests: ok
video session tests: ok
PASS 15 production Web test scripts
