09-22 23:31:21 I [httpd] listening on 24323
09-22 23:31:26 W [httpd] handler timed out after 5000ms: /api/test-write
09-22 23:31:27 I [httpd] stopped
09-22 23:31:27 I [httpd] listening on 29196
09-22 23:31:32 W [httpd] handler timed out after 5000ms: /api/test-write
09-22 23:31:33 I [httpd] stopped
09-22 23:31:33 I [httpd] listening on 30303
09-22 23:31:38 W [httpd] handler timed out after 5000ms: /api/test-write
09-22 23:31:39 I [httpd] stopped
09-22 23:31:39 I [httpd] listening on 27317
09-22 23:31:44 W [httpd] handler timed out after 5000ms: /api/test-write
09-22 23:31:45 I [httpd] stopped
09-22 23:31:45 I [httpd] listening on 21170
09-22 23:31:50 W [httpd] handler timed out after 5000ms: /api/test-write
09-22 23:31:51 I [httpd] stopped
09-22 23:31:51 I [httpd] listening on 26143
09-22 23:31:56 W [httpd] handler timed out after 5000ms: /api/test-write
09-22 23:31:57 I [httpd] stopped
09-22 23:31:57 I [httpd] listening on 31945
09-22 23:32:03 I [httpd] stopped
09-22 23:32:03 I [httpd] listening on 24062
09-22 23:32:05 I [httpd] stopped
09-22 23:32:05 I [httpd] listening on 31430
09-22 23:32:07 I [httpd] stopped
09-22 23:32:07 I [httpd] listening on 20582
09-22 23:32:09 I [httpd] stopped
09-22 23:32:09 I [httpd] listening on 27068,[::]:27068
09-22 23:32:11 I [httpd] stopped
09-22 23:32:11 I [httpd] listening on 28396,[::]:28396
09-22 23:32:13 I [httpd] stopped
09-22 23:32:13 I [httpd] listening on 20677,[::]:20677
09-22 23:32:15 I [httpd] stopped
09-22 23:32:15 I [httpd] listening on 28060,[::]:28060
09-22 23:32:17 I [httpd] stopped
09-22 23:32:17 I [httpd] listening on 28084,[::]:28084
09-22 23:32:19 I [httpd] stopped
09-22 23:32:19 I [httpd] listening on 21467,[::]:21467
09-22 23:32:21 I [httpd] stopped
09-22 23:32:21 I [httpd] listening on 26283
09-22 23:32:23 I [httpd] stopped
09-22 23:32:23 I [httpd] listening on 25517,[::]:25517
09-22 23:32:25 I [httpd] stopped
09-22 23:32:25 W [httpd] civetweb: cannot bind to IPv6 [::]:23333: 48 (Address already in use)
09-22 23:32:25 W [httpd] civetweb: Failed to setup server ports
09-22 23:32:25 I [httpd] listening on 23333
09-22 23:32:27 I [httpd] stopped
[doctest] doctest version is "2.4.11"
[doctest] run with "--help" for options
===============================================================================
[doctest] test cases:  20 |  20 passed | 0 failed | 412 skipped
[doctest] assertions: 290 | 290 passed | 0 failed |
[doctest] Status: SUCCESS!
