[ 15%] Built target db_third_party
[ 19%] Building CXX object CMakeFiles/doorbell_core.dir/src/httpd/httpd.cpp.o
[ 19%] Building CXX object CMakeFiles/doorbell_core.dir/src/capi/doorbell_capi.cpp.o
[ 19%] Building CXX object CMakeFiles/doorbell_core.dir/src/node/node.cpp.o
[ 20%] Linking CXX static library libdoorbell_core.a
[ 60%] Built target doorbell_core
[ 62%] Building CXX object CMakeFiles/doorbell_tests.dir/tests/test_call_log.cpp.o
[ 62%] Building CXX object CMakeFiles/doorbell_tests.dir/tests/test_contracts_v2.cpp.o
[ 64%] Building CXX object CMakeFiles/doorbell_tests.dir/tests/test_assets.cpp.o
[ 65%] Building CXX object CMakeFiles/doorbell_tests.dir/tests/test_admin_api.cpp.o
[ 66%] Building CXX object CMakeFiles/doorbell_tests.dir/tests/test_display.cpp.o
[ 67%] Building CXX object CMakeFiles/doorbell_tests.dir/tests/test_emergency.cpp.o
[ 69%] Building CXX object CMakeFiles/doorbell_tests.dir/tests/test_fmp4.cpp.o
[ 70%] Building CXX object CMakeFiles/doorbell_tests.dir/tests/test_httpd.cpp.o
[ 71%] Building CXX object CMakeFiles/doorbell_tests.dir/tests/test_media.cpp.o
[ 73%] Building CXX object CMakeFiles/doorbell_tests.dir/tests/test_mqtt.cpp.o
[ 74%] Building CXX object CMakeFiles/doorbell_tests.dir/tests/test_node.cpp.o
[ 75%] Building CXX object CMakeFiles/doorbell_tests.dir/tests/test_panel.cpp.o
[ 76%] Building CXX object CMakeFiles/doorbell_tests.dir/tests/test_settings.cpp.o
[ 78%] Building CXX object CMakeFiles/doorbell_tests.dir/tests/test_sip.cpp.o
[ 79%] Building CXX object CMakeFiles/doorbell_tests.dir/tests/test_telegram.cpp.o
[ 80%] Building CXX object CMakeFiles/doorbell_tests.dir/tests/test_time.cpp.o
[ 82%] Building CXX object CMakeFiles/doorbell_tests.dir/tests/test_visitor.cpp.o
[ 83%] Linking CXX executable doorbell_tests
[100%] Built target doorbell_tests
