09-22 23:31:20 I [httpd] listening on 30754
09-22 23:31:25 W [httpd] handler timed out after 5000ms: /api/test-write
09-22 23:31:26 I [httpd] stopped
09-22 23:31:26 I [httpd] listening on 23827
09-22 23:31:31 W [httpd] handler timed out after 5000ms: /api/test-write
09-22 23:31:32 I [httpd] stopped
09-22 23:31:32 I [httpd] listening on 29243
09-22 23:31:37 W [httpd] handler timed out after 5000ms: /api/test-write
09-22 23:31:38 I [httpd] stopped
09-22 23:31:38 I [httpd] listening on 30005
09-22 23:31:43 W [httpd] handler timed out after 5000ms: /api/test-write
09-22 23:31:44 I [httpd] stopped
09-22 23:31:44 I [httpd] listening on 21293
09-22 23:31:49 W [httpd] handler timed out after 5000ms: /api/test-write
09-22 23:31:50 I [httpd] stopped
09-22 23:31:50 I [httpd] listening on 26585
09-22 23:31:55 W [httpd] handler timed out after 5000ms: /api/test-write
09-22 23:31:56 I [httpd] stopped
09-22 23:31:56 I [httpd] listening on 23767
09-22 23:32:02 I [httpd] stopped
09-22 23:32:02 I [httpd] listening on 23663
09-22 23:32:04 I [httpd] stopped
09-22 23:32:04 I [httpd] listening on 28106
09-22 23:32:06 I [httpd] stopped
09-22 23:32:06 I [httpd] listening on 20596
09-22 23:32:08 I [httpd] stopped
09-22 23:32:08 I [httpd] listening on 30098,[::]:30098
09-22 23:32:10 I [httpd] stopped
09-22 23:32:10 I [httpd] listening on 22932,[::]:22932
09-22 23:32:12 I [httpd] stopped
09-22 23:32:12 I [httpd] listening on 27003,[::]:27003
09-22 23:32:14 I [httpd] stopped
09-22 23:32:14 I [httpd] listening on 25539,[::]:25539
09-22 23:32:16 I [httpd] stopped
09-22 23:32:16 I [httpd] listening on 21096,[::]:21096
09-22 23:32:18 I [httpd] stopped
09-22 23:32:18 I [httpd] listening on 21729,[::]:21729
09-22 23:32:20 I [httpd] stopped
09-22 23:32:20 I [httpd] listening on 25642
09-22 23:32:22 I [httpd] stopped
09-22 23:32:22 I [httpd] listening on 27521,[::]:27521
09-22 23:32:24 I [httpd] stopped
09-22 23:32:24 W [httpd] civetweb: cannot bind to IPv6 [::]:25560: 48 (Address already in use)
09-22 23:32:24 W [httpd] civetweb: Failed to setup server ports
09-22 23:32:24 I [httpd] listening on 25560
09-22 23:32:26 I [httpd] stopped
[doctest] doctest version is "2.4.11"
[doctest] run with "--help" for options
===============================================================================
[doctest] test cases:  20 |  20 passed | 0 failed | 412 skipped
[doctest] assertions: 289 | 289 passed | 0 failed |
[doctest] Status: SUCCESS!
