DriverKit SDKs:
	DriverKit 25.5                	-sdk driverkit25.5

iOS SDKs:
	iOS 26.5                      	-sdk iphoneos26.5

iOS Simulator SDKs:
	Simulator - iOS 26.5          	-sdk iphonesimulator26.5

macOS SDKs:
	macOS 26.5                    	-sdk macosx26.5
	macOS 26.5                    	-sdk macosx26.5

tvOS SDKs:
	tvOS 26.5                     	-sdk appletvos26.5

tvOS Simulator SDKs:
	Simulator - tvOS 26.5         	-sdk appletvsimulator26.5

visionOS SDKs:
	visionOS 26.5                 	-sdk xros26.5

visionOS Simulator SDKs:
	Simulator - visionOS 26.5     	-sdk xrsimulator26.5

watchOS SDKs:
	watchOS 26.5                  	-sdk watchos26.5

watchOS Simulator SDKs:
	Simulator - watchOS 26.5      	-sdk watchsimulator26.5

