09-23 00:37:24 I [node] addr-detect: local v4=1 all=6 route=10.10.38.24 advertise=10.10.38.24:23417
09-23 00:37:24 I [httpd] listening on 23683,[::]:23683
09-23 00:37:24 D [store] event pruning refused because no replicated coverage snapshot exists
09-23 00:37:24 I [node] node c2e45c61 (doorbell) started
09-23 00:37:24 I [node] initialized the cluster administrator password
09-23 00:37:26 I [httpd] stopped
09-23 00:37:26 I [node] addr-detect: local v4=1 all=6 route=10.10.38.24 advertise=10.10.38.24:27751
09-23 00:37:26 I [httpd] listening on 31867,[::]:31867
09-23 00:37:26 D [store] event pruning refused because no replicated coverage snapshot exists
09-23 00:37:26 I [node] node 1234e930 (doorbell) started
09-23 00:37:28 I [httpd] stopped
09-23 00:37:28 I [node] addr-detect: local v4=1 all=6 route=10.10.38.24 advertise=10.10.38.24:29073
09-23 00:37:28 I [httpd] listening on 26810,[::]:26810
09-23 00:37:28 D [store] event pruning refused because no replicated coverage snapshot exists
09-23 00:37:28 I [node] node 5a7e0f62 (doorbell) started
[doctest] doctest version is "2.4.11"
[doctest] run with "--help" for options
===============================================================================
/Users/ox/Documents/project/app-doorbell/build/remediation-t26-20260923/green-source-r1/core/tests/test_admin_api.cpp:2392:
TEST CASE:  config CAS: invalid batches and failed durable commits publish nothing

/Users/ox/Documents/project/app-doorbell/build/remediation-t26-20260923/green-source-r1/core/tests/test_admin_api.cpp:2404: ERROR: CHECK_FALSE( json::getBool(rejected.get(), "ok") ) is NOT correct!
  values: CHECK_FALSE( true )

/Users/ox/Documents/project/app-doorbell/build/remediation-t26-20260923/green-source-r1/core/tests/test_admin_api.cpp:2405: ERROR: CHECK( json::getString(rejected.get(), "error_code") == "invalid_request" ) is NOT correct!
  values: CHECK(  == invalid_request )

/Users/ox/Documents/project/app-doorbell/build/remediation-t26-20260923/green-source-r1/core/tests/test_admin_api.cpp:2406: ERROR: CHECK( node.configJson() == before ) is NOT correct!
  values: CHECK( {"audio":{"volume":{"call":80,"idle":60,"sos":100}},"cas":{"document":{"future":42,"name":"invalid"}},"devices":{"5a7e0f62c8680a96414798f11e3f4825":{"name":"doorbell","role":"door_station"}},"doors":{"front":{"call":{"return_s":-1}}},"emergency":{"trigger":{"countdown_s":3,"mode":"slide"}},"integrations":{"tz_offset_min":540},"notice":{"presets":[{"id":"np_absent","text":"不在です。荷物は玄関前へお願いします"},{"id":"np_back_door","text":"裏口へお回りください"},{"id":"np_construction","text":"工事中です。足元にご注意ください"}]},"quick_replies":{"qr_away":{"label":{"ja":"ただいま留守にしています","en":"We are away right now","zh":"现在不在家"},"speak":true,"order":1},"qr_no":{"label":{"ja":"結構です","en":"Not interested","zh":"不需要，谢谢"},"speak":true,"order":2},"qr_wait":{"label":{"ja":"少々お待ちください","en":"One moment please","zh":"请稍等"},"speak":true,"order":4},"qr_wrong":{"label":{"ja":"お間違いのようです","en":"Wrong address","zh":"您可能找错地方了"},"speak":true,"order":3}},"reply":{"display_ttl_s":30},"schema_version":1,"time":{"ntp":{"enabled":false,"interval_s":86400,"servers":["ntp.nict.jp","time.google.com"]},"zone":"Asia/Tokyo"},"trigger_rules":{"r_missed_call_default":{"enabled":true,"when":{"type":"call_missed"},"actions":[{"type":"device_alert","targets":{"roles":["indoor_panel"],"web_profiles":"all"},"channels":["in_app","system_notification","web_push"],"presentation":{"visual":true,"sticky":false,"ttl_s":30}}]},"r_sos_default_off":{"enabled":true,"when":{"type":"emergency_off"},"actions":[{"type":"device_alert","targets":{"roles":"all","web_profiles":"all"},"channels":["in_app","system_notification","web_push"],"never_suppress":true,"presentation":{"visual":true,"sticky":false,"ttl_s":10}},{"type":"telegram","never_suppress":true,"households":"all"}]},"r_sos_default_on":{"enabled":true,"when":{"type":"emergency_on"},"actions":[{"type":"device_alert","targets":{"roles":"all","web_profiles":"all"},"channels":["in_app","system_notification","web_push"],"never_suppress":true,"presentation":{"visual":true,"sticky":true,"ttl_s":0}},{"type":"telegram","never_suppress":true,"households":"all"}]}},"ui":{"button_sound":"button_click","call_flow":"purpose_first","call_sound":"outdoor_call_alert","call_sound_loop":false,"call_ttl_s":60,"languages":["ja","en","zh"],"launch_sound":"title_display","ringtone":"school_chime","update_sound":"indoor_update","visitor_lang_revert_s":60},"visit_purposes":{"p_delivery":{"label":{"ja":"宅配便","en":"Delivery","zh":"快递"},"icon":"📦","order":2},"p_mail":{"label":{"ja":"郵便","en":"Mail","zh":"邮件"},"icon":"✉️","order":3},"p_other":{"label":{"ja":"その他","en":"Other","zh":"其他"},"icon":"❓","order":6},"p_sales":{"label":{"ja":"営業・集金","en":"Sales","zh":"推销/收费"},"icon":"💼","order":4},"p_visit":{"label":{"ja":"訪問","en":"Visit","zh":"访客"},"icon":"🏠","order":1},"p_work":{"label":{"ja":"検針・工事","en":"Utility","zh":"检修/施工"},"icon":"🔧","order":5}}} == {"audio":{"volume":{"call":80,"idle":60,"sos":100}},"cas":{"document":{"name":"base","future":42}},"devices":{"5a7e0f62c8680a96414798f11e3f4825":{"name":"doorbell","role":"door_station"}},"emergency":{"trigger":{"countdown_s":3,"mode":"slide"}},"integrations":{"tz_offset_min":540},"notice":{"presets":[{"id":"np_absent","text":"不在です。荷物は玄関前へお願いします"},{"id":"np_back_door","text":"裏口へお回りください"},{"id":"np_construction","text":"工事中です。足元にご注意ください"}]},"quick_replies":{"qr_away":{"label":{"ja":"ただいま留守にしています","en":"We are away right now","zh":"现在不在家"},"speak":true,"order":1},"qr_no":{"label":{"ja":"結構です","en":"Not interested","zh":"不需要，谢谢"},"speak":true,"order":2},"qr_wait":{"label":{"ja":"少々お待ちください","en":"One moment please","zh":"请稍等"},"speak":true,"order":4},"qr_wrong":{"label":{"ja":"お間違いのようです","en":"Wrong address","zh":"您可能找错地方了"},"speak":true,"order":3}},"reply":{"display_ttl_s":30},"schema_version":1,"time":{"ntp":{"enabled":false,"interval_s":86400,"servers":["ntp.nict.jp","time.google.com"]},"zone":"Asia/Tokyo"},"trigger_rules":{"r_missed_call_default":{"enabled":true,"when":{"type":"call_missed"},"actions":[{"type":"device_alert","targets":{"roles":["indoor_panel"],"web_profiles":"all"},"channels":["in_app","system_notification","web_push"],"presentation":{"visual":true,"sticky":false,"ttl_s":30}}]},"r_sos_default_off":{"enabled":true,"when":{"type":"emergency_off"},"actions":[{"type":"device_alert","targets":{"roles":"all","web_profiles":"all"},"channels":["in_app","system_notification","web_push"],"never_suppress":true,"presentation":{"visual":true,"sticky":false,"ttl_s":10}},{"type":"telegram","never_suppress":true,"households":"all"}]},"r_sos_default_on":{"enabled":true,"when":{"type":"emergency_on"},"actions":[{"type":"device_alert","targets":{"roles":"all","web_profiles":"all"},"channels":["in_app","system_notification","web_push"],"never_suppress":true,"presentation":{"visual":true,"sticky":true,"ttl_s":0}},{"type":"telegram","never_suppress":true,"households":"all"}]}},"ui":{"button_sound":"button_click","call_flow":"purpose_first","call_sound":"outdoor_call_alert","call_sound_loop":false,"call_ttl_s":60,"languages":["ja","en","zh"],"launch_sound":"title_display","ringtone":"school_chime","update_sound":"indoor_update","visitor_lang_revert_s":60},"visit_purposes":{"p_delivery":{"label":{"ja":"宅配便","en":"Delivery","zh":"快递"},"icon":"📦","order":2},"p_mail":{"label":{"ja":"郵便","en":"Mail","zh":"邮件"},"icon":"✉️","order":3},"p_other":{"label":{"ja":"その他","en":"Other","zh":"其他"},"icon":"❓","order":6},"p_sales":{"label":{"ja":"営業・集金","en":"Sales","zh":"推销/收费"},"icon":"💼","order":4},"p_visit":{"label":{"ja":"訪問","en":"Visit","zh":"访客"},"icon":"🏠","order":1},"p_work":{"label":{"ja":"検針・工事","en":"Utility","zh":"检修/施工"},"icon":"🔧","order":5}}} )

/Users/ox/Documents/project/app-doorbell/build/remediation-t26-20260923/green-source-r1/core/tests/test_admin_api.cpp:2407: ERROR: CHECK( casRevision(node) == revision ) is NOT correct!
  values: CHECK( d25a1776d4eacbd4003317d1a4e8359c:f53389749506c5cd3f16c32f5a7135f828728571f172059a34bd7e06e2499922 == d25a1776d4eacbd4003317d1a4e8359c:065402f3db6489fcfd56de359b8987eea352e85273904853941ecb60e38297a3 )

/Users/ox/Documents/project/app-doorbell/build/remediation-t26-20260923/green-source-r1/core/tests/test_admin_api.cpp:2413: ERROR: CHECK( json::getString(rejected.get(), "error_code") == "config_persistence_failed" ) is NOT correct!
  values: CHECK( config_conflict == config_persistence_failed )

/Users/ox/Documents/project/app-doorbell/build/remediation-t26-20260923/green-source-r1/core/tests/test_admin_api.cpp:2414: ERROR: CHECK( node.configJson() == before ) is NOT correct!
  values: CHECK( {"audio":{"volume":{"call":80,"idle":60,"sos":100}},"cas":{"document":{"future":42,"name":"invalid"}},"devices":{"5a7e0f62c8680a96414798f11e3f4825":{"name":"doorbell","role":"door_station"}},"doors":{"front":{"call":{"return_s":-1}}},"emergency":{"trigger":{"countdown_s":3,"mode":"slide"}},"integrations":{"tz_offset_min":540},"notice":{"presets":[{"id":"np_absent","text":"不在です。荷物は玄関前へお願いします"},{"id":"np_back_door","text":"裏口へお回りください"},{"id":"np_construction","text":"工事中です。足元にご注意ください"}]},"quick_replies":{"qr_away":{"label":{"ja":"ただいま留守にしています","en":"We are away right now","zh":"现在不在家"},"speak":true,"order":1},"qr_no":{"label":{"ja":"結構です","en":"Not interested","zh":"不需要，谢谢"},"speak":true,"order":2},"qr_wait":{"label":{"ja":"少々お待ちください","en":"One moment please","zh":"请稍等"},"speak":true,"order":4},"qr_wrong":{"label":{"ja":"お間違いのようです","en":"Wrong address","zh":"您可能找错地方了"},"speak":true,"order":3}},"reply":{"display_ttl_s":30},"schema_version":1,"time":{"ntp":{"enabled":false,"interval_s":86400,"servers":["ntp.nict.jp","time.google.com"]},"zone":"Asia/Tokyo"},"trigger_rules":{"r_missed_call_default":{"enabled":true,"when":{"type":"call_missed"},"actions":[{"type":"device_alert","targets":{"roles":["indoor_panel"],"web_profiles":"all"},"channels":["in_app","system_notification","web_push"],"presentation":{"visual":true,"sticky":false,"ttl_s":30}}]},"r_sos_default_off":{"enabled":true,"when":{"type":"emergency_off"},"actions":[{"type":"device_alert","targets":{"roles":"all","web_profiles":"all"},"channels":["in_app","system_notification","web_push"],"never_suppress":true,"presentation":{"visual":true,"sticky":false,"ttl_s":10}},{"type":"telegram","never_suppress":true,"households":"all"}]},"r_sos_default_on":{"enabled":true,"when":{"type":"emergency_on"},"actions":[{"type":"device_alert","targets":{"roles":"all","web_profiles":"all"},"channels":["in_app","system_notification","web_push"],"never_suppress":true,"presentation":{"visual":true,"sticky":true,"ttl_s":0}},{"type":"telegram","never_suppress":true,"households":"all"}]}},"ui":{"button_sound":"button_click","call_flow":"purpose_first","call_sound":"outdoor_call_alert","call_sound_loop":false,"call_ttl_s":60,"languages":["ja","en","zh"],"launch_sound":"title_display","ringtone":"school_chime","update_sound":"indoor_update","visitor_lang_revert_s":60},"visit_purposes":{"p_delivery":{"label":{"ja":"宅配便","en":"Delivery","zh":"快递"},"icon":"📦","order":2},"p_mail":{"label":{"ja":"郵便","en":"Mail","zh":"邮件"},"icon":"✉️","order":3},"p_other":{"label":{"ja":"その他","en":"Other","zh":"其他"},"icon":"❓","order":6},"p_sales":{"label":{"ja":"営業・集金","en":"Sales","zh":"推销/收费"},"icon":"💼","order":4},"p_visit":{"label":{"ja":"訪問","en":"Visit","zh":"访客"},"icon":"🏠","order":1},"p_work":{"label":{"ja":"検針・工事","en":"Utility","zh":"检修/施工"},"icon":"🔧","order":5}}} == {"audio":{"volume":{"call":80,"idle":60,"sos":100}},"cas":{"document":{"name":"base","future":42}},"devices":{"5a7e0f62c8680a96414798f11e3f4825":{"name":"doorbell","role":"door_station"}},"emergency":{"trigger":{"countdown_s":3,"mode":"slide"}},"integrations":{"tz_offset_min":540},"notice":{"presets":[{"id":"np_absent","text":"不在です。荷物は玄関前へお願いします"},{"id":"np_back_door","text":"裏口へお回りください"},{"id":"np_construction","text":"工事中です。足元にご注意ください"}]},"quick_replies":{"qr_away":{"label":{"ja":"ただいま留守にしています","en":"We are away right now","zh":"现在不在家"},"speak":true,"order":1},"qr_no":{"label":{"ja":"結構です","en":"Not interested","zh":"不需要，谢谢"},"speak":true,"order":2},"qr_wait":{"label":{"ja":"少々お待ちください","en":"One moment please","zh":"请稍等"},"speak":true,"order":4},"qr_wrong":{"label":{"ja":"お間違いのようです","en":"Wrong a09-23 00:37:30 I [httpd] stopped
09-23 00:37:30 I [node] addr-detect: local v4=1 all=6 route=10.10.38.24 advertise=10.10.38.24:28217
09-23 00:37:30 I [httpd] listening on 24085,[::]:24085
09-23 00:37:30 D [store] event pruning refused because no replicated coverage snapshot exists
09-23 00:37:30 I [node] node 80bb9b3a (doorbell) started
09-23 00:37:30 I [node] initialized the cluster administrator password
09-23 00:37:32 I [httpd] stopped
09-23 00:37:32 I [node] addr-detect: local v4=1 all=6 route=10.10.38.24 advertise=10.10.38.24:29311
09-23 00:37:32 I [httpd] listening on 20366,[::]:20366
09-23 00:37:32 D [store] event pruning refused because no replicated coverage snapshot exists
09-23 00:37:32 I [node] node 004ad52a (doorbell) started
09-23 00:37:32 I [node] initialized the cluster administrator password
09-23 00:37:34 I [httpd] stopped
09-23 00:37:34 I [node] addr-detect: local v4=1 all=6 route=10.10.38.24 advertise=10.10.38.24:0
09-23 00:37:34 D [store] event pruning refused because no replicated coverage snapshot exists
09-23 00:37:34 I [node] node f8af402f (doorbell) started
ddress","zh":"您可能找错地方了"},"speak":true,"order":3}},"reply":{"display_ttl_s":30},"schema_version":1,"time":{"ntp":{"enabled":false,"interval_s":86400,"servers":["ntp.nict.jp","time.google.com"]},"zone":"Asia/Tokyo"},"trigger_rules":{"r_missed_call_default":{"enabled":true,"when":{"type":"call_missed"},"actions":[{"type":"device_alert","targets":{"roles":["indoor_panel"],"web_profiles":"all"},"channels":["in_app","system_notification","web_push"],"presentation":{"visual":true,"sticky":false,"ttl_s":30}}]},"r_sos_default_off":{"enabled":true,"when":{"type":"emergency_off"},"actions":[{"type":"device_alert","targets":{"roles":"all","web_profiles":"all"},"channels":["in_app","system_notification","web_push"],"never_suppress":true,"presentation":{"visual":true,"sticky":false,"ttl_s":10}},{"type":"telegram","never_suppress":true,"households":"all"}]},"r_sos_default_on":{"enabled":true,"when":{"type":"emergency_on"},"actions":[{"type":"device_alert","targets":{"roles":"all","web_profiles":"all"},"channels":["in_app","system_notification","web_push"],"never_suppress":true,"presentation":{"visual":true,"sticky":true,"ttl_s":0}},{"type":"telegram","never_suppress":true,"households":"all"}]}},"ui":{"button_sound":"button_click","call_flow":"purpose_first","call_sound":"outdoor_call_alert","call_sound_loop":false,"call_ttl_s":60,"languages":["ja","en","zh"],"launch_sound":"title_display","ringtone":"school_chime","update_sound":"indoor_update","visitor_lang_revert_s":60},"visit_purposes":{"p_delivery":{"label":{"ja":"宅配便","en":"Delivery","zh":"快递"},"icon":"📦","order":2},"p_mail":{"label":{"ja":"郵便","en":"Mail","zh":"邮件"},"icon":"✉️","order":3},"p_other":{"label":{"ja":"その他","en":"Other","zh":"其他"},"icon":"❓","order":6},"p_sales":{"label":{"ja":"営業・集金","en":"Sales","zh":"推销/收费"},"icon":"💼","order":4},"p_visit":{"label":{"ja":"訪問","en":"Visit","zh":"访客"},"icon":"🏠","order":1},"p_work":{"label":{"ja":"検針・工事","en":"Utility","zh":"检修/施工"},"icon":"🔧","order":5}}} )

/Users/ox/Documents/project/app-doorbell/build/remediation-t26-20260923/green-source-r1/core/tests/test_admin_api.cpp:2415: ERROR: CHECK( casRevision(node) == revision ) is NOT correct!
  values: CHECK( d25a1776d4eacbd4003317d1a4e8359c:f53389749506c5cd3f16c32f5a7135f828728571f172059a34bd7e06e2499922 == d25a1776d4eacbd4003317d1a4e8359c:065402f3db6489fcfd56de359b8987eea352e85273904853941ecb60e38297a3 )

/Users/ox/Documents/project/app-doorbell/build/remediation-t26-20260923/green-source-r1/core/tests/test_admin_api.cpp:2418: ERROR: CHECK( json::getBool(accepted.get(), "ok") ) is NOT correct!
  values: CHECK( false )

/Users/ox/Documents/project/app-doorbell/build/remediation-t26-20260923/green-source-r1/core/tests/test_admin_api.cpp:2431: ERROR: CHECK( json::getBool(cas, "other") ) is NOT correct!
  values: CHECK( false )

/Users/ox/Documents/project/app-doorbell/build/remediation-t26-20260923/green-source-r1/core/tests/test_admin_api.cpp:2432: ERROR: CHECK( json::getString(json::get(cas, "document"), "name") == "committed" ) is NOT correct!
  values: CHECK( invalid == committed )

===============================================================================
[doctest] test cases:   6 |   5 passed |  1 failed | 455 skipped
[doctest] assertions: 270 | 260 passed | 10 failed |
[doctest] Status: FAILURE!
