09-23 00:23:37 I [node] addr-detect: local v4=1 all=6 route=10.10.38.24 advertise=10.10.38.24:21360
09-23 00:23:37 I [httpd] listening on 20897,[::]:20897
09-23 00:23:37 D [store] event pruning refused because no replicated coverage snapshot exists
09-23 00:23:37 I [node] node 228b46b1 (doorbell) started
09-23 00:23:37 I [node] initialized the cluster administrator password
09-23 00:23:39 I [httpd] stopped
[doctest] doctest version is "2.4.11"
[doctest] run with "--help" for options
===============================================================================
/Users/ox/Documents/project/app-doorbell/build/remediation-t26-20260923/red-source/core/tests/test_admin_api.cpp:2304:
TEST CASE:  admin API: configuration conditional batch rejects a stale shared base

/Users/ox/Documents/project/app-doorbell/build/remediation-t26-20260923/red-source/core/tests/test_admin_api.cpp:2334: ERROR: CHECK( second.find("HTTP/1.1 409") == 0 ) is NOT correct!
  values: CHECK( 18446744073709551615 == 0 )

/Users/ox/Documents/project/app-doorbell/build/remediation-t26-20260923/red-source/core/tests/test_admin_api.cpp:2335: ERROR: CHECK( second.find("config_conflict") != std::string::npos ) is NOT correct!
  values: CHECK( 18446744073709551615 != 18446744073709551615 )

/Users/ox/Documents/project/app-doorbell/build/remediation-t26-20260923/red-source/core/tests/test_admin_api.cpp:2338: ERROR: CHECK( current.find("second") == std::string::npos ) is NOT correct!
  values: CHECK( 283 == 18446744073709551615 )

===============================================================================
[doctest] test cases:  1 |  0 passed | 1 failed | 450 skipped
[doctest] assertions: 20 | 17 passed | 3 failed |
[doctest] Status: FAILURE!
