[ 13%] Built target db_third_party
[ 15%] Building CXX object CMakeFiles/doorbell_core.dir/src/capi/doorbell_capi.cpp.o
[ 15%] Building CXX object CMakeFiles/doorbell_core.dir/src/node/node.cpp.o
[ 16%] Linking CXX static library libdoorbell_core.a
[ 53%] Built target doorbell_core
[ 54%] Building CXX object CMakeFiles/doorbell.dir/src/capi/doorbell_capi.cpp.o
[ 57%] Building CXX object CMakeFiles/doorbell_host.dir/host/main.cpp.o
[ 57%] Linking CXX executable doorbell_video_decode_probe
[ 58%] Built target doorbell_video_decode_probe
[ 60%] Building CXX object CMakeFiles/doorbell_tests.dir/tests/test_admin_api.cpp.o
[ 60%] Building CXX object CMakeFiles/doorbell_tests.dir/tests/test_assets.cpp.o
[ 61%] Linking CXX executable doorbell_host
[ 61%] Built target doorbell_host
[ 62%] Building CXX object CMakeFiles/doorbell_tests.dir/tests/test_call_log.cpp.o
[ 63%] Linking CXX shared library libdoorbell.dylib
[ 63%] Built target doorbell
[ 64%] Building CXX object CMakeFiles/doorbell_tests.dir/tests/test_contracts_v2.cpp.o
[ 65%] Building CXX object CMakeFiles/doorbell_tests.dir/tests/test_display.cpp.o
[ 67%] Building CXX object CMakeFiles/doorbell_tests.dir/tests/test_emergency.cpp.o
[ 68%] Building CXX object CMakeFiles/doorbell_tests.dir/tests/test_fmp4.cpp.o
[ 69%] Building CXX object CMakeFiles/doorbell_tests.dir/tests/test_media.cpp.o
[ 70%] Building CXX object CMakeFiles/doorbell_tests.dir/tests/test_media_publish.cpp.o
[ 71%] Building CXX object CMakeFiles/doorbell_tests.dir/tests/test_mqtt.cpp.o
[ 72%] Building CXX object CMakeFiles/doorbell_tests.dir/tests/test_node.cpp.o
[ 73%] Building CXX object CMakeFiles/doorbell_tests.dir/tests/test_operations_http.cpp.o
[ 74%] Building CXX object CMakeFiles/doorbell_tests.dir/tests/test_operations_service.cpp.o
[ 75%] Building CXX object CMakeFiles/doorbell_tests.dir/tests/test_panel.cpp.o
[ 76%] Building CXX object CMakeFiles/doorbell_tests.dir/tests/test_settings.cpp.o
[ 78%] Building CXX object CMakeFiles/doorbell_tests.dir/tests/test_sip.cpp.o
[ 79%] Building CXX object CMakeFiles/doorbell_tests.dir/tests/test_telegram.cpp.o
[ 80%] Building CXX object CMakeFiles/doorbell_tests.dir/tests/test_time.cpp.o
[ 81%] Building CXX object CMakeFiles/doorbell_tests.dir/tests/test_visitor.cpp.o
[ 82%] Linking CXX executable doorbell_tests
[100%] Built target doorbell_tests
