[ 14%] Built target db_third_party
[ 55%] Built target doorbell_core
[ 58%] Built target doorbell_video_decode_probe
[ 63%] Built target doorbell_host
[ 63%] Built target doorbell
[ 66%] Building CXX object CMakeFiles/doorbell_tests.dir/tests/test_display.cpp.o
[ 66%] Building CXX object CMakeFiles/doorbell_tests.dir/tests/test_admin_api.cpp.o
[ 66%] Building CXX object CMakeFiles/doorbell_tests.dir/tests/test_contracts_v2.cpp.o
[ 67%] Building CXX object CMakeFiles/doorbell_tests.dir/tests/test_emergency.cpp.o
[ 69%] Building CXX object CMakeFiles/doorbell_tests.dir/tests/test_fmp4.cpp.o
[ 70%] Building CXX object CMakeFiles/doorbell_tests.dir/tests/test_media.cpp.o
[ 71%] Building CXX object CMakeFiles/doorbell_tests.dir/tests/test_mqtt.cpp.o
[ 72%] Building CXX object CMakeFiles/doorbell_tests.dir/tests/test_node.cpp.o
[ 73%] Building CXX object CMakeFiles/doorbell_tests.dir/tests/test_panel.cpp.o
[ 75%] Building CXX object CMakeFiles/doorbell_tests.dir/tests/test_settings.cpp.o
[ 76%] Building CXX object CMakeFiles/doorbell_tests.dir/tests/test_sip.cpp.o
[ 77%] Building CXX object CMakeFiles/doorbell_tests.dir/tests/test_telegram.cpp.o
[ 78%] Building CXX object CMakeFiles/doorbell_tests.dir/tests/test_time.cpp.o
[ 79%] Building CXX object CMakeFiles/doorbell_tests.dir/tests/test_visitor.cpp.o
[ 80%] Linking CXX executable doorbell_tests
[100%] Built target doorbell_tests
