INSTRUMENTATION_RESULT: stream={
  "phase": "green",
  "orientation": "portrait",
  "font_scale": 1,
  "source_id": "2657d94eae25128572923ba097e4f67d78926b682042507f6c69aae91df68311",
  "results": [
    {
      "id": "T35-01 purpose_first",
      "status": "PASS"
    },
    {
      "id": "T35-01 ring_then_purpose",
      "status": "PASS"
    },
    {
      "id": "T35-02 stable slot and gesture ownership",
      "status": "PASS"
    },
    {
      "id": "T35-03 neutral recovery and accessible SOS",
      "status": "PASS"
    },
    {
      "id": "T35-04 long text and scaled primary actions",
      "status": "PASS"
    }
  ],
  "core_started": false,
  "failure": null
}
INSTRUMENTATION_CODE: -1
